--------- beginning of main
05-11 07:14:16.213  2838  3055 I BistoHotwordHelper: (REDACTED) getHotwordActive::active query: %s, watch: %s, devices connected: %s
05-11 07:14:27.194   605   850 D androidtc: Initializing SystemTextClassifier, type = System
05-11 07:14:27.205   894   894 I ClipboardListener: Clipboard overlay suppressed.
05-11 07:14:27.205  3522  3522 I AiAiTextClassifier: onCreateTextClassificationSession = TextClassificationSessionId {ca8333b9-792b-4f07-beb2-bb6d3d7cfede}
05-11 07:14:27.211  3522  3606 I AiAiTranslate: C2T - not in a conversation
05-11 07:14:27.238  3522  3613 I AiAiTextClassifier: GenerateLinks did not find valid links, returning empty result
05-11 07:14:27.243   894   894 I ClipboardListener: Clipboard overlay suppressed.
05-11 07:14:27.252  3522  3613 I AiAiTextClassifier: GenerateLinks did not find valid links, returning empty result
05-11 07:14:33.857   894  1088 D EGL_emulation: app_time_stats: avg=33770.16ms min=33770.16ms max=33770.16ms count=1
05-11 07:14:42.838   894   894 D ZenModeController: Added callback class com.android.systemui.qs.tiles.DndTile$3
05-11 07:14:42.845   894   894 D ZenModeController: Removed callback class com.android.systemui.qs.tiles.DndTile$3
05-11 07:14:42.845   894  1039 I QuickAccessWalletTile: QAW service is unavailable, recreating the wallet client.
05-11 07:14:42.853   894  1039 D ControlsListingControllerImpl: Subscribing callback, service count: 0
05-11 07:14:42.857   894  1039 D ControlsListingControllerImpl: Unsubscribing callback
05-11 07:14:45.950   605  2953 D WifiNl80211Manager: Scan result ready event
05-11 07:14:45.950   605  2953 D WifiNative: Scan result ready event
05-11 07:14:45.959   605   771 I HalDevMgr: bestIfaceCreationProposal is null, requestIface=STA, existingIface=[name=wlan0 type=STA]
05-11 07:14:55.253   605   850 D androidtc: Initializing SystemTextClassifier, type = System
05-11 07:14:55.263   894   894 I ClipboardListener: Clipboard overlay suppressed.
05-11 07:14:55.270  3522  3606 I AiAiTranslate: C2T - not in a conversation
05-11 07:14:55.274  3522  3522 I AiAiTextClassifier: onCreateTextClassificationSession = TextClassificationSessionId {9f8f81da-f223-4199-bfde-f7b8fbc95f20}
05-11 07:14:55.306  3522  3613 I AiAiTextClassifier: GenerateLinks did not find valid links, returning empty result
05-11 07:14:55.311   894   894 I ClipboardListener: Clipboard overlay suppressed.
05-11 07:14:55.322  3522  3613 I AiAiTextClassifier: GenerateLinks did not find valid links, returning empty result
--------- beginning of system
05-11 07:14:58.839   605  1230 I ActivityManager: Force stopping com.example.expensetracker appid=10211 user=0: from pid 6263
05-11 07:14:58.881   605  1230 I ActivityManager: Killing 5131:com.google.android.apps.safetyhub/u0a141 (adj 985): empty #17
05-11 07:14:58.900   605  1230 I AppsFilter: interaction: PackageSetting{c897856 com.example.myapplication/10209} -> PackageSetting{2063685 com.example.expensetracker/10211} BLOCKED
05-11 07:14:58.901   605  1230 I AppsFilter: interaction: PackageSetting{d0e2dc4 com.android.microdroid.empty_payload/10204} -> PackageSetting{2063685 com.example.expensetracker/10211} BLOCKED
05-11 07:14:58.938  3231  3231 D CarrierSvcBindHelper: onHandleForceStop: [com.example.expensetracker]
05-11 07:14:58.963  3231  3231 D CarrierSvcBindHelper: No carrier app for: 0
05-11 07:14:59.065  4034  4105 W Bugle   : TextClassifierLibManagerImpl: Reclaiming memory at level: 40
05-11 07:14:59.075  6269  6269 E Parcel  : Reading a NULL string not supported here.
05-11 07:14:59.113  6269  6269 E IPCThreadState: Binder transaction failure. id: 565615, BR_*: 29201, error: -1 (Operation not permitted)
05-11 07:14:59.123  6269  6269 E IPCThreadState: Binder transaction failure. id: 565620, BR_*: 29201, error: -1 (Operation not permitted)
05-11 07:14:59.094  6269  6269 W service : type=1400 audit(0.0:511): avc:  denied  { call } for  scontext=u:r:shell:s0 tcontext=u:r:hal_authsecret_default:s0 tclass=binder permissive=0
05-11 07:14:59.168  6269  6269 E IPCThreadState: Binder transaction failure. id: 565636, BR_*: 29201, error: -1 (Operation not permitted)
05-11 07:14:59.110  6269  6269 W service : type=1400 audit(0.0:512): avc:  denied  { call } for  scontext=u:r:shell:s0 tcontext=u:r:hal_face_default:s0 tclass=binder permissive=0
05-11 07:14:59.150  6269  6269 W service : type=1400 audit(0.0:513): avc:  denied  { call } for  scontext=u:r:shell:s0 tcontext=u:r:hal_fingerprint_default:s0 tclass=binder permissive=0
05-11 07:14:59.166  6269  6269 W service : type=1400 audit(0.0:514): avc:  denied  { call } for  scontext=u:r:shell:s0 tcontext=u:r:hal_bluetooth_default:s0 tclass=binder permissive=0
05-11 07:14:59.196  6269  6269 E IPCThreadState: Binder transaction failure. id: 565644, BR_*: 29201, error: -1 (Operation not permitted)
05-11 07:14:59.210  6269  6269 E IPCThreadState: Binder transaction failure. id: 565650, BR_*: 29201, error: -1 (Operation not permitted)
05-11 07:14:59.194  6269  6269 W service : type=1400 audit(0.0:515): avc:  denied  { call } for  scontext=u:r:shell:s0 tcontext=u:r:hal_audio_default:s0 tclass=binder permissive=0
05-11 07:14:59.216  6269  6269 E IPCThreadState: Binder transaction failure. id: 565656, BR_*: 29201, error: -1 (Operation not permitted)
05-11 07:14:59.221  6269  6269 E IPCThreadState: Binder transaction failure. id: 565660, BR_*: 29201, error: -1 (Operation not permitted)
05-11 07:14:59.214  6269  6269 W service : type=1400 audit(0.0:516): avc:  denied  { call } for  scontext=u:r:shell:s0 tcontext=u:r:hal_camera_default:s0 tclass=binder permissive=0
05-11 07:14:59.214  6269  6269 W service : type=1400 audit(0.0:517): avc:  denied  { call } for  scontext=u:r:shell:s0 tcontext=u:r:hal_camera_default:s0 tclass=binder permissive=0
05-11 07:14:59.236  6269  6269 E IPCThreadState: Binder transaction failure. id: 565669, BR_*: 29201, error: -1 (Operation not permitted)
05-11 07:14:59.240  6269  6269 E IPCThreadState: Binder transaction failure. id: 565679, BR_*: 29201, error: -1 (Operation not permitted)
05-11 07:14:59.241  6269  6269 E IPCThreadState: Binder transaction failure. id: 565683, BR_*: 29201, error: -1 (Operation not permitted)
05-11 07:14:59.241  6269  6269 E IPCThreadState: Binder transaction failure. id: 565687, BR_*: 29201, error: -1 (Operation not permitted)
05-11 07:14:59.242  6269  6269 E IPCThreadState: Binder transaction failure. id: 565691, BR_*: 29201, error: -1 (Operation not permitted)
05-11 07:14:59.243  6269  6269 E IPCThreadState: Binder transaction failure. id: 565695, BR_*: 29201, error: -1 (Operation not permitted)
05-11 07:14:59.258  6269  6269 E IPCThreadState: Binder transaction failure. id: 565720, BR_*: 29201, error: -1 (Operation not permitted)
05-11 07:14:59.258  6269  6269 E IPCThreadState: Binder transaction failure. id: 565724, BR_*: 29201, error: -1 (Operation not permitted)
05-11 07:14:59.259  6269  6269 E IPCThreadState: Binder transaction failure. id: 565728, BR_*: 29201, error: -1 (Operation not permitted)
05-11 07:14:59.259  6269  6269 E IPCThreadState: Binder transaction failure. id: 565732, BR_*: 29201, error: -1 (Operation not permitted)
05-11 07:14:59.260  6269  6269 E IPCThreadState: Binder transaction failure. id: 565736, BR_*: 29201, error: -1 (Operation not permitted)
05-11 07:14:59.261  6269  6269 E IPCThreadState: Binder transaction failure. id: 565740, BR_*: 29201, error: -1 (Operation not permitted)
05-11 07:14:59.261  6269  6269 E IPCThreadState: Binder transaction failure. id: 565744, BR_*: 29201, error: -1 (Operation not permitted)
05-11 07:14:59.262  6269  6269 E IPCThreadState: Binder transaction failure. id: 565748, BR_*: 29201, error: -1 (Operation not permitted)
05-11 07:14:59.263  6269  6269 E IPCThreadState: Binder transaction failure. id: 565752, BR_*: 29201, error: -1 (Operation not permitted)
05-11 07:14:59.268  6269  6269 E IPCThreadState: Binder transaction failure. id: 565757, BR_*: 29201, error: -1 (Operation not permitted)
05-11 07:14:59.268  6269  6269 E IPCThreadState: Binder transaction failure. id: 565761, BR_*: 29201, error: -1 (Operation not permitted)
05-11 07:14:59.269  6269  6269 E IPCThreadState: Binder transaction failure. id: 565765, BR_*: 29201, error: -1 (Operation not permitted)
05-11 07:14:59.307  6269  6269 E IPCThreadState: Binder transaction failure. id: 565782, BR_*: 29201, error: -1 (Operation not permitted)
05-11 07:14:59.309  6269  6269 E IPCThreadState: Binder transaction failure. id: 565786, BR_*: 29201, error: -1 (Operation not permitted)
05-11 07:14:59.309  6269  6269 E IPCThreadState: Binder transaction failure. id: 565790, BR_*: 29201, error: -1 (Operation not permitted)
05-11 07:14:59.310  6269  6269 E IPCThreadState: Binder transaction failure. id: 565794, BR_*: 29201, error: -1 (Operation not permitted)
05-11 07:14:59.310  6269  6269 E IPCThreadState: Binder transaction failure. id: 565798, BR_*: 29201, error: -1 (Operation not permitted)
05-11 07:14:59.311  6269  6269 E IPCThreadState: Binder transaction failure. id: 565802, BR_*: 29201, error: -1 (Operation not permitted)
05-11 07:14:59.338  6269  6269 E IPCThreadState: Binder transaction failure. id: 565850, BR_*: 29201, error: -1 (Operation not permitted)
05-11 07:14:59.339  6269  6269 E IPCThreadState: Binder transaction failure. id: 565854, BR_*: 29201, error: -1 (Operation not permitted)
05-11 07:14:59.340  6269  6269 E Parcel  : Reading a NULL string not supported here.
05-11 07:14:59.358  6269  6269 E Parcel  : Reading a NULL string not supported here.
05-11 07:14:59.364  6269  6269 E Parcel  : Reading a NULL string not supported here.
05-11 07:14:59.375  6269  6269 E Parcel  : Reading a NULL string not supported here.
05-11 07:14:59.401  6269  6269 E Parcel  : Reading a NULL string not supported here.
05-11 07:14:59.405  6269  6269 E Parcel  : Reading a NULL string not supported here.
05-11 07:14:59.409  6269  6269 E Parcel  : Reading a NULL string not supported here.
05-11 07:14:59.424  6269  6269 E Parcel  : Reading a NULL string not supported here.
05-11 07:14:59.426  6269  6269 E Parcel  : Reading a NULL string not supported here.
05-11 07:14:59.460  6269  6269 E Parcel  : Reading a NULL string not supported here.
05-11 07:14:59.493   605   639 D DisplayManagerService: Drop pending events for gone uid 10141
05-11 07:14:59.506  6269  6269 E Parcel  : Reading a NULL string not supported here.
05-11 07:14:59.577   605   655 I libprocessgroup: Removed cgroup /sys/fs/cgroup/uid_10141/pid_5131
05-11 07:14:59.580   373   373 I Zygote  : Process 5131 exited due to signal 9 (Killed)
05-11 07:14:59.596  6269  6269 E Parcel  : Reading a NULL string not supported here.
05-11 07:14:59.604  6269  6269 E Parcel  : Reading a NULL string not supported here.
05-11 07:14:59.648  6269  6269 E Parcel  : Reading a NULL string not supported here.
05-11 07:14:59.672  6269  6269 E Parcel  : Reading a NULL string not supported here.
05-11 07:14:59.701  6269  6269 E Parcel  : Reading a NULL string not supported here.
05-11 07:14:59.718  6269  6269 E Parcel  : Reading a NULL string not supported here.
05-11 07:14:59.760  6269  6269 E Parcel  : Reading a NULL string not supported here.
05-11 07:14:59.771  6269  6269 E Parcel  : Reading a NULL string not supported here.
05-11 07:14:59.875  6269  6269 E IPCThreadState: Binder transaction failure. id: 566985, BR_*: 29201, error: -1 (Operation not permitted)
05-11 07:14:59.948  5360  5360 I studio.deploy: Received request 'overlayinstall'
05-11 07:15:00.000  5969  5969 E studio.deploy: ERROR: Could not remove dir '/data/data/com.example.expensetracker/code_cache/.ll/': No such file or directory
05-11 07:15:00.102  3522  3595 I AiAiEcho: Predicting[0]:  [CONTEXT sampling_count=5 ]
05-11 07:15:00.108  3522  3595 I AiAiEcho: EchoTargets: 
05-11 07:15:00.108  3522  3595 I AiAiEcho: Filtered by AiAi flag check: 
05-11 07:15:00.108  3522  3595 I AiAiEcho: [CONTEXT ratelimit_period="10 SECONDS" ]
05-11 07:15:00.112  3522  3595 I AiAiEcho: Ranked targets strategy: SORT, count: 0, ranking metadata:  [CONTEXT ratelimit_period="10 SECONDS" ]
05-11 07:15:00.124  3522  3595 I AiAiEcho: #remoteViewsTwiddler: feature disabled.
05-11 07:15:00.129  3522  3595 I AiAiEcho: Predicting[0]:  [CONTEXT sampling_count=5 ]
05-11 07:15:00.130  3522  3595 I AiAiEcho: EchoTargets: 
05-11 07:15:00.130  3522  3595 I AiAiEcho: Filtered by AiAi flag check: 
05-11 07:15:00.130  3522  3595 I AiAiEcho: [CONTEXT ratelimit_period="10 SECONDS" ]
05-11 07:15:00.131  3522  3595 I AiAiEcho: Ranked targets strategy: SORT, count: 0, ranking metadata:  [CONTEXT ratelimit_period="10 SECONDS" ]
05-11 07:15:00.132  3522  3595 I AiAiEcho: #remoteViewsTwiddler: feature disabled.
05-11 07:15:00.144  3522  3595 I AiAiEcho: #postPredictionTargets: Sending updates to UISurface lockscreen with targets# 0 (types=[])
05-11 07:15:00.153  3522  3595 I AiAiEcho: #postPredictionTargets: Sending updates to UISurface home with targets# 0 (types=[])
05-11 07:15:00.192  1322  1322 D SsBaseTemplateCard: No text view can be set up
05-11 07:15:00.216  1322  1322 D SsBaseTemplateCard: Passed-in item info is null
05-11 07:15:00.217  1322  1322 D SsBaseTemplateCard: Passed-in item info is null
05-11 07:15:00.218  1322  1322 D SsBaseTemplateCard: Passed-in item info is null
05-11 07:15:00.218  1322  1322 I SsBaseTemplateCard: Secondary card pane is null
05-11 07:15:00.307   894   894 W PageIndicator: Total number of pages invalid: 0. Assuming 1 page.
05-11 07:15:00.383   894  1088 D EGL_emulation: app_time_stats: avg=26522.48ms min=26522.48ms max=26522.48ms count=1
05-11 07:15:00.452  1322  1886 D EGL_emulation: app_time_stats: avg=60313.79ms min=60313.79ms max=60313.79ms count=1
05-11 07:15:00.466   445   445 E SurfaceFlinger: Out of order buffers detected for RequestedLayerState{com.google.android.apps.nexuslauncher/com.google.android.apps.nexuslauncher.NexusLauncherActivity#191 parentId=189} producedId=12 frameNumber=53 -> producedId=12 frameNumber=25
05-11 07:15:00.479   605  2953 I ActivityManager: Force stopping com.example.expensetracker appid=10211 user=0: from pid 6278
05-11 07:15:00.486   605  2953 I AppsFilter: interaction: PackageSetting{c897856 com.example.myapplication/10209} -> PackageSetting{2063685 com.example.expensetracker/10211} BLOCKED
05-11 07:15:00.487   605  2953 I AppsFilter: interaction: PackageSetting{d0e2dc4 com.android.microdroid.empty_payload/10204} -> PackageSetting{2063685 com.example.expensetracker/10211} BLOCKED
05-11 07:15:00.506  3231  3231 D CarrierSvcBindHelper: onHandleForceStop: [com.example.expensetracker]
05-11 07:15:00.506  3231  3231 D CarrierSvcBindHelper: No carrier app for: 0
05-11 07:15:00.562  6281  6281 E Parcel  : Reading a NULL string not supported here.
05-11 07:15:00.574  6281  6281 E IPCThreadState: Binder transaction failure. id: 567184, BR_*: 29201, error: -1 (Operation not permitted)
05-11 07:15:00.575  6281  6281 E IPCThreadState: Binder transaction failure. id: 567188, BR_*: 29201, error: -1 (Operation not permitted)
05-11 07:15:00.575  6281  6281 E IPCThreadState: Binder transaction failure. id: 567192, BR_*: 29201, error: -1 (Operation not permitted)
05-11 07:15:00.576  6281  6281 E IPCThreadState: Binder transaction failure. id: 567196, BR_*: 29201, error: -1 (Operation not permitted)
05-11 07:15:00.576  6281  6281 E IPCThreadState: Binder transaction failure. id: 567200, BR_*: 29201, error: -1 (Operation not permitted)
05-11 07:15:00.570  6281  6281 W service : type=1400 audit(0.0:545): avc:  denied  { call } for  scontext=u:r:shell:s0 tcontext=u:r:hal_authsecret_default:s0 tclass=binder permissive=0
05-11 07:15:00.570  6281  6281 W service : type=1400 audit(0.0:546): avc:  denied  { call } for  scontext=u:r:shell:s0 tcontext=u:r:hal_face_default:s0 tclass=binder permissive=0
05-11 07:15:00.595  6281  6281 E IPCThreadState: Binder transaction failure. id: 567204, BR_*: 29201, error: -1 (Operation not permitted)
05-11 07:15:00.595  6281  6281 E IPCThreadState: Binder transaction failure. id: 567209, BR_*: 29201, error: -1 (Operation not permitted)
05-11 07:15:00.597  6281  6281 E IPCThreadState: Binder transaction failure. id: 567218, BR_*: 29201, error: -1 (Operation not permitted)
05-11 07:15:00.599  6281  6281 E IPCThreadState: Binder transaction failure. id: 567227, BR_*: 29201, error: -1 (Operation not permitted)
05-11 07:15:00.599  6281  6281 E IPCThreadState: Binder transaction failure. id: 567232, BR_*: 29201, error: -1 (Operation not permitted)
05-11 07:15:00.599  6281  6281 E IPCThreadState: Binder transaction failure. id: 567236, BR_*: 29201, error: -1 (Operation not permitted)
05-11 07:15:00.600  6281  6281 E IPCThreadState: Binder transaction failure. id: 567240, BR_*: 29201, error: -1 (Operation not permitted)
05-11 07:15:00.600  6281  6281 E IPCThreadState: Binder transaction failure. id: 567244, BR_*: 29201, error: -1 (Operation not permitted)
05-11 07:15:00.603  6281  6281 E IPCThreadState: Binder transaction failure. id: 567268, BR_*: 29201, error: -1 (Operation not permitted)
05-11 07:15:00.603  6281  6281 E IPCThreadState: Binder transaction failure. id: 567272, BR_*: 29201, error: -1 (Operation not permitted)
05-11 07:15:00.604  6281  6281 E IPCThreadState: Binder transaction failure. id: 567276, BR_*: 29201, error: -1 (Operation not permitted)
05-11 07:15:00.604  6281  6281 E IPCThreadState: Binder transaction failure. id: 567280, BR_*: 29201, error: -1 (Operation not permitted)
05-11 07:15:00.604  6281  6281 E IPCThreadState: Binder transaction failure. id: 567284, BR_*: 29201, error: -1 (Operation not permitted)
05-11 07:15:00.570  6281  6281 W service : type=1400 audit(0.0:547): avc:  denied  { call } for  scontext=u:r:shell:s0 tcontext=u:r:hal_fingerprint_default:s0 tclass=binder permissive=0
05-11 07:15:00.604  6281  6281 E IPCThreadState: Binder transaction failure. id: 567288, BR_*: 29201, error: -1 (Operation not permitted)
05-11 07:15:00.605  6281  6281 E IPCThreadState: Binder transaction failure. id: 567292, BR_*: 29201, error: -1 (Operation not permitted)
05-11 07:15:00.605  6281  6281 E IPCThreadState: Binder transaction failure. id: 567296, BR_*: 29201, error: -1 (Operation not permitted)
05-11 07:15:00.605  6281  6281 E IPCThreadState: Binder transaction failure. id: 567300, BR_*: 29201, error: -1 (Operation not permitted)
05-11 07:15:00.605  6281  6281 E IPCThreadState: Binder transaction failure. id: 567304, BR_*: 29201, error: -1 (Operation not permitted)
05-11 07:15:00.606  6281  6281 E IPCThreadState: Binder transaction failure. id: 567308, BR_*: 29201, error: -1 (Operation not permitted)
05-11 07:15:00.606  6281  6281 E IPCThreadState: Binder transaction failure. id: 567312, BR_*: 29201, error: -1 (Operation not permitted)
05-11 07:15:00.570  6281  6281 W service : type=1400 audit(0.0:548): avc:  denied  { call } for  scontext=u:r:shell:s0 tcontext=u:r:hal_bluetooth_default:s0 tclass=binder permissive=0
05-11 07:15:00.570  6281  6281 W service : type=1400 audit(0.0:549): avc:  denied  { call } for  scontext=u:r:shell:s0 tcontext=u:r:hal_audio_default:s0 tclass=binder permissive=0
05-11 07:15:00.644  6281  6281 E IPCThreadState: Binder transaction failure. id: 567329, BR_*: 29201, error: -1 (Operation not permitted)
05-11 07:15:00.644  6281  6281 E IPCThreadState: Binder transaction failure. id: 567333, BR_*: 29201, error: -1 (Operation not permitted)
05-11 07:15:00.644  6281  6281 E IPCThreadState: Binder transaction failure. id: 567337, BR_*: 29201, error: -1 (Operation not permitted)
05-11 07:15:00.645  6281  6281 E IPCThreadState: Binder transaction failure. id: 567341, BR_*: 29201, error: -1 (Operation not permitted)
05-11 07:15:00.646  6281  6281 E IPCThreadState: Binder transaction failure. id: 567345, BR_*: 29201, error: -1 (Operation not permitted)
05-11 07:15:00.646  6281  6281 E IPCThreadState: Binder transaction failure. id: 567349, BR_*: 29201, error: -1 (Operation not permitted)
05-11 07:15:00.661  6281  6281 E IPCThreadState: Binder transaction failure. id: 567396, BR_*: 29201, error: -1 (Operation not permitted)
05-11 07:15:00.661  6281  6281 E IPCThreadState: Binder transaction failure. id: 567400, BR_*: 29201, error: -1 (Operation not permitted)
05-11 07:15:00.662  6281  6281 E Parcel  : Reading a NULL string not supported here.
05-11 07:15:00.670  6281  6281 E Parcel  : Reading a NULL string not supported here.
05-11 07:15:00.671  6281  6281 E Parcel  : Reading a NULL string not supported here.
05-11 07:15:00.674  6281  6281 E Parcel  : Reading a NULL string not supported here.
05-11 07:15:00.681  6281  6281 E Parcel  : Reading a NULL string not supported here.
05-11 07:15:00.683  6281  6281 E Parcel  : Reading a NULL string not supported here.
05-11 07:15:00.684  6281  6281 E Parcel  : Reading a NULL string not supported here.
05-11 07:15:00.686  6281  6281 E Parcel  : Reading a NULL string not supported here.
05-11 07:15:00.686  6281  6281 E Parcel  : Reading a NULL string not supported here.
05-11 07:15:00.703  6281  6281 E Parcel  : Reading a NULL string not supported here.
05-11 07:15:00.709  6281  6281 E Parcel  : Reading a NULL string not supported here.
05-11 07:15:00.740  6281  6281 E Parcel  : Reading a NULL string not supported here.
05-11 07:15:00.743  6281  6281 E Parcel  : Reading a NULL string not supported here.
05-11 07:15:00.763  6281  6281 E Parcel  : Reading a NULL string not supported here.
05-11 07:15:00.780  6281  6281 E Parcel  : Reading a NULL string not supported here.
05-11 07:15:00.797  6281  6281 E Parcel  : Reading a NULL string not supported here.
05-11 07:15:00.805  6281  6281 E Parcel  : Reading a NULL string not supported here.
05-11 07:15:00.834  6281  6281 E Parcel  : Reading a NULL string not supported here.
05-11 07:15:00.838  6281  6281 E Parcel  : Reading a NULL string not supported here.
05-11 07:15:00.859  6281  6281 E IPCThreadState: Binder transaction failure. id: 568498, BR_*: 29201, error: -1 (Operation not permitted)
05-11 07:15:00.920   605  2953 W ActivityTaskManager: callingPackage for (uid=2000, pid=6285) has no WPC
05-11 07:15:00.924   605  2953 W OptProp : Cannot read opt property android.window.PROPERTY_COMPAT_ALLOW_USER_ASPECT_RATIO_OVERRIDE
05-11 07:15:00.924   605  2953 W OptProp : Cannot read opt property android.window.PROPERTY_COMPAT_ALLOW_USER_ASPECT_RATIO_FULLSCREEN_OVERRIDE
05-11 07:15:00.924   605  2953 W OptProp : Cannot read opt property android.window.PROPERTY_COMPAT_ALLOW_ORIENTATION_OVERRIDE
05-11 07:15:00.925   605  2953 V GrammaticalInflectionUtils: AttributionSource: android.content.AttributionSource@ff575b00 does not have READ_SYSTEM_GRAMMATICAL_GENDER permission.
05-11 07:15:00.929   605  2953 W OptProp : Cannot read opt property android.window.PROPERTY_COMPAT_ALLOW_RESIZEABLE_ACTIVITY_OVERRIDES
05-11 07:15:00.930   605  2953 W OptProp : Cannot read opt property android.window.PROPERTY_COMPAT_ALLOW_MIN_ASPECT_RATIO_OVERRIDE
05-11 07:15:00.943   605  2953 D CompatChangeReporter: Compat change id reported: 205907456; UID 10211; state: ENABLED
05-11 07:15:00.954   605  2953 D CompatChangeReporter: Compat change id reported: 194833441; UID 10211; state: ENABLED
05-11 07:15:00.954   605  2953 I ActivityTaskManager: START u0 {act=android.intent.action.MAIN cat=[android.intent.category.LAUNCHER] flg=0x10000000 cmp=com.example.expensetracker/.ui.MainActivity} with LAUNCH_MULTIPLE from uid 2000 (BAL_ALLOW_PERMISSION) result code=0
05-11 07:15:00.956   894   961 V WindowManagerShell: Transition requested (#32): android.os.BinderProxy@c7f4344 TransitionRequestInfo { type = OPEN, triggerTask = TaskInfo{userId=0 taskId=33 displayId=0 isRunning=true baseIntent=Intent { act=android.intent.action.MAIN cat=[android.intent.category.LAUNCHER] flg=0x10000000 cmp=com.example.expensetracker/.ui.MainActivity } baseActivity=ComponentInfo{com.example.expensetracker/com.example.expensetracker.ui.MainActivity} topActivity=ComponentInfo{com.example.expensetracker/com.example.expensetracker.ui.MainActivity} origActivity=null realActivity=ComponentInfo{com.example.expensetracker/com.example.expensetracker.ui.MainActivity} numActivities=1 lastActiveTime=4508730 supportsMultiWindow=true resizeMode=1 isResizeable=true minWidth=-1 minHeight=-1 defaultMinSize=220 token=WCT{android.window.IWindowContainerToken$Stub$Proxy@3468c2d} topActivityType=1 pictureInPictureParams=null shouldDockBigOverlays=false launchIntoPipHostTaskId=-1 lastParentTaskIdBeforePip=-1 displayCutoutSafeInsets=Rect(0, 121 - 0, 0) topActivityInfo=ActivityInfo{b8d9562 com.example.expensetracker.ui.MainActivity} launchCookies=[] positionInParent=Point(0, 0) parentTaskId=-1 isFocused=false isVisible=false isVisibleRequested=false isSleeping=false locusId=null displayAreaFeatureId=1 isTopActivityTransparent=false appCompatTaskInfo=AppCompatTaskInfo { topActivityInSizeCompat=false topActivityEligibleForLetterboxEducation= falseisLetterboxEducationEnabled= true isLetterboxDoubleTapEnabled= false topActivityEligibleForUserAspectRatioButton= false topActivityBoundsLetterboxed= false isFromLetterboxDoubleTap= false topActivityLetterboxVerticalPosition= -1 topActivityLetterboxHorizontalPosition= -1 topActivityLetterboxWidth=1080 topActivityLetterboxHeight=2400 isUserFullscreenOverrideEnabled=false isSystemFullscreenOverrideEnabled=false cameraCompatTaskInfo=CameraCompatTaskInfo { cameraCompatControlState=hidden freeformCameraCompatMode=inactive}}}, pipTask = null, remoteTransition = null, displayChange = null, flags = 0, debugId = 32 }
05-11 07:15:00.960   497   497 W IPCThreadState: Sending oneway calls to frozen process.
05-11 07:15:00.988  1322  1322 W SplitSelectStateCtor: Missing session instanceIds
05-11 07:15:00.988  1322  1322 D StatsLog: LAUNCHER_SPLIT_SELECTION_EXIT_INTERRUPTED
05-11 07:15:00.998   605  1230 I AppsFilter: interaction: PackageSetting{c897856 com.example.myapplication/10209} -> PackageSetting{79dacf com.example.expensetracker/10211} BLOCKED
05-11 07:15:00.998   605  1230 I AppsFilter: interaction: PackageSetting{d0e2dc4 com.android.microdroid.empty_payload/10204} -> PackageSetting{79dacf com.example.expensetracker/10211} BLOCKED
05-11 07:15:01.000   894   961 D WindowManagerShell: setLauncherKeepClearAreaHeight: visible=false, height=527
05-11 07:15:01.003   445   445 I BpBinder: onLastStrongRef automatically unlinking death recipients: 
05-11 07:15:01.004   605   641 V GrammaticalInflectionUtils: AttributionSource: android.content.AttributionSource@ff575b00 does not have READ_SYSTEM_GRAMMATICAL_GENDER permission.
05-11 07:15:01.005  1322  1322 I TopTaskTracker: onTaskMovedToFront: (moved taskInfo to front) taskId=33, baseIntent=Intent { act=android.intent.action.MAIN cat=[android.intent.category.LAUNCHER] flg=0x10000000 cmp=com.example.expensetracker/.ui.MainActivity }
05-11 07:15:01.017   605  1723 D CoreBackPreview: Window{eee03a u0 Splash Screen com.example.expensetracker}: Setting back callback OnBackInvokedCallbackInfo{mCallback=android.window.IOnBackInvokedCallback$Stub$Proxy@8e548e1, mPriority=0, mIsAnimationCallback=false}
05-11 07:15:01.116   445   445 E SurfaceFlinger: Out of order buffers detected for RequestedLayerState{com.google.android.apps.nexuslauncher/com.google.android.apps.nexuslauncher.NexusLauncherActivity#191 parentId=189} producedId=12 frameNumber=53 -> producedId=12 frameNumber=26
05-11 07:15:01.166   445   445 E SurfaceFlinger: Out of order buffers detected for RequestedLayerState{com.google.android.apps.nexuslauncher/com.google.android.apps.nexuslauncher.NexusLauncherActivity#191 parentId=189} producedId=12 frameNumber=53 -> producedId=12 frameNumber=27
05-11 07:15:01.187   894  1636 V WindowManagerShell: onTransitionReady(transaction=2598455215566)
05-11 07:15:01.188   605   638 V WindowManager: Sent Transition (#32) createdAt=05-11 07:15:00.931 via request=TransitionRequestInfo { type = OPEN, triggerTask = TaskInfo{userId=0 taskId=33 displayId=0 isRunning=true baseIntent=Intent { act=android.intent.action.MAIN cat=[android.intent.category.LAUNCHER] flg=0x10000000 cmp=com.example.expensetracker/.ui.MainActivity } baseActivity=ComponentInfo{com.example.expensetracker/com.example.expensetracker.ui.MainActivity} topActivity=ComponentInfo{com.example.expensetracker/com.example.expensetracker.ui.MainActivity} origActivity=null realActivity=ComponentInfo{com.example.expensetracker/com.example.expensetracker.ui.MainActivity} numActivities=1 lastActiveTime=4508730 supportsMultiWindow=true resizeMode=1 isResizeable=true minWidth=-1 minHeight=-1 defaultMinSize=220 token=WCT{RemoteToken{bed15bf Task{96cad30 #33 type=standard A=10211:com.example.expensetracker}}} topActivityType=1 pictureInPictureParams=null shouldDockBigOverlays=false launchIntoPipHostTaskId=-1 lastParentTaskIdBeforePip=-1 displayCutoutSafeInsets=Rect(0, 121 - 0, 0) topActivityInfo=ActivityInfo{14ca48c com.example.expensetracker.ui.MainActivity} launchCookies=[] positionInParent=Point(0, 0) parentTaskId=-1 isFocused=false isVisible=false isVisibleRequested=false isSleeping=false locusId=null displayAreaFeatureId=1 isTopActivityTransparent=false appCompatTaskInfo=AppCompatTaskInfo { topActivityInSizeCompat=false topActivityEligibleForLetterboxEducation= falseisLetterboxEducationEnabled= true isLetterboxDoubleTapEnabled= false topActivityEligibleForUserAspectRatioButton= false topActivityBoundsLetterboxed= false isFromLetterboxDoubleTap= false topActivityLetterboxVerticalPosition= -1 topActivityLetterboxHorizontalPosition= -1 topActivityLetterboxWidth=1080 topActivityLetterboxHeight=2400 isUserFullscreenOverrideEnabled=false isSystemFullscreenOverrideEnabled=false cameraCompatTaskInfo=CameraCompatTaskInfo { cameraCompatControlState=hidden freeformCameraCompatMode=inactive}}}, pipTask = null, remoteTransition = null, displayChange = null, flags = 0, debugId = 32 }
05-11 07:15:01.188   605   638 V WindowManager:     startWCT=WindowContainerTransaction { changes = {} hops = [] errorCallbackToken=null taskFragmentOrganizer=null }
05-11 07:15:01.188   605   638 V WindowManager:     info={id=32 t=OPEN f=0x0 trk=0 r=[0@Point(0, 0)] c=[
05-11 07:15:01.188   605   638 V WindowManager:         {WCT{RemoteToken{bed15bf Task{96cad30 #33 type=standard A=10211:com.example.expensetracker}}} m=OPEN f=NONE leash=Surface(name=Task=33)/@0x9437663 sb=Rect(0, 0 - 1080, 2400) eb=Rect(0, 0 - 1080, 2400) d=0 taskParent=-1},
05-11 07:15:01.188   605   638 V WindowManager:         {WCT{RemoteToken{b658bb4 Task{bc05cee #1 type=home}}} m=TO_BACK f=SHOW_WALLPAPER leash=Surface(name=Task=1)/@0x60ec3e4 sb=Rect(0, 0 - 1080, 2400) eb=Rect(0, 0 - 1080, 2400) d=0 taskParent=-1}
05-11 07:15:01.188   605   638 V WindowManager:     ]}
05-11 07:15:01.191   894   961 V WindowManagerShell: onTransitionReady (#32) android.os.BinderProxy@c7f4344: {id=32 t=OPEN f=0x0 trk=0 r=[0@Point(0, 0)] c=[{WCT{android.window.IWindowContainerToken$Stub$Proxy@a9b4947} m=OPEN f=NONE leash=Surface(name=Task=33)/@0x13164c8 sb=Rect(0, 0 - 1080, 2400) eb=Rect(0, 0 - 1080, 2400) d=0 taskParent=-1},{WCT{android.window.IWindowContainerToken$Stub$Proxy@85c0574} m=TO_BACK f=SHOW_WALLPAPER leash=Surface(name=Task=1)/@0x96d0961 sb=Rect(0, 0 - 1080, 2400) eb=Rect(0, 0 - 1080, 2400) d=0 taskParent=-1}]}
05-11 07:15:01.192   894   961 V WindowManagerShell: Playing animation for (#32) android.os.BinderProxy@c7f4344@0
05-11 07:15:01.192   894   961 V WindowManagerShell:  try handler com.android.wm.shell.transition.DefaultMixedHandler@5e9ebdf
05-11 07:15:01.193   894   961 V WindowManagerShell:  try handler com.android.wm.shell.keyguard.KeyguardTransitionHandler@7f1902c
05-11 07:15:01.193   894   961 V WindowManagerShell:  try handler com.android.wm.shell.pip.PipTransition@9cffaf5
05-11 07:15:01.193   894   961 V WindowManagerShell:  try handler com.android.wm.shell.activityembedding.ActivityEmbeddingController@a82b08a
05-11 07:15:01.193   894   961 V WindowManagerShell:  try handler com.android.wm.shell.recents.RecentsTransitionHandler@2b66fb
05-11 07:15:01.194   894   961 V ShellRecents: RecentsTransitionHandler.startAnimation: no controller found
05-11 07:15:01.194   894   961 V WindowManagerShell:  try handler com.android.wm.shell.splitscreen.StageCoordinator@cfd8318
05-11 07:15:01.194   894   961 V WindowManagerShell:  try handler com.android.wm.shell.transition.RemoteTransitionHandler@2725171
05-11 07:15:01.194   894   961 V WindowManagerShell: Transition doesn't have explicit remote, search filters for match for {id=32 t=OPEN f=0x0 trk=0 r=[0@Point(0, 0)] c=[{WCT{android.window.IWindowContainerToken$Stub$Proxy@a9b4947} m=OPEN f=NONE leash=Surface(name=Task=33)/@0x13164c8 sb=Rect(0, 0 - 1080, 2400) eb=Rect(0, 0 - 1080, 2400) d=0 taskParent=-1},{WCT{android.window.IWindowContainerToken$Stub$Proxy@85c0574} m=TO_BACK f=SHOW_WALLPAPER leash=Surface(name=Task=1)/@0x96d0961 sb=Rect(0, 0 - 1080, 2400) eb=Rect(0, 0 - 1080, 2400) d=0 taskParent=-1}]}
05-11 07:15:01.245   605  1230 W UserManagerService: Requested status bar icon for non-badged user 0
05-11 07:15:01.254   894   961 V WindowManagerShell:  Checking filter Pair{{types=[] flags=0x0] notFlags=0x0 checks=[{atype=undefined independent=true modes=[OPEN,TO_FRONT] flags=IN_TASK_WITH_EMBEDDED_ACTIVITY mustBeTask=false order=ANY topActivity=ComponentInfo{com.google.android.apps.nexuslauncher/com.google.android.apps.nexuslauncher.NexusLauncherActivity} launchCookie=null},{atype=undefined independent=true modes=[CLOSE,TO_BACK] flags=IN_TASK_WITH_EMBEDDED_ACTIVITY mustBeTask=false order=ANY topActivity=null launchCookie=null}]} RemoteTransition { remoteTransition = android.window.IRemoteTransition$Stub$Proxy@9be135e, appThread = android.app.IApplicationThread$Stub$Proxy@889133f, debugName = OverlaySwipeBack }}
05-11 07:15:01.254   894   961 V WindowManagerShell:  Checking filter Pair{{types=[] flags=0x0] notFlags=0x0 checks=[{atype=dream independent=true modes=[OPEN,TO_FRONT] flags=NONE mustBeTask=false order=ANY topActivity=null launchCookie=null},{atype=home independent=true modes=[CLOSE,TO_BACK] flags=NONE mustBeTask=false order=ANY topActivity=null launchCookie=null}]} RemoteTransition { remoteTransition = android.window.IRemoteTransition$Stub$Proxy@7f4940c, appThread = android.app.IApplicationThread$Stub$Proxy@586e155, debugName = LauncherToDream }}
05-11 07:15:01.254   894   961 V WindowManagerShell:  Checking filter Pair{{types=[] flags=0x0] notFlags=0x100 checks=[{atype=home independent=true modes=[OPEN,TO_FRONT] flags=NONE mustBeTask=false order=TOP topActivity=ComponentInfo{com.google.android.apps.nexuslauncher/com.google.android.apps.nexuslauncher.NexusLauncherActivity} launchCookie=null},{atype=standard independent=true modes=[CLOSE,TO_BACK] flags=NONE mustBeTask=false order=ANY topActivity=null launchCookie=null}]} RemoteTransition { remoteTransition = android.window.IRemoteTransition$Stub$Proxy@fd4076a, appThread = android.app.IApplicationThread$Stub$Proxy@d85a45b, debugName = QuickstepLaunchHome }}
05-11 07:15:01.254   894   961 V WindowManagerShell:  Delegate animation for (#32) to null
05-11 07:15:01.254   894   961 V WindowManagerShell:  try handler com.android.wm.shell.transition.DefaultTransitionHandler@de34b56
05-11 07:15:01.254   894   961 V WindowManagerShell: start default transition animation, info = {id=32 t=OPEN f=0x0 trk=0 r=[0@Point(0, 0)] c=[{WCT{android.window.IWindowContainerToken$Stub$Proxy@a9b4947} m=OPEN f=NONE leash=Surface(name=Task=33)/@0x13164c8 sb=Rect(0, 0 - 1080, 2400) eb=Rect(0, 0 - 1080, 2400) d=0 taskParent=-1},{WCT{android.window.IWindowContainerToken$Stub$Proxy@85c0574} m=TO_BACK f=SHOW_WALLPAPER leash=Surface(name=Task=1)/@0x96d0961 sb=Rect(0, 0 - 1080, 2400) eb=Rect(0, 0 - 1080, 2400) d=0 taskParent=-1}]}
05-11 07:15:01.255   894   961 V WindowManagerShell: loadAnimation: anim=android.view.animation.AnimationSet@7148399 animAttr=0x13 type=OPEN isEntrance=false
05-11 07:15:01.257   894   961 V WindowManagerShell: loadAnimation: anim=android.view.animation.AnimationSet@52ad65e animAttr=0x12 type=OPEN isEntrance=true
05-11 07:15:01.262   894   961 V WindowManagerShell:  animated by com.android.wm.shell.transition.DefaultTransitionHandler@de34b56
05-11 07:15:01.266   373   373 D Zygote  : Forked child process 6289
05-11 07:15:01.267   445   445 E SurfaceFlinger: Out of order buffers detected for RequestedLayerState{com.google.android.apps.nexuslauncher/com.google.android.apps.nexuslauncher.NexusLauncherActivity#191 parentId=189} producedId=12 frameNumber=53 -> producedId=12 frameNumber=28
05-11 07:15:01.285   605   654 W ActivityManager: Slow operation: 269ms so far, now at startProcess: returned from zygote!
05-11 07:15:01.285   605   654 W ActivityManager: Slow operation: 271ms so far, now at startProcess: done updating battery stats
05-11 07:15:01.286   605   654 W ActivityManager: Slow operation: 272ms so far, now at startProcess: building log message
05-11 07:15:01.286   605   654 I ActivityManager: Start proc 6289:com.example.expensetracker/u0a211 for next-top-activity {com.example.expensetracker/com.example.expensetracker.ui.MainActivity}
05-11 07:15:01.286   605   654 W ActivityManager: Slow operation: 272ms so far, now at startProcess: starting to update pids map
05-11 07:15:01.286   605   654 W ActivityManager: Slow operation: 272ms so far, now at startProcess: done updating pids map
05-11 07:15:01.305   445   445 E SurfaceFlinger: Out of order buffers detected for RequestedLayerState{com.google.android.apps.nexuslauncher/com.google.android.apps.nexuslauncher.NexusLauncherActivity#191 parentId=189} producedId=12 frameNumber=53 -> producedId=12 frameNumber=29
05-11 07:15:01.375  6289  6289 I .expensetracker: Late-enabling -Xcheck:jni
05-11 07:15:01.391   894  1088 D EGL_emulation: app_time_stats: avg=335.24ms min=39.32ms max=902.81ms count=3
05-11 07:15:01.401   445   445 E SurfaceFlinger: Out of order buffers detected for RequestedLayerState{com.google.android.apps.nexuslauncher/com.google.android.apps.nexuslauncher.NexusLauncherActivity#191 parentId=189} producedId=12 frameNumber=53 -> producedId=12 frameNumber=30
05-11 07:15:01.401  1322  1886 D EGL_emulation: app_time_stats: avg=68245.80ms min=10.50ms max=613678.81ms count=9
05-11 07:15:01.474  1322  1886 D EGL_emulation: app_time_stats: avg=167.29ms min=36.62ms max=662.47ms count=6
05-11 07:15:01.513   445   445 E SurfaceFlinger: Out of order buffers detected for RequestedLayerState{com.google.android.apps.nexuslauncher/com.google.android.apps.nexuslauncher.NexusLauncherActivity#191 parentId=189} producedId=12 frameNumber=53 -> producedId=12 frameNumber=31
05-11 07:15:01.567   894   961 V WindowManagerShell: Transition animation finished (aborted=false), notifying core (#32) android.os.BinderProxy@c7f4344@0
05-11 07:15:01.568   605   638 V WindowManager: Finish Transition (#32): created at 05-11 07:15:00.931 collect-started=0.445ms request-sent=16.265ms started=55.408ms ready=231.629ms sent=244.827ms finished=636.65ms
05-11 07:15:01.571   894   961 V WindowManagerShell: Track 0 became idle
05-11 07:15:01.571   894   961 V WindowManagerShell: All active transition animations finished
05-11 07:15:01.573   605  1230 W UserManagerService: Requested status bar icon for non-badged user 0
05-11 07:15:01.598   605  1230 W UserManagerService: Requested status bar icon for non-badged user 0
05-11 07:15:01.616  6289  6289 I .expensetracker: Using CollectorTypeCMC GC.
05-11 07:15:01.625  6289  6289 W .expensetracker: Unexpected CPU variant for x86: x86_64.
05-11 07:15:01.625  6289  6289 W .expensetracker: Known variants: atom, sandybridge, silvermont, goldmont, goldmont-plus, goldmont-without-sha-xsaves, tremont, kabylake, default
05-11 07:15:01.627  1322  1322 D VRI[NexusLauncherActivity]: visibilityChanged oldVisibility=true newVisibility=false
05-11 07:15:01.628  1322  1322 D NexusLauncherModelDelegate: notifySmartspaceEvent: SmartspaceTargetEvent{mSmartspaceTarget=null, mSmartspaceActionId='null', mEventType=7}
05-11 07:15:01.665   452   471 I adbd    : jdwp connection from 6289
05-11 07:15:01.702  6289  6289 D nativeloader: Load libframework-connectivity-tiramisu-jni.so using APEX ns com_android_tethering for caller /apex/com.android.tethering/javalib/framework-connectivity-t.jar: ok
05-11 07:15:01.779  6289  6289 D nativeloader: Load /data/user/0/com.example.expensetracker/code_cache/startup_agents/1553d31e-agent.so using system ns (caller=<unknown>): ok
05-11 07:15:01.781  6289  6289 V studio.deploy: Startup agent attached to VM
05-11 07:15:01.782  6289  6289 V studio.deploy: No existing instrumentation found. Loading instrumentation from instruments-c8049923.jar
05-11 07:15:01.762  6289  6289 W re-initialized>: type=1400 audit(0.0:579): avc:  granted  { execute } for  path="/data/data/com.example.expensetracker/code_cache/startup_agents/1553d31e-agent.so" dev="dm-46" ino=361984 scontext=u:r:untrusted_app_32:s0:c211,c256,c512,c768 tcontext=u:object_r:app_data_file:s0:c211,c256,c512,c768 tclass=file app=com.example.expensetracker
05-11 07:15:01.817  6289  6289 W .expensetracker: DexFile /data/data/com.example.expensetracker/code_cache/.studio/instruments-c8049923.jar is in boot class path but is not in a known location
05-11 07:15:01.825  6289  6289 V studio.deploy: Applying transforms with cached classes
05-11 07:15:02.005  6289  6289 W .expensetracker: Redefining intrinsic method java.lang.Thread java.lang.Thread.currentThread(). This may cause the unexpected use of the original definition of java.lang.Thread java.lang.Thread.currentThread()in methods that have already been compiled.
05-11 07:15:02.005  6289  6289 W .expensetracker: Redefining intrinsic method boolean java.lang.Thread.interrupted(). This may cause the unexpected use of the original definition of boolean java.lang.Thread.interrupted()in methods that have already been compiled.
05-11 07:15:02.008  6289  6289 I studio.deploy: Registering DispatchJNI
05-11 07:15:02.008  6289  6289 I studio.deploy: Found com/android/tools/deploy/interpreter/JNI
05-11 07:15:02.081  6289  6289 D ApplicationLoaders: Returning zygote-cached class loader: /system_ext/framework/androidx.window.extensions.jar
05-11 07:15:02.081  6289  6289 D ApplicationLoaders: Returning zygote-cached class loader: /system_ext/framework/androidx.window.sidecar.jar
05-11 07:15:02.090  6289  6289 W ziparchive: Unable to open '/data/app/~~9Rz7dIl-Bpw-zjtZihZ8LQ==/com.example.expensetracker-ouxyI5zOuRXphngGZCISrQ==/base.dm': No such file or directory
05-11 07:15:02.090  6289  6289 W ziparchive: Unable to open '/data/app/~~9Rz7dIl-Bpw-zjtZihZ8LQ==/com.example.expensetracker-ouxyI5zOuRXphngGZCISrQ==/base.dm': No such file or directory
05-11 07:15:02.412  6289  6289 D nativeloader: Configuring clns-7 for other apk /data/app/~~9Rz7dIl-Bpw-zjtZihZ8LQ==/com.example.expensetracker-ouxyI5zOuRXphngGZCISrQ==/base.apk. target_sdk_version=33, uses_libraries=, library_path=/data/app/~~9Rz7dIl-Bpw-zjtZihZ8LQ==/com.example.expensetracker-ouxyI5zOuRXphngGZCISrQ==/lib/x86_64, permitted_path=/data:/mnt/expand:/data/user/0/com.example.expensetracker
05-11 07:15:02.432  6289  6289 V GraphicsEnvironment: Currently set values for:
05-11 07:15:02.432  6289  6289 V GraphicsEnvironment:   angle_gl_driver_selection_pkgs=[]
05-11 07:15:02.432  6289  6289 V GraphicsEnvironment:   angle_gl_driver_selection_values=[]
05-11 07:15:02.432  6289  6289 V GraphicsEnvironment: Global.Settings values are invalid: number of packages: 0, number of values: 0
05-11 07:15:02.432  6289  6289 V GraphicsEnvironment: Neither updatable production driver nor prerelease driver is supported.
05-11 07:15:02.481   605  1230 W OptProp : Cannot read opt property android.window.PROPERTY_COMPAT_ENABLE_FAKE_FOCUS
05-11 07:15:02.542  6289  6289 D AppCompatDelegate: Checking for metadata for AppLocalesMetadataHolderService : Service not found
05-11 07:15:02.632  6289  6289 W .expensetracker: Accessing hidden method Landroid/view/View;->computeFitSystemWindows(Landroid/graphics/Rect;Landroid/graphics/Rect;)Z (unsupported, reflection, allowed)
05-11 07:15:02.633  6289  6289 W .expensetracker: Accessing hidden method Landroid/view/ViewGroup;->makeOptionalFitsSystemWindows()V (unsupported, reflection, allowed)
05-11 07:15:02.637  6289  6289 D CompatChangeReporter: Compat change id reported: 210923482; UID 10211; state: ENABLED
05-11 07:15:02.909  6289  6289 E TransactionExecutor: Failed to execute the transaction: tId:-1440499268 ClientTransaction{
05-11 07:15:02.909  6289  6289 E TransactionExecutor: tId:-1440499268   transactionItems=[
05-11 07:15:02.909  6289  6289 E TransactionExecutor: tId:-1440499268     LaunchActivityItem{activityToken=android.os.BinderProxy@1177f5d,intent=Intent { act=android.intent.action.MAIN cat=[android.intent.category.LAUNCHER] flg=0x10000000 cmp=com.example.expensetracker/.ui.MainActivity },ident=251857523,info=ActivityInfo{6d6c8c3 com.example.expensetracker.ui.MainActivity},curConfig={1.0 310mcc260mnc [en_US] ldltr sw411dp w411dp h844dp 420dpi nrml long port finger qwerty/v/v dpad/v winConfig={ mBounds=Rect(0, 0 - 1080, 2400) mAppBounds=Rect(0, 121 - 1080, 2337) mMaxBounds=Rect(0, 0 - 1080, 2400) mDisplayRotation=ROTATION_0 mWindowingMode=fullscreen mActivityType=undefined mAlwaysOnTop=undefined mRotation=ROTATION_0} as.3 s.56 fontWeightAdjustment=0},overrideConfig={1.0 310mcc260mnc [en_US] ldltr sw411dp w411dp h844dp 420dpi nrml long port finger qwerty/v/v dpad/v winConfig={ mBounds=Rect(0, 0 - 1080, 2400) mAppBounds=Rect(0, 121 - 1080, 2337) mMaxBounds=Rect(0, 0 - 1080, 2400) mDisplayRotation=ROTATION_0 mWindowingMode=fullscreen mActivityType=standard mAlwaysOnTop=undefined mRotation=ROTATION_0} as.3 s.3 fontWeightAdjustment=0},deviceId=0,referrer=com.android.shell,procState=2,state=null,persistentState=null,pendingResults=null,pendingNewIntents=null,sceneTransitionInfo=null,profilerInfo=null,assistToken=android.os.BinderProxy@92ccfd4,shareableActivityToken=android.os.BinderProxy@15f457d,activityWindowInfo=ActivityWindowInfo{isEmbedded=false, taskBounds=Rect(0, 0 - 1080, 2400), taskFragmentBounds=Rect(0, 0 - 1080, 2400)}}
05-11 07:15:02.909  6289  6289 E TransactionExecutor: tId:-1440499268     ResumeActivityItem{mActivityToken=android.os.BinderProxy@1177f5d,procState=-1,updateProcState=false,isForward=true,shouldSendCompatFakeFocus=false}
05-11 07:15:02.909  6289  6289 E TransactionExecutor: tId:-1440499268     Target activity: com.example.expensetracker.ui.MainActivity
05-11 07:15:02.909  6289  6289 E TransactionExecutor: tId:-1440499268   ]
05-11 07:15:02.909  6289  6289 E TransactionExecutor: tId:-1440499268 }
05-11 07:15:02.909  6289  6289 D AndroidRuntime: Shutting down VM
--------- beginning of crash
05-11 07:15:02.916  6289  6289 E AndroidRuntime: FATAL EXCEPTION: main
05-11 07:15:02.916  6289  6289 E AndroidRuntime: Process: com.example.expensetracker, PID: 6289
05-11 07:15:02.916  6289  6289 E AndroidRuntime: java.lang.RuntimeException: Unable to start activity ComponentInfo{com.example.expensetracker/com.example.expensetracker.ui.MainActivity}: java.lang.IllegalStateException: This Activity already has an action bar supplied by the window decor. Do not request Window.FEATURE_SUPPORT_ACTION_BAR and set windowActionBar to false in your theme to use a Toolbar instead.
05-11 07:15:02.916  6289  6289 E AndroidRuntime: 	at android.app.ActivityThread.performLaunchActivity(ActivityThread.java:4048)
05-11 07:15:02.916  6289  6289 E AndroidRuntime: 	at android.app.ActivityThread.handleLaunchActivity(ActivityThread.java:4235)
05-11 07:15:02.916  6289  6289 E AndroidRuntime: 	at android.app.servertransaction.LaunchActivityItem.execute(LaunchActivityItem.java:112)
05-11 07:15:02.916  6289  6289 E AndroidRuntime: 	at android.app.servertransaction.TransactionExecutor.executeNonLifecycleItem(TransactionExecutor.java:174)
05-11 07:15:02.916  6289  6289 E AndroidRuntime: 	at android.app.servertransaction.TransactionExecutor.executeTransactionItems(TransactionExecutor.java:109)
05-11 07:15:02.916  6289  6289 E AndroidRuntime: 	at android.app.servertransaction.TransactionExecutor.execute(TransactionExecutor.java:81)
05-11 07:15:02.916  6289  6289 E AndroidRuntime: 	at android.app.ActivityThread$H.handleMessage(ActivityThread.java:2636)
05-11 07:15:02.916  6289  6289 E AndroidRuntime: 	at android.os.Handler.dispatchMessage(Handler.java:107)
05-11 07:15:02.916  6289  6289 E AndroidRuntime: 	at android.os.Looper.loopOnce(Looper.java:232)
05-11 07:15:02.916  6289  6289 E AndroidRuntime: 	at android.os.Looper.loop(Looper.java:317)
05-11 07:15:02.916  6289  6289 E AndroidRuntime: 	at android.app.ActivityThread.main(ActivityThread.java:8705)
05-11 07:15:02.916  6289  6289 E AndroidRuntime: 	at java.lang.reflect.Method.invoke(Native Method)
05-11 07:15:02.916  6289  6289 E AndroidRuntime: 	at com.android.internal.os.RuntimeInit$MethodAndArgsCaller.run(RuntimeInit.java:580)
05-11 07:15:02.916  6289  6289 E AndroidRuntime: 	at com.android.internal.os.ZygoteInit.main(ZygoteInit.java:886)
05-11 07:15:02.916  6289  6289 E AndroidRuntime: Caused by: java.lang.IllegalStateException: This Activity already has an action bar supplied by the window decor. Do not request Window.FEATURE_SUPPORT_ACTION_BAR and set windowActionBar to false in your theme to use a Toolbar instead.
05-11 07:15:02.916  6289  6289 E AndroidRuntime: 	at androidx.appcompat.app.AppCompatDelegateImpl.setSupportActionBar(AppCompatDelegateImpl.java:630)
05-11 07:15:02.916  6289  6289 E AndroidRuntime: 	at androidx.appcompat.app.AppCompatActivity.setSupportActionBar(AppCompatActivity.java:185)
05-11 07:15:02.916  6289  6289 E AndroidRuntime: 	at com.example.expensetracker.ui.MainActivity.onCreate(MainActivity.java:35)
05-11 07:15:02.916  6289  6289 E AndroidRuntime: 	at android.app.Activity.performCreate(Activity.java:9002)
05-11 07:15:02.916  6289  6289 E AndroidRuntime: 	at android.app.Activity.performCreate(Activity.java:8980)
