05-11 07:23:00.027  3522  3595 I AiAiEcho: Ranked targets strategy: SORT, count: 0, ranking metadata:  [CONTEXT ratelimit_period="10 SECONDS" ]
05-11 07:23:00.027  3522  3595 I AiAiEcho: #remoteViewsTwiddler: feature disabled.
05-11 07:23:00.028  3522  3595 I AiAiEcho: #postPredictionTargets: Sending updates to UISurface lockscreen with targets# 0 (types=[])
05-11 07:23:00.028  3522  3595 I AiAiEcho: #postPredictionTargets: Sending updates to UISurface home with targets# 0 (types=[])
05-11 07:23:00.034  1322  1322 D SsBaseTemplateCard: No text view can be set up
05-11 07:23:00.037  1322  1322 D SsBaseTemplateCard: Passed-in item info is null
05-11 07:23:00.037  1322  1322 D SsBaseTemplateCard: Passed-in item info is null
05-11 07:23:00.037  1322  1322 D SsBaseTemplateCard: Passed-in item info is null
05-11 07:23:00.037  1322  1322 I SsBaseTemplateCard: Secondary card pane is null
05-11 07:23:00.066   894   894 W PageIndicator: Total number of pages invalid: 0. Assuming 1 page.
05-11 07:23:00.094   894  1088 D EGL_emulation: app_time_stats: avg=6354.52ms min=6354.52ms max=6354.52ms count=1
05-11 07:23:00.140  1322  1886 D EGL_emulation: app_time_stats: avg=59978.26ms min=59978.26ms max=59978.26ms count=1
05-11 07:23:00.149   445   445 E SurfaceFlinger: Out of order buffers detected for RequestedLayerState{com.google.android.apps.nexuslauncher/com.google.android.apps.nexuslauncher.NexusLauncherActivity#191 parentId=189} producedId=13 frameNumber=53 -> producedId=13 frameNumber=24
05-11 07:23:16.220  2838  2939 I BistoHotwordHelper: (REDACTED) getHotwordActive::active query: %s, watch: %s, devices connected: %s
05-11 07:23:33.721   894  1088 D EGL_emulation: app_time_stats: avg=33627.03ms min=33627.03ms max=33627.03ms count=1
05-11 07:23:34.532  3388  6319 I AlarmManager: setExactAndAllowWhileIdle [name: GCM_HB_ALARM type: 2 triggerAtMillis: 5082315]
05-11 07:23:34.560  3388  6319 W WakeLock: GCM_HB_ALARM release without a matched acquire!
05-11 07:23:34.567  3388  3449 W AbstractServiceBroker: calling package is not null : com.google.android.gms for service ids : [218] [CONTEXT service_id=259 ]
05-11 07:23:34.571  3388  6319 I AlarmManager: setExactAndAllowWhileIdle [name: GCM_HB_ALARM type: 2 triggerAtMillis: 5492354]
05-11 07:23:36.838   605   778 W IPCThreadState: Sending oneway calls to frozen process.
05-11 07:23:36.839   605   778 W IPCThreadState: Sending oneway calls to frozen process.
05-11 07:23:36.839   605   778 W IPCThreadState: Sending oneway calls to frozen process.
05-11 07:23:36.839   605   778 W IPCThreadState: Sending oneway calls to frozen process.
05-11 07:23:36.839   605   778 W IPCThreadState: Sending oneway calls to frozen process.
05-11 07:23:36.841   605   778 W IPCThreadState: Sending oneway calls to frozen process.
05-11 07:23:36.841   605   778 W IPCThreadState: Sending oneway calls to frozen process.
05-11 07:23:36.842   605   778 W IPCThreadState: Sending oneway calls to frozen process.
05-11 07:23:36.844   605   778 W IPCThreadState: Sending oneway calls to frozen process.
05-11 07:23:36.845   605   778 W IPCThreadState: Sending oneway calls to frozen process.
05-11 07:23:36.850  3388  4569 I NullBinder: NullBinder for android.net.action.RECOMMEND_NETWORKS triggering remote TransactionTooLargeException due to Service without Chimera impl, calling uid: 1000, calling pid: 0
05-11 07:23:36.850  3388  4569 W .gms.persistent: Large reply transaction of 1056768 bytes, interface descriptor , code 1
05-11 07:23:36.854   605   778 W IPCThreadState: Sending oneway calls to frozen process.
05-11 07:23:36.856   605   778 W IPCThreadState: Sending oneway calls to frozen process.
05-11 07:23:36.856   605   778 W IPCThreadState: Sending oneway calls to frozen process.
05-11 07:23:36.856   605   778 W IPCThreadState: Sending oneway calls to frozen process.
05-11 07:23:36.857   605   778 W IPCThreadState: Sending oneway calls to frozen process.
05-11 07:23:36.858   605   778 W IPCThreadState: Sending oneway calls to frozen process.
05-11 07:23:36.858   605   778 W IPCThreadState: Sending oneway calls to frozen process.
05-11 07:23:36.866  4230  4280 I BugleRcsEngine: Connected state: [1], networkType: [WIFI] [CONTEXT thread_id=58 ]
05-11 07:23:36.866  4230  4287 I BugleRcsEngine: handleMessage processing message:[NOTIFY_UPTIME_IGNORE_STATE_CHANGED] with [non-null]:RcsEngineImpl reference [CONTEXT log_prefix="RcsEngineImpl[DUAL_REG]:[94601c0a-a8dd]>Handler" thread_id=63 ]
05-11 07:23:36.888  4230  4287 I BugleRcsEngine: No RCS Configuration was found in Bugle for simID: redacted-pii:sim_id[chars:20,last3:897] [CONTEXT log_prefix="ProvisioningEngineDataRetriever" thread_id=63 ]
05-11 07:23:39.839   605   778 W IPCThreadState: Sending oneway calls to frozen process.
05-11 07:23:39.839   605   778 W IPCThreadState: Sending oneway calls to frozen process.
05-11 07:23:39.839   605   778 W IPCThreadState: Sending oneway calls to frozen process.
05-11 07:23:39.839   605   778 W IPCThreadState: Sending oneway calls to frozen process.
05-11 07:23:39.839   605   778 W IPCThreadState: Sending oneway calls to frozen process.
05-11 07:23:39.839   605   778 W IPCThreadState: Sending oneway calls to frozen process.
05-11 07:23:39.840   605   778 W IPCThreadState: Sending oneway calls to frozen process.
05-11 07:23:39.840   605   778 W IPCThreadState: Sending oneway calls to frozen process.
05-11 07:23:39.841   605   778 W IPCThreadState: Sending oneway calls to frozen process.
05-11 07:23:39.841   605   778 W IPCThreadState: Sending oneway calls to frozen process.
05-11 07:23:39.843  3388  3879 I NullBinder: NullBinder for android.net.action.RECOMMEND_NETWORKS triggering remote TransactionTooLargeException due to Service without Chimera impl, calling uid: 1000, calling pid: 0
05-11 07:23:39.844  3388  3879 W .gms.persistent: Large reply transaction of 1056768 bytes, interface descriptor , code 1
05-11 07:23:39.846  4230  4280 I BugleRcsEngine: Connected state: [1], networkType: [WIFI] [CONTEXT thread_id=58 ]
05-11 07:23:39.846  4230  4287 I BugleRcsEngine: handleMessage processing message:[NOTIFY_UPTIME_IGNORE_STATE_CHANGED] with [non-null]:RcsEngineImpl reference [CONTEXT log_prefix="RcsEngineImpl[DUAL_REG]:[94601c0a-a8dd]>Handler" thread_id=63 ]
05-11 07:23:39.846   605   778 W IPCThreadState: Sending oneway calls to frozen process.
05-11 07:23:39.847   605   778 W IPCThreadState: Sending oneway calls to frozen process.
05-11 07:23:39.847   605   778 W IPCThreadState: Sending oneway calls to frozen process.
05-11 07:23:39.848   605   778 W IPCThreadState: Sending oneway calls to frozen process.
05-11 07:23:39.848   605   778 W IPCThreadState: Sending oneway calls to frozen process.
05-11 07:23:39.848   605   778 W IPCThreadState: Sending oneway calls to frozen process.
05-11 07:23:39.848   605   778 W IPCThreadState: Sending oneway calls to frozen process.
05-11 07:23:39.854  4230  4287 I BugleRcsEngine: No RCS Configuration was found in Bugle for simID: redacted-pii:sim_id[chars:20,last3:897] [CONTEXT log_prefix="ProvisioningEngineDataRetriever" thread_id=63 ]
05-11 07:23:42.885   605   778 W IPCThreadState: Sending oneway calls to frozen process.
05-11 07:23:42.887   605   778 W IPCThreadState: Sending oneway calls to frozen process.
05-11 07:23:42.887   605   778 W IPCThreadState: Sending oneway calls to frozen process.
05-11 07:23:42.888   605   778 W IPCThreadState: Sending oneway calls to frozen process.
05-11 07:23:42.889   605   778 W IPCThreadState: Sending oneway calls to frozen process.
05-11 07:23:42.890   605   778 W IPCThreadState: Sending oneway calls to frozen process.
05-11 07:23:42.890   605   778 W IPCThreadState: Sending oneway calls to frozen process.
05-11 07:23:42.891   605   778 W IPCThreadState: Sending oneway calls to frozen process.
05-11 07:23:42.903   605   778 W IPCThreadState: Sending oneway calls to frozen process.
05-11 07:23:42.904   605   778 W IPCThreadState: Sending oneway calls to frozen process.
05-11 07:23:42.918  3388  3473 I NullBinder: NullBinder for android.net.action.RECOMMEND_NETWORKS triggering remote TransactionTooLargeException due to Service without Chimera impl, calling uid: 1000, calling pid: 0
05-11 07:23:42.918  3388  3473 W .gms.persistent: Large reply transaction of 1056768 bytes, interface descriptor , code 1
05-11 07:23:42.944   605   778 W IPCThreadState: Sending oneway calls to frozen process.
05-11 07:23:42.946   605   778 W IPCThreadState: Sending oneway calls to frozen process.
05-11 07:23:42.947   605   778 W IPCThreadState: Sending oneway calls to frozen process.
05-11 07:23:42.948   605   778 W IPCThreadState: Sending oneway calls to frozen process.
05-11 07:23:42.948   605   778 W IPCThreadState: Sending oneway calls to frozen process.
05-11 07:23:42.950   605   778 W IPCThreadState: Sending oneway calls to frozen process.
05-11 07:23:42.951   605   778 W IPCThreadState: Sending oneway calls to frozen process.
05-11 07:23:42.956  4230  4280 I BugleRcsEngine: Connected state: [1], networkType: [WIFI] [CONTEXT thread_id=58 ]
05-11 07:23:42.958  4230  4287 I BugleRcsEngine: handleMessage processing message:[NOTIFY_UPTIME_IGNORE_STATE_CHANGED] with [non-null]:RcsEngineImpl reference [CONTEXT log_prefix="RcsEngineImpl[DUAL_REG]:[94601c0a-a8dd]>Handler" thread_id=63 ]
05-11 07:23:42.978  4230  4287 I BugleRcsEngine: No RCS Configuration was found in Bugle for simID: redacted-pii:sim_id[chars:20,last3:897] [CONTEXT log_prefix="ProvisioningEngineDataRetriever" thread_id=63 ]
05-11 07:23:48.445   605   850 D androidtc: Initializing SystemTextClassifier, type = System
05-11 07:23:48.454   605   850 D androidtc: Initializing SystemTextClassifier, type = System
05-11 07:23:48.459  3522  3522 I AiAiTextClassifier: onCreateTextClassificationSession = TextClassificationSessionId {f47731cf-1f4e-4546-91c7-e4118c542b90}
05-11 07:23:48.462   894   894 I ClipboardListener: Clipboard overlay suppressed.
05-11 07:23:48.464   894   894 I ClipboardListener: Clipboard overlay suppressed.
05-11 07:23:48.468  3522  3522 I AiAiTextClassifier: onCreateTextClassificationSession = TextClassificationSessionId {5fab222d-bed3-495b-a637-9cbb411695de}
05-11 07:23:48.471  3522  3606 I AiAiTranslate: C2T - not in a conversation
05-11 07:23:48.550  3522  3613 I AiAiTextClassifier: GenerateLinks did not find valid links, returning empty result
05-11 07:23:48.626  3522  3613 I AiAiTextClassifier: GenerateLinks did not find valid links, returning empty result
05-11 07:23:48.682  3522  3613 I AiAiTextClassifier: GenerateLinks did not find valid links, returning empty result
05-11 07:23:48.686   894   894 I ClipboardListener: Clipboard overlay suppressed.
05-11 07:24:00.014  3522  3595 I AiAiEcho: Predicting[0]:  [CONTEXT sampling_count=5 ]
05-11 07:24:00.014  3522  3595 I AiAiEcho: EchoTargets: 
05-11 07:24:00.014  3522  3595 I AiAiEcho: Filtered by AiAi flag check: 
05-11 07:24:00.014  3522  3595 I AiAiEcho: [CONTEXT ratelimit_period="10 SECONDS" ]
05-11 07:24:00.015  3522  3595 I AiAiEcho: Ranked targets strategy: SORT, count: 0, ranking metadata:  [CONTEXT ratelimit_period="10 SECONDS" ]
05-11 07:24:00.015  3522  3595 I AiAiEcho: #remoteViewsTwiddler: feature disabled.
05-11 07:24:00.016  3522  3595 I AiAiEcho: Predicting[0]:  [CONTEXT sampling_count=5 ]
05-11 07:24:00.016  3522  3595 I AiAiEcho: EchoTargets: 
05-11 07:24:00.016  3522  3595 I AiAiEcho: Filtered by AiAi flag check: 
05-11 07:24:00.016  3522  3595 I AiAiEcho: [CONTEXT ratelimit_period="10 SECONDS" ]
05-11 07:24:00.016  3522  3595 I AiAiEcho: Ranked targets strategy: SORT, count: 0, ranking metadata:  [CONTEXT ratelimit_period="10 SECONDS" ]
05-11 07:24:00.017  3522  3595 I AiAiEcho: #remoteViewsTwiddler: feature disabled.
05-11 07:24:00.017  3522  3595 I AiAiEcho: #postPredictionTargets: Sending updates to UISurface lockscreen with targets# 0 (types=[])
05-11 07:24:00.018  3522  3595 I AiAiEcho: #postPredictionTargets: Sending updates to UISurface home with targets# 0 (types=[])
05-11 07:24:00.036  1322  1322 D SsBaseTemplateCard: No text view can be set up
05-11 07:24:00.039  1322  1322 D SsBaseTemplateCard: Passed-in item info is null
05-11 07:24:00.039  1322  1322 D SsBaseTemplateCard: Passed-in item info is null
05-11 07:24:00.039  1322  1322 D SsBaseTemplateCard: Passed-in item info is null
05-11 07:24:00.039  1322  1322 I SsBaseTemplateCard: Secondary card pane is null
05-11 07:24:00.054   894   894 W PageIndicator: Total number of pages invalid: 0. Assuming 1 page.
05-11 07:24:00.081   894  1088 D EGL_emulation: app_time_stats: avg=26359.12ms min=26359.12ms max=26359.12ms count=1
05-11 07:24:00.114  1322  1886 D EGL_emulation: app_time_stats: avg=59974.15ms min=59974.15ms max=59974.15ms count=1
05-11 07:24:00.146   445   445 E SurfaceFlinger: Out of order buffers detected for RequestedLayerState{com.google.android.apps.nexuslauncher/com.google.android.apps.nexuslauncher.NexusLauncherActivity#191 parentId=189} producedId=13 frameNumber=53 -> producedId=13 frameNumber=25
05-11 07:24:13.831   894  1088 D EGL_emulation: app_time_stats: avg=13749.97ms min=13749.97ms max=13749.97ms count=1
05-11 07:24:16.215  2838  3055 I BistoHotwordHelper: (REDACTED) getHotwordActive::active query: %s, watch: %s, devices connected: %s
05-11 07:24:17.333   605   850 D androidtc: Initializing SystemTextClassifier, type = System
05-11 07:24:17.358  3522  3522 I AiAiTextClassifier: onCreateTextClassificationSession = TextClassificationSessionId {21bc5c55-99b7-4e70-9ffa-38bd76c93c05}
05-11 07:24:17.364   894   894 I ClipboardListener: Clipboard overlay suppressed.
05-11 07:24:17.370  3522  3606 I AiAiTranslate: C2T - not in a conversation
05-11 07:24:17.435  3522  3613 I AiAiTextClassifier: GenerateLinks did not find valid links, returning empty result
05-11 07:24:17.440   894   894 I ClipboardListener: Clipboard overlay suppressed.
05-11 07:24:17.492  3522  3613 I AiAiTextClassifier: GenerateLinks did not find valid links, returning empty result
05-11 07:24:36.755   605  1723 W AppOps  : Noting op not finished: uid 10144 pkg com.google.android.gms code 113 startTime of in progress event=1746944520418
05-11 07:24:36.764   605  1723 W AppOps  : Noting op not finished: uid 10144 pkg com.google.android.gms code 113 startTime of in progress event=1746944520418
05-11 07:24:36.771   605  1230 W AppOps  : Noting op not finished: uid 10144 pkg com.google.android.gms code 113 startTime of in progress event=1746944520418
05-11 07:24:36.775   605  1230 W AppOps  : Noting op not finished: uid 10144 pkg com.google.android.gms code 79 startTime of in progress event=1746944520418
05-11 07:24:36.780  3388  3545 I ActivityScheduler: nextTriggerTime: 5322662, in 238100ms, detectorType: 39, FULL_TYPE alarmWindowMillis: 80000
05-11 07:24:36.782  3388  3449 W AbstractServiceBroker: calling package is not null : com.google.android.gms for service ids : [41] [CONTEXT service_id=259 ]
05-11 07:24:42.855   894   894 D ZenModeController: Added callback class com.android.systemui.qs.tiles.DndTile$3
05-11 07:24:42.864   894   894 D ZenModeController: Removed callback class com.android.systemui.qs.tiles.DndTile$3
05-11 07:24:42.865   894  1039 I QuickAccessWalletTile: QAW service is unavailable, recreating the wallet client.
05-11 07:24:42.873   894  1039 D ControlsListingControllerImpl: Subscribing callback, service count: 0
05-11 07:24:42.880   894  1039 D ControlsListingControllerImpl: Unsubscribing callback
05-11 07:25:00.048  3522  3595 I AiAiEcho: Predicting[0]:  [CONTEXT sampling_count=5 ]
05-11 07:25:00.048  3522  3595 I AiAiEcho: EchoTargets: 
05-11 07:25:00.048  3522  3595 I AiAiEcho: Filtered by AiAi flag check: 
05-11 07:25:00.048  3522  3595 I AiAiEcho: [CONTEXT ratelimit_period="10 SECONDS" ]
05-11 07:25:00.049  3522  3595 I AiAiEcho: Ranked targets strategy: SORT, count: 0, ranking metadata:  [CONTEXT ratelimit_period="10 SECONDS" ]
05-11 07:25:00.050  3522  3595 I AiAiEcho: #remoteViewsTwiddler: feature disabled.
05-11 07:25:00.051  3522  3595 I AiAiEcho: Predicting[0]:  [CONTEXT sampling_count=5 ]
05-11 07:25:00.051  3522  3595 I AiAiEcho: EchoTargets: 
05-11 07:25:00.051  3522  3595 I AiAiEcho: Filtered by AiAi flag check: 
05-11 07:25:00.051  3522  3595 I AiAiEcho: [CONTEXT ratelimit_period="10 SECONDS" ]
05-11 07:25:00.051  3522  3595 I AiAiEcho: Ranked targets strategy: SORT, count: 0, ranking metadata:  [CONTEXT ratelimit_period="10 SECONDS" ]
05-11 07:25:00.052  3522  3595 I AiAiEcho: #remoteViewsTwiddler: feature disabled.
05-11 07:25:00.053  3522  3595 I AiAiEcho: #postPredictionTargets: Sending updates to UISurface lockscreen with targets# 0 (types=[])
05-11 07:25:00.054  3522  3595 I AiAiEcho: #postPredictionTargets: Sending updates to UISurface home with targets# 0 (types=[])
05-11 07:25:00.062  1322  1322 D SsBaseTemplateCard: No text view can be set up
05-11 07:25:00.064  1322  1322 D SsBaseTemplateCard: Passed-in item info is null
05-11 07:25:00.065  1322  1322 D SsBaseTemplateCard: Passed-in item info is null
05-11 07:25:00.065  1322  1322 D SsBaseTemplateCard: Passed-in item info is null
05-11 07:25:00.065  1322  1322 I SsBaseTemplateCard: Secondary card pane is null
05-11 07:25:00.091   894   894 W PageIndicator: Total number of pages invalid: 0. Assuming 1 page.
05-11 07:25:00.134   894  1088 D EGL_emulation: app_time_stats: avg=46303.07ms min=46303.07ms max=46303.07ms count=1
05-11 07:25:00.149  1322  1886 D EGL_emulation: app_time_stats: avg=60034.80ms min=60034.80ms max=60034.80ms count=1
05-11 07:25:00.151   445   445 E SurfaceFlinger: Out of order buffers detected for RequestedLayerState{com.google.android.apps.nexuslauncher/com.google.android.apps.nexuslauncher.NexusLauncherActivity#191 parentId=189} producedId=13 frameNumber=53 -> producedId=13 frameNumber=26
05-11 07:25:13.117   605   778 W IPCThreadState: Sending oneway calls to frozen process.
05-11 07:25:13.118   605   778 W IPCThreadState: Sending oneway calls to frozen process.
05-11 07:25:13.118   605   778 W IPCThreadState: Sending oneway calls to frozen process.
05-11 07:25:13.118   605   778 W IPCThreadState: Sending oneway calls to frozen process.
05-11 07:25:13.119   605   778 W IPCThreadState: Sending oneway calls to frozen process.
05-11 07:25:13.119   605   778 W IPCThreadState: Sending oneway calls to frozen process.
05-11 07:25:13.119   605   778 W IPCThreadState: Sending oneway calls to frozen process.
05-11 07:25:13.119   605   778 W IPCThreadState: Sending oneway calls to frozen process.
05-11 07:25:13.122   605   778 W IPCThreadState: Sending oneway calls to frozen process.
05-11 07:25:13.123   605   778 W IPCThreadState: Sending oneway calls to frozen process.
05-11 07:25:13.133  3388  3879 I NullBinder: NullBinder for android.net.action.RECOMMEND_NETWORKS triggering remote TransactionTooLargeException due to Service without Chimera impl, calling uid: 1000, calling pid: 0
05-11 07:25:13.134  3388  3879 W .gms.persistent: Large reply transaction of 1056768 bytes, interface descriptor , code 1
05-11 07:25:13.134   605   778 W IPCThreadState: Sending oneway calls to frozen process.
05-11 07:25:13.135   605   778 W IPCThreadState: Sending oneway calls to frozen process.
05-11 07:25:13.136   605   778 W IPCThreadState: Sending oneway calls to frozen process.
05-11 07:25:13.137   605   778 W IPCThreadState: Sending oneway calls to frozen process.
05-11 07:25:13.137   605   778 W IPCThreadState: Sending oneway calls to frozen process.
05-11 07:25:13.137   605   778 W IPCThreadState: Sending oneway calls to frozen process.
05-11 07:25:13.137   605   778 W IPCThreadState: Sending oneway calls to frozen process.
05-11 07:25:13.147  4230  4287 I BugleRcsEngine: handleMessage processing message:[NOTIFY_UPTIME_IGNORE_STATE_CHANGED] with [non-null]:RcsEngineImpl reference [CONTEXT log_prefix="RcsEngineImpl[DUAL_REG]:[94601c0a-a8dd]>Handler" thread_id=63 ]
05-11 07:25:13.147  4230  4280 I BugleRcsEngine: Connected state: [1], networkType: [WIFI] [CONTEXT thread_id=58 ]
05-11 07:25:13.168  4230  4287 I BugleRcsEngine: No RCS Configuration was found in Bugle for simID: redacted-pii:sim_id[chars:20,last3:897] [CONTEXT log_prefix="ProvisioningEngineDataRetriever" thread_id=63 ]
05-11 07:25:15.882  3388  3879 W AbstractServiceBroker: calling package is not null : com.google.android.googlequicksearchbox for service ids : [40] [CONTEXT service_id=259 ]
05-11 07:25:16.211  2838  2970 I BistoHotwordHelper: (REDACTED) getHotwordActive::active query: %s, watch: %s, devices connected: %s
05-11 07:25:20.101  1002  1010 I rkstack.process: Background concurrent mark compact GC freed 2536KB AllocSpace bytes, 0(0B) LOS objects, 49% free, 2816KB/5632KB, paused 510us,17.953ms total 210.933ms
05-11 07:25:24.215  3388  6371 I .gms.persistent: Explicit concurrent mark compact GC freed 3393KB AllocSpace bytes, 0(0B) LOS objects, 49% free, 13MB/26MB, paused 1.276ms,16.404ms total 490.071ms
05-11 07:25:25.962   605  1723 D WifiNl80211Manager: Scan result ready event
05-11 07:25:25.962   605  1723 D WifiNative: Scan result ready event
05-11 07:25:25.970   605   771 I HalDevMgr: bestIfaceCreationProposal is null, requestIface=STA, existingIface=[name=wlan0 type=STA]
05-11 07:25:28.285   605   778 W IPCThreadState: Sending oneway calls to frozen process.
05-11 07:25:28.285   605   778 W IPCThreadState: Sending oneway calls to frozen process.
05-11 07:25:28.286   605   778 W IPCThreadState: Sending oneway calls to frozen process.
05-11 07:25:28.286   605   778 W IPCThreadState: Sending oneway calls to frozen process.
05-11 07:25:28.286   605   778 W IPCThreadState: Sending oneway calls to frozen process.
05-11 07:25:28.287   605   778 W IPCThreadState: Sending oneway calls to frozen process.
05-11 07:25:28.287   605   778 W IPCThreadState: Sending oneway calls to frozen process.
05-11 07:25:28.287   605   778 W IPCThreadState: Sending oneway calls to frozen process.
05-11 07:25:28.291   605   778 W IPCThreadState: Sending oneway calls to frozen process.
05-11 07:25:28.291   605   778 W IPCThreadState: Sending oneway calls to frozen process.
05-11 07:25:28.301   605   778 W IPCThreadState: Sending oneway calls to frozen process.
05-11 07:25:28.303   605   778 W IPCThreadState: Sending oneway calls to frozen process.
05-11 07:25:28.303   605   778 W IPCThreadState: Sending oneway calls to frozen process.
05-11 07:25:28.303   605   778 W IPCThreadState: Sending oneway calls to frozen process.
05-11 07:25:28.304   605   778 W IPCThreadState: Sending oneway calls to frozen process.
05-11 07:25:28.304   605   778 W IPCThreadState: Sending oneway calls to frozen process.
05-11 07:25:28.305   605   778 W IPCThreadState: Sending oneway calls to frozen process.
05-11 07:25:28.305  3388  3879 I NullBinder: NullBinder for android.net.action.RECOMMEND_NETWORKS triggering remote TransactionTooLargeException due to Service without Chimera impl, calling uid: 1000, calling pid: 0
05-11 07:25:28.305  3388  3879 W .gms.persistent: Large reply transaction of 1056768 bytes, interface descriptor , code 1
05-11 07:25:28.309  4230  4287 I BugleRcsEngine: handleMessage processing message:[NOTIFY_UPTIME_IGNORE_STATE_CHANGED] with [non-null]:RcsEngineImpl reference [CONTEXT log_prefix="RcsEngineImpl[DUAL_REG]:[94601c0a-a8dd]>Handler" thread_id=63 ]
05-11 07:25:28.311  4230  4280 I BugleRcsEngine: Connected state: [1], networkType: [WIFI] [CONTEXT thread_id=58 ]
05-11 07:25:28.331  4230  4287 I BugleRcsEngine: No RCS Configuration was found in Bugle for simID: redacted-pii:sim_id[chars:20,last3:897] [CONTEXT log_prefix="ProvisioningEngineDataRetriever" thread_id=63 ]
05-11 07:25:31.692   605   850 D androidtc: Initializing SystemTextClassifier, type = System
05-11 07:25:31.701   894   894 I ClipboardListener: Clipboard overlay suppressed.
05-11 07:25:31.704  3522  3522 I AiAiTextClassifier: onCreateTextClassificationSession = TextClassificationSessionId {abe8e930-4cd0-4d34-8008-76180a9f99d5}
05-11 07:25:31.705  3522  3606 I AiAiTranslate: C2T - not in a conversation
05-11 07:25:31.735  3522  3613 I AiAiTextClassifier: GenerateLinks did not find valid links, returning empty result
05-11 07:25:31.738   894   894 I ClipboardListener: Clipboard overlay suppressed.
05-11 07:25:31.748  3522  3613 I AiAiTextClassifier: GenerateLinks did not find valid links, returning empty result
05-11 07:25:34.077   605   850 D androidtc: Initializing SystemTextClassifier, type = System
05-11 07:25:34.079  3522  3522 I AiAiTextClassifier: onCreateTextClassificationSession = TextClassificationSessionId {949c6752-68ec-4a5f-9f34-fa327f7e6d71}
05-11 07:25:34.081  3522  3606 I AiAiTranslate: C2T - not in a conversation
05-11 07:25:34.082   894   894 I ClipboardListener: Clipboard overlay suppressed.
05-11 07:25:34.091  3522  3613 I AiAiTextClassifier: GenerateLinks did not find valid links, returning empty result
05-11 07:25:34.095   894   894 I ClipboardListener: Clipboard overlay suppressed.
05-11 07:25:34.098  3522  3613 I AiAiTextClassifier: GenerateLinks did not find valid links, returning empty result
