05-11 07:15:02.916  6289  6289 E AndroidRuntime: 	at android.app.Instrumentation.callActivityOnCreate(Instrumentation.java:1526)
05-11 07:15:02.916  6289  6289 E AndroidRuntime: 	at android.app.ActivityThread.performLaunchActivity(ActivityThread.java:4030)
05-11 07:15:02.916  6289  6289 E AndroidRuntime: 	... 13 more
05-11 07:15:02.923   605  6308 I DropBoxManagerService: add tag=data_app_crash isTagEnabled=true flags=0x2
05-11 07:15:02.924   605  1230 W ActivityTaskManager:   Force finishing activity com.example.expensetracker/.ui.MainActivity
05-11 07:15:02.926  1322  1322 D VRI[NexusLauncherActivity]: visibilityChanged oldVisibility=false newVisibility=true
05-11 07:15:02.927   894   961 V WindowManagerShell: Transition requested (#33): android.os.BinderProxy@8c9fa6a TransitionRequestInfo { type = CLOSE, triggerTask = null, pipTask = null, remoteTransition = null, displayChange = null, flags = 16, debugId = 33 }
05-11 07:15:02.931  6289  6289 I Process : Sending signal. PID: 6289 SIG: 9
05-11 07:15:02.933   445   445 I BpBinder: onLastStrongRef automatically unlinking death recipients: 
05-11 07:15:02.936  1322  1322 D NexusLauncherModelDelegate: notifySmartspaceEvent: SmartspaceTargetEvent{mSmartspaceTarget=null, mSmartspaceActionId='null', mEventType=6}
05-11 07:15:03.026   605  2953 I ActivityManager: Process com.example.expensetracker (pid 6289) has died: fg  TOP 
05-11 07:15:03.036   373   373 I Zygote  : Process 6289 exited due to signal 9 (Killed)
05-11 07:15:03.036   605   655 I libprocessgroup: Removed cgroup /sys/fs/cgroup/uid_10211/pid_6289
05-11 07:15:03.037   452   452 I adbd    : Remote process closed the socket (on MSG_PEEK)
05-11 07:15:03.037   605   639 D DisplayManagerService: Drop pending events for gone uid 10211
05-11 07:15:03.055  1322  1322 I TopTaskTracker: onTaskMovedToFront: (moved taskInfo to front) taskId=22, baseIntent=Intent { act=android.intent.action.MAIN cat=[android.intent.category.HOME] flg=0x10000100 cmp=com.google.android.apps.nexuslauncher/.NexusLauncherActivity }
05-11 07:15:03.057  1322  1322 D StatsLog: LAUNCHER_ONRESUME
05-11 07:15:03.057   894   961 D WindowManagerShell: setLauncherKeepClearAreaHeight: visible=true, height=527
05-11 07:15:03.062   894  1148 V WindowManagerShell: onTransitionReady(transaction=2598455215587)
05-11 07:15:03.063   894   961 V WindowManagerShell: onTransitionReady (#33) android.os.BinderProxy@8c9fa6a: {id=33 t=CLOSE f=0x10 trk=0 r=[0@Point(0, 0)] c=[{WCT{android.window.IWindowContainerToken$Stub$Proxy@ee31237} m=TO_FRONT f=SHOW_WALLPAPER|MOVE_TO_TOP leash=Surface(name=Task=1)/@0x481b5b sb=Rect(0, 0 - 1080, 2400) eb=Rect(0, 0 - 1080, 2400) d=0 taskParent=-1},{WCT{android.window.IWindowContainerToken$Stub$Proxy@3c5b3a4} m=CLOSE f=NONE leash=Surface(name=Task=33)/@0xa6b8ff8 sb=Rect(0, 0 - 1080, 2400) eb=Rect(0, 0 - 1080, 2400) d=0 taskParent=-1},{null m=TO_FRONT f=IS_WALLPAPER leash=Surface(name=WallpaperWindowToken{e9f0067 token=android.os.Binder@3005c26})/@0x77a0cd1 sb=Rect(0, 0 - 1080, 2400) eb=Rect(0, 0 - 1080, 2400) d=0}]}
05-11 07:15:03.063   894   961 V WindowManagerShell: Playing animation for (#33) android.os.BinderProxy@8c9fa6a@0
05-11 07:15:03.063   894   961 V WindowManagerShell:  try handler com.android.wm.shell.transition.DefaultMixedHandler@5e9ebdf
05-11 07:15:03.063   894   961 V WindowManagerShell:  try handler com.android.wm.shell.keyguard.KeyguardTransitionHandler@7f1902c
05-11 07:15:03.063   894   961 V WindowManagerShell:  try handler com.android.wm.shell.pip.PipTransition@9cffaf5
05-11 07:15:03.064   894   961 V WindowManagerShell:  try handler com.android.wm.shell.activityembedding.ActivityEmbeddingController@a82b08a
05-11 07:15:03.064   894   961 V WindowManagerShell:  try handler com.android.wm.shell.recents.RecentsTransitionHandler@2b66fb
05-11 07:15:03.064   894   961 V ShellRecents: RecentsTransitionHandler.startAnimation: no controller found
05-11 07:15:03.064   894   961 V WindowManagerShell:  try handler com.android.wm.shell.splitscreen.StageCoordinator@cfd8318
05-11 07:15:03.064   894   961 V WindowManagerShell:  try handler com.android.wm.shell.transition.RemoteTransitionHandler@2725171
05-11 07:15:03.064  3522  3595 I AiAiEcho: Predicting[0]:  [CONTEXT sampling_count=5 ]
05-11 07:15:03.064  3522  3595 I AiAiEcho: EchoTargets: 
05-11 07:15:03.064  3522  3595 I AiAiEcho: Filtered by AiAi flag check: 
05-11 07:15:03.064  3522  3595 I AiAiEcho: [CONTEXT ratelimit_period="10 SECONDS" ]
05-11 07:15:03.064   894   961 V WindowManagerShell: Transition doesn't have explicit remote, search filters for match for {id=33 t=CLOSE f=0x10 trk=0 r=[0@Point(0, 0)] c=[{WCT{android.window.IWindowContainerToken$Stub$Proxy@ee31237} m=TO_FRONT f=SHOW_WALLPAPER|MOVE_TO_TOP leash=Surface(name=Task=1)/@0x481b5b sb=Rect(0, 0 - 1080, 2400) eb=Rect(0, 0 - 1080, 2400) d=0 taskParent=-1},{WCT{android.window.IWindowContainerToken$Stub$Proxy@3c5b3a4} m=CLOSE f=NONE leash=Surface(name=Task=33)/@0xa6b8ff8 sb=Rect(0, 0 - 1080, 2400) eb=Rect(0, 0 - 1080, 2400) d=0 taskParent=-1},{null m=TO_FRONT f=IS_WALLPAPER leash=Surface(name=WallpaperWindowToken{e9f0067 token=android.os.Binder@3005c26})/@0x77a0cd1 sb=Rect(0, 0 - 1080, 2400) eb=Rect(0, 0 - 1080, 2400) d=0}]}
05-11 07:15:03.064  3522  3595 I AiAiEcho: Ranked targets strategy: SORT, count: 0, ranking metadata:  [CONTEXT ratelimit_period="10 SECONDS" ]
05-11 07:15:03.064   894   961 V WindowManagerShell:  Checking filter Pair{{types=[] flags=0x0] notFlags=0x0 checks=[{atype=undefined independent=true modes=[OPEN,TO_FRONT] flags=IN_TASK_WITH_EMBEDDED_ACTIVITY mustBeTask=false order=ANY topActivity=ComponentInfo{com.google.android.apps.nexuslauncher/com.google.android.apps.nexuslauncher.NexusLauncherActivity} launchCookie=null},{atype=undefined independent=true modes=[CLOSE,TO_BACK] flags=IN_TASK_WITH_EMBEDDED_ACTIVITY mustBeTask=false order=ANY topActivity=null launchCookie=null}]} RemoteTransition { remoteTransition = android.window.IRemoteTransition$Stub$Proxy@9be135e, appThread = android.app.IApplicationThread$Stub$Proxy@889133f, debugName = OverlaySwipeBack }}
05-11 07:15:03.064   894   961 V WindowManagerShell:  Checking filter Pair{{types=[] flags=0x0] notFlags=0x0 checks=[{atype=dream independent=true modes=[OPEN,TO_FRONT] flags=NONE mustBeTask=false order=ANY topActivity=null launchCookie=null},{atype=home independent=true modes=[CLOSE,TO_BACK] flags=NONE mustBeTask=false order=ANY topActivity=null launchCookie=null}]} RemoteTransition { remoteTransition = android.window.IRemoteTransition$Stub$Proxy@7f4940c, appThread = android.app.IApplicationThread$Stub$Proxy@586e155, debugName = LauncherToDream }}
05-11 07:15:03.064   894   961 V WindowManagerShell:  Checking filter Pair{{types=[] flags=0x0] notFlags=0x100 checks=[{atype=home independent=true modes=[OPEN,TO_FRONT] flags=NONE mustBeTask=false order=TOP topActivity=ComponentInfo{com.google.android.apps.nexuslauncher/com.google.android.apps.nexuslauncher.NexusLauncherActivity} launchCookie=null},{atype=standard independent=true modes=[CLOSE,TO_BACK] flags=NONE mustBeTask=false order=ANY topActivity=null launchCookie=null}]} RemoteTransition { remoteTransition = android.window.IRemoteTransition$Stub$Proxy@fd4076a, appThread = android.app.IApplicationThread$Stub$Proxy@d85a45b, debugName = QuickstepLaunchHome }}
05-11 07:15:03.064   894   961 D RemoteTransitionHandler: Found filterPair{{types=[] flags=0x0] notFlags=0x100 checks=[{atype=home independent=true modes=[OPEN,TO_FRONT] flags=NONE mustBeTask=false order=TOP topActivity=ComponentInfo{com.google.android.apps.nexuslauncher/com.google.android.apps.nexuslauncher.NexusLauncherActivity} launchCookie=null},{atype=standard independent=true modes=[CLOSE,TO_BACK] flags=NONE mustBeTask=false order=ANY topActivity=null launchCookie=null}]} RemoteTransition { remoteTransition = android.window.IRemoteTransition$Stub$Proxy@fd4076a, appThread = android.app.IApplicationThread$Stub$Proxy@d85a45b, debugName = QuickstepLaunchHome }}
05-11 07:15:03.064   894   961 V WindowManagerShell:  Delegate animation for (#33) to RemoteTransition { remoteTransition = android.window.IRemoteTransition$Stub$Proxy@fd4076a, appThread = android.app.IApplicationThread$Stub$Proxy@d85a45b, debugName = QuickstepLaunchHome }
05-11 07:15:03.065  3522  3595 I AiAiEcho: #remoteViewsTwiddler: feature disabled.
05-11 07:15:03.071   605  1671 W AppSearchIcing: icing-search-engine.cc:321: Error: 5, Message: Document (com.google.android.googlequicksearchbox$OneSearchZeroStateGoogleSuggestions/default, zp) not found.
05-11 07:15:03.072  1322  1330 E FrameEvents: addRelease: Did not find frame.
05-11 07:15:03.080   605   638 V WindowManager: Sent Transition (#33) createdAt=05-11 07:15:02.924 via request=TransitionRequestInfo { type = CLOSE, triggerTask = null, pipTask = null, remoteTransition = null, displayChange = null, flags = 16, debugId = 33 }
05-11 07:15:03.081   605   638 V WindowManager:     startWCT=WindowContainerTransaction { changes = {} hops = [] errorCallbackToken=null taskFragmentOrganizer=null }
05-11 07:15:03.081   605   638 V WindowManager:     info={id=33 t=CLOSE f=0x10 trk=0 r=[0@Point(0, 0)] c=[
05-11 07:15:03.081   605   638 V WindowManager:         {WCT{RemoteToken{b658bb4 Task{bc05cee #1 type=home}}} m=TO_FRONT f=SHOW_WALLPAPER|MOVE_TO_TOP leash=Surface(name=Task=1)/@0x60ec3e4 sb=Rect(0, 0 - 1080, 2400) eb=Rect(0, 0 - 1080, 2400) d=0 taskParent=-1},
05-11 07:15:03.081   605   638 V WindowManager:         {WCT{RemoteToken{bed15bf Task{96cad30 #33 type=standard A=10211:com.example.expensetracker}}} m=CLOSE f=NONE leash=Surface(name=Task=33)/@0x9437663 sb=Rect(0, 0 - 1080, 2400) eb=Rect(0, 0 - 1080, 2400) d=0 taskParent=-1},
05-11 07:15:03.081   605   638 V WindowManager:         {null m=TO_FRONT f=IS_WALLPAPER leash=Surface(name=WallpaperWindowToken{e9f0067 token=android.os.Binder@3005c26})/@0x1ee69c1 sb=Rect(0, 0 - 1080, 2400) eb=Rect(0, 0 - 1080, 2400) d=0}
05-11 07:15:03.081   605   638 V WindowManager:     ]}
05-11 07:15:03.085   894   961 V WindowManagerShell:  animated by com.android.wm.shell.transition.RemoteTransitionHandler@2725171
05-11 07:15:03.086  3522  3595 I AiAiEcho: #postPredictionTargets: Sending updates to UISurface home with targets# 0 (types=[])
05-11 07:15:03.090   605   625 W UserManagerService: Requested status bar icon for non-badged user 0
05-11 07:15:03.110  1322  1378 D QuickstepModelDelegate: notifyAppTargetEvent action=1 launchLocation=workspace/0/[-1,-1]/[1,1]
05-11 07:15:03.123  1322  1322 D SsBaseTemplateCard: No text view can be set up
05-11 07:15:03.124  1322  1322 D SsBaseTemplateCard: Passed-in item info is null
05-11 07:15:03.124  1322  1322 D SsBaseTemplateCard: Passed-in item info is null
05-11 07:15:03.124  1322  1322 D SsBaseTemplateCard: Passed-in item info is null
05-11 07:15:03.124  1322  1322 I SsBaseTemplateCard: Secondary card pane is null
05-11 07:15:03.140  1322  1322 D StateManager: createAtomicAnimation - fromState: Background, toState: Normal, partial trace:
05-11 07:15:03.140  1322  1322 D StateManager: 	at com.android.quickstep.util.StaggeredWorkspaceAnim.prepareToAnimate(go/retraceme 2855a437b73635ce9cad76b9289087e631bbb67fc90008a0da13d343a00e5041:22)
05-11 07:15:03.140  1322  1322 D StateManager: 	at com.android.quickstep.util.StaggeredWorkspaceAnim.<init>(go/retraceme 2855a437b73635ce9cad76b9289087e631bbb67fc90008a0da13d343a00e5041:4)
05-11 07:15:03.140  1322  1322 D StateManager: 	at com.android.quickstep.util.StaggeredWorkspaceAnim.<init>(go/retraceme 2855a437b73635ce9cad76b9289087e631bbb67fc90008a0da13d343a00e5041:1)
05-11 07:15:03.151   894  1088 D EGL_emulation: app_time_stats: avg=573.56ms min=19.11ms max=1669.14ms count=3
05-11 07:15:03.178   497   497 W IPCThreadState: Sending oneway calls to frozen process.
05-11 07:15:03.199   445   445 E SurfaceFlinger: Out of order buffers detected for RequestedLayerState{com.google.android.apps.nexuslauncher/com.google.android.apps.nexuslauncher.NexusLauncherActivity#191 parentId=189} producedId=13 frameNumber=53 -> producedId=13 frameNumber=2
05-11 07:15:03.202  1322  1326 I s.nexuslauncher: Background concurrent mark compact GC freed 4787KB AllocSpace bytes, 60(1584KB) LOS objects, 49% free, 6669KB/13MB, paused 701us,12.447ms total 271.357ms
05-11 07:15:03.222  1322  1886 D EGL_emulation: app_time_stats: avg=111.72ms min=2.93ms max=1376.63ms count=15
05-11 07:15:03.236   894  1019 W WindowOnBackDispatcher: sendCancelIfRunning: isInProgress=false callback=android.view.ViewRootImpl$$ExternalSyntheticLambda11@90cbf4f
05-11 07:15:03.237   605   625 D CoreBackPreview: Window{eee03a u0 Splash Screen com.example.expensetracker EXITING}: Setting back callback null
05-11 07:15:03.237   605  2953 W InputManager-JNI: Input channel object 'eee03a Splash Screen com.example.expensetracker (client)' was disposed without first being removed with the input manager!
05-11 07:15:03.246  1322  1328 W System  : A resource failed to call release. 
05-11 07:15:03.247  1322  1328 W System  : A resource failed to call release. 
05-11 07:15:03.247  1322  1328 W System  : A resource failed to call release. 
05-11 07:15:03.248   605   742 I ImeTracker: com.google.android.apps.nexuslauncher:3fbc8c0f: onRequestHide at ORIGIN_SERVER reason HIDE_SAME_WINDOW_FOCUSED_WITHOUT_EDITOR fromUser false
05-11 07:15:03.248  1322  1328 W s.nexuslauncher: ApkAssets: Deleting an ApkAssets object '<empty> and /data/app/~~9Rz7dIl-Bpw-zjtZihZ8LQ==/com.example.expensetracker-ouxyI5zOuRXphngGZCISrQ==/base.apk' with 1 weak references
05-11 07:15:03.252   605   742 I ImeTracker: com.google.android.apps.nexuslauncher:3fbc8c0f: onCancelled at PHASE_SERVER_SHOULD_HIDE
05-11 07:15:03.261  1322  1328 W System  : A resource failed to call release. 
05-11 07:15:03.261  1322  1328 W System  : A resource failed to call release. 
05-11 07:15:03.261  1322  1328 W System  : A resource failed to call release. 
05-11 07:15:03.262  1322  1328 W System  : A resource failed to call release. 
05-11 07:15:03.262  1322  1328 W System  : A resource failed to call release. 
05-11 07:15:03.262  1322  1328 W System  : A resource failed to call release. 
05-11 07:15:03.267  2198  2198 I GoogleInputMethodService: GoogleInputMethodService.onFinishInput():3157 
05-11 07:15:03.277  2198  2198 I GoogleInputMethodService: GoogleInputMethodService.updateDeviceLockedStatus():2248 repeatCheckTimes = 0, locked = false
05-11 07:15:03.279  2198  2198 I GoogleInputMethodService: GoogleInputMethodService.onStartInput():1986 onStartInput(EditorInfo{EditorInfo{packageName=com.google.android.apps.nexuslauncher, inputType=0, inputTypeString=NULL, enableLearning=false, autoCorrection=false, autoComplete=false, imeOptions=0, privateImeOptions=null, actionName=UNSPECIFIED, actionLabel=null, initialSelStart=-1, initialSelEnd=-1, initialCapsMode=0, label=null, fieldId=0, fieldName=null, extras=null, hintText=null, hintLocales=[]}}, false)
05-11 07:15:03.280  2198  2198 I GoogleInputMethodService: GoogleInputMethodService.updateDeviceLockedStatus():2248 repeatCheckTimes = 1, locked = false
05-11 07:15:03.281  2198  2198 I AndroidIME: InputBundleManager.loadActiveInputBundleId():450 loadActiveInputBundleId: und-Latn-x-password, password
05-11 07:15:03.285   605   984 W PackageConfigPersister: App-specific configuration not found for packageName: com.google.android.apps.nexuslauncher and userId: 0
05-11 07:15:03.339   445   445 E SurfaceFlinger: Out of order buffers detected for RequestedLayerState{com.google.android.apps.nexuslauncher/com.google.android.apps.nexuslauncher.NexusLauncherActivity#191 parentId=189} producedId=13 frameNumber=53 -> producedId=13 frameNumber=3
05-11 07:15:03.367   445   445 E SurfaceFlinger: Out of order buffers detected for RequestedLayerState{com.google.android.apps.nexuslauncher/com.google.android.apps.nexuslauncher.NexusLauncherActivity#191 parentId=189} producedId=13 frameNumber=53 -> producedId=13 frameNumber=4
05-11 07:15:03.425   605   641 W ActivityTaskManager: Activity top resumed state loss timeout for ActivityRecord{f030a73 u0 com.example.expensetracker/.ui.MainActivity t33 f} isExiting}
05-11 07:15:03.484   445   445 E SurfaceFlinger: Out of order buffers detected for RequestedLayerState{com.google.android.apps.nexuslauncher/com.google.android.apps.nexuslauncher.NexusLauncherActivity#191 parentId=189} producedId=13 frameNumber=53 -> producedId=13 frameNumber=5
05-11 07:15:03.513   445   920 W VsyncModulator: setTransactionSchedule: Unexpected EarlyEnd
05-11 07:15:03.525   445   445 E SurfaceFlinger: Out of order buffers detected for RequestedLayerState{com.google.android.apps.nexuslauncher/com.google.android.apps.nexuslauncher.NexusLauncherActivity#191 parentId=189} producedId=13 frameNumber=53 -> producedId=13 frameNumber=6
05-11 07:15:03.551   445   445 E SurfaceFlinger: Out of order buffers detected for RequestedLayerState{com.google.android.apps.nexuslauncher/com.google.android.apps.nexuslauncher.NexusLauncherActivity#191 parentId=189} producedId=13 frameNumber=53 -> producedId=13 frameNumber=7
05-11 07:15:03.558  3388  3449 W AbstractServiceBroker: calling package is not null : com.google.android.gms for service ids : [41] [CONTEXT service_id=259 ]
05-11 07:15:03.561  3388  3449 W AbstractServiceBroker: calling package is not null : com.google.android.gms for service ids : [40] [CONTEXT service_id=259 ]
05-11 07:15:03.599   445   445 E SurfaceFlinger: Out of order buffers detected for RequestedLayerState{com.google.android.apps.nexuslauncher/com.google.android.apps.nexuslauncher.NexusLauncherActivity#191 parentId=189} producedId=13 frameNumber=53 -> producedId=13 frameNumber=8
05-11 07:15:03.633   445   445 E SurfaceFlinger: Out of order buffers detected for RequestedLayerState{com.google.android.apps.nexuslauncher/com.google.android.apps.nexuslauncher.NexusLauncherActivity#191 parentId=189} producedId=13 frameNumber=53 -> producedId=13 frameNumber=9
05-11 07:15:03.654   445   445 E SurfaceFlinger: Out of order buffers detected for RequestedLayerState{com.google.android.apps.nexuslauncher/com.google.android.apps.nexuslauncher.NexusLauncherActivity#191 parentId=189} producedId=13 frameNumber=53 -> producedId=13 frameNumber=10
05-11 07:15:03.699   445   445 E SurfaceFlinger: Out of order buffers detected for RequestedLayerState{com.google.android.apps.nexuslauncher/com.google.android.apps.nexuslauncher.NexusLauncherActivity#191 parentId=189} producedId=13 frameNumber=53 -> producedId=13 frameNumber=11
05-11 07:15:03.751   894   961 V WindowManagerShell: Transition animation finished (aborted=false), notifying core (#33) android.os.BinderProxy@8c9fa6a@0
05-11 07:15:03.756   605   638 V WindowManager: Finish Transition (#33): created at 05-11 07:15:02.924 collect-started=0.067ms request-sent=0.112ms started=5.813ms ready=132.815ms sent=136.502ms finished=831.866ms
05-11 07:15:03.762   894   961 V WindowManagerShell: Track 0 became idle
05-11 07:15:03.762   894   961 V WindowManagerShell: All active transition animations finished
05-11 07:15:03.762   605   625 W UserManagerService: Requested status bar icon for non-badged user 0
05-11 07:15:03.763   605   625 W UserManagerService: Requested status bar icon for non-badged user 0
05-11 07:15:03.767   445   445 E SurfaceFlinger: Out of order buffers detected for RequestedLayerState{com.google.android.apps.nexuslauncher/com.google.android.apps.nexuslauncher.NexusLauncherActivity#191 parentId=189} producedId=13 frameNumber=53 -> producedId=13 frameNumber=12
05-11 07:15:03.783   445   445 E SurfaceFlinger: Out of order buffers detected for RequestedLayerState{com.google.android.apps.nexuslauncher/com.google.android.apps.nexuslauncher.NexusLauncherActivity#191 parentId=189} producedId=13 frameNumber=53 -> producedId=13 frameNumber=13
05-11 07:15:03.836  1322  1322 I TopTaskTracker: onTaskRemoved: taskId=33
05-11 07:15:03.836  1322  1322 I TopTaskTracker: onTaskRemoved: taskId=33
05-11 07:15:03.849   445   445 E SurfaceFlinger: Out of order buffers detected for RequestedLayerState{com.google.android.apps.nexuslauncher/com.google.android.apps.nexuslauncher.NexusLauncherActivity#191 parentId=189} producedId=13 frameNumber=53 -> producedId=13 frameNumber=14
05-11 07:15:03.869   445   445 E SurfaceFlinger: Out of order buffers detected for RequestedLayerState{com.google.android.apps.nexuslauncher/com.google.android.apps.nexuslauncher.NexusLauncherActivity#191 parentId=189} producedId=13 frameNumber=53 -> producedId=13 frameNumber=15
05-11 07:15:03.916   445   445 E SurfaceFlinger: Out of order buffers detected for RequestedLayerState{com.google.android.apps.nexuslauncher/com.google.android.apps.nexuslauncher.NexusLauncherActivity#191 parentId=189} producedId=13 frameNumber=53 -> producedId=13 frameNumber=16
05-11 07:15:04.956   605  1808 E TaskPersister: File error accessing recents directory (directory doesn't exist?).
05-11 07:15:06.198   605   850 D androidtc: Initializing SystemTextClassifier, type = System
05-11 07:15:06.254  3522  3522 I AiAiTextClassifier: onCreateTextClassificationSession = TextClassificationSessionId {bd97ec70-f0ea-4f0e-8a1b-835e35bdeea1}
05-11 07:15:06.254   894   894 I ClipboardListener: Clipboard overlay suppressed.
05-11 07:15:06.255  3522  3606 I AiAiTranslate: C2T - not in a conversation
05-11 07:15:06.291  3522  3613 I AiAiTextClassifier: GenerateLinks did not find valid links, returning empty result
05-11 07:15:06.296   894   894 I ClipboardListener: Clipboard overlay suppressed.
05-11 07:15:06.305  3522  3613 I AiAiTextClassifier: GenerateLinks did not find valid links, returning empty result
05-11 07:15:08.882   605   725 D ActivityManager: freezing 4034 com.google.android.apps.messaging
05-11 07:15:13.863   894  1088 D EGL_emulation: app_time_stats: avg=1764.13ms min=8.45ms max=10462.29ms count=6
05-11 07:15:15.887  3388  3880 W AbstractServiceBroker: calling package is not null : com.google.android.googlequicksearchbox for service ids : [40] [CONTEXT service_id=259 ]
05-11 07:15:16.215  2838  2939 I BistoHotwordHelper: (REDACTED) getHotwordActive::active query: %s, watch: %s, devices connected: %s
05-11 07:15:44.491  3388  6229 I AlarmManager: setExactAndAllowWhileIdle [name: GCM_HB_ALARM type: 2 triggerAtMillis: 4612273]
05-11 07:15:44.497  3388  6229 W WakeLock: GCM_HB_ALARM release without a matched acquire!
05-11 07:15:44.502  3388  3449 W AbstractServiceBroker: calling package is not null : com.google.android.gms for service ids : [218] [CONTEXT service_id=259 ]
05-11 07:15:44.508  3388  6229 I AlarmManager: setExactAndAllowWhileIdle [name: GCM_HB_ALARM type: 2 triggerAtMillis: 5022291]
05-11 07:15:45.254   605   850 D androidtc: Initializing SystemTextClassifier, type = System
05-11 07:15:45.264   894   894 I ClipboardListener: Clipboard overlay suppressed.
05-11 07:15:45.266  3522  3522 I AiAiTextClassifier: onCreateTextClassificationSession = TextClassificationSessionId {1d77a301-24d5-4923-9aa6-dbbdcd18ee71}
05-11 07:15:45.271  3522  3606 I AiAiTranslate: C2T - not in a conversation
05-11 07:15:45.301  3522  3613 I AiAiTextClassifier: GenerateLinks did not find valid links, returning empty result
05-11 07:15:45.331   894   894 I ClipboardListener: Clipboard overlay suppressed.
05-11 07:15:45.343  3522  3613 I AiAiTextClassifier: GenerateLinks did not find valid links, returning empty result
05-11 07:15:47.163   605   778 W IPCThreadState: Sending oneway calls to frozen process.
05-11 07:15:47.165   605   778 W IPCThreadState: Sending oneway calls to frozen process.
05-11 07:15:47.165   605   778 W IPCThreadState: Sending oneway calls to frozen process.
05-11 07:15:47.166   605   778 W IPCThreadState: Sending oneway calls to frozen process.
05-11 07:15:47.166   605   778 W IPCThreadState: Sending oneway calls to frozen process.
05-11 07:15:47.167   605   778 W IPCThreadState: Sending oneway calls to frozen process.
05-11 07:15:47.168   605   778 W IPCThreadState: Sending oneway calls to frozen process.
05-11 07:15:47.168   605   778 W IPCThreadState: Sending oneway calls to frozen process.
05-11 07:15:47.176   605   778 W IPCThreadState: Sending oneway calls to frozen process.
05-11 07:15:47.176   605   778 W IPCThreadState: Sending oneway calls to frozen process.
05-11 07:15:47.252   605   778 W IPCThreadState: Sending oneway calls to frozen process.
05-11 07:15:47.259   605   778 W IPCThreadState: Sending oneway calls to frozen process.
05-11 07:15:47.259   605   778 W IPCThreadState: Sending oneway calls to frozen process.
05-11 07:15:47.260  3388  3880 I NullBinder: NullBinder for android.net.action.RECOMMEND_NETWORKS triggering remote TransactionTooLargeException due to Service without Chimera impl, calling uid: 1000, calling pid: 0
05-11 07:15:47.260   605   778 W IPCThreadState: Sending oneway calls to frozen process.
05-11 07:15:47.260  3388  3880 W .gms.persistent: Large reply transaction of 1056768 bytes, interface descriptor , code 1
05-11 07:15:47.262   605   778 W IPCThreadState: Sending oneway calls to frozen process.
05-11 07:15:47.262   605   778 W IPCThreadState: Sending oneway calls to frozen process.
05-11 07:15:47.262   605   778 W IPCThreadState: Sending oneway calls to frozen process.
05-11 07:15:47.263   605   778 W IPCThreadState: Sending oneway calls to frozen process.
05-11 07:15:47.263   605   778 W IPCThreadState: Sending oneway calls to frozen process.
05-11 07:15:47.264   605   778 W IPCThreadState: Sending oneway calls to frozen process.
05-11 07:15:47.322  4230  4280 I BugleRcsEngine: Connected state: [1], networkType: [WIFI] [CONTEXT thread_id=58 ]
05-11 07:15:47.323  4230  4287 I BugleRcsEngine: handleMessage processing message:[NOTIFY_UPTIME_IGNORE_STATE_CHANGED] with [non-null]:RcsEngineImpl reference [CONTEXT log_prefix="RcsEngineImpl[DUAL_REG]:[94601c0a-a8dd]>Handler" thread_id=63 ]
05-11 07:15:47.363   605   984 D ActivityManager: sync unfroze 4034 com.google.android.apps.messaging for 7
05-11 07:15:47.405   605   984 W ProcessStats: Tracking association SourceState{5424050 com.google.android.apps.messaging:rcs/10140 BFgs #3823} whose proc state 4 is better than process ProcessState{59ede77 com.google.android.apps.messaging/10140 pkg=com.google.android.apps.messaging} proc state 13 (2 skipped)
05-11 07:15:47.435   605   984 W ContentProviderHelper: Slow operation: 103ms so far, now at getContentProviderImpl: after updateOomAdj
05-11 07:15:47.436   605   984 W ContentProviderHelper: Slow operation: 105ms so far, now at getContentProviderImpl: done!
05-11 07:15:47.589  4230  4287 I BugleRcsEngine: No RCS Configuration was found in Bugle for simID: redacted-pii:sim_id[chars:20,last3:897] [CONTEXT log_prefix="ProvisioningEngineDataRetriever" thread_id=63 ]
05-11 07:15:50.139   605   778 W IPCThreadState: Sending oneway calls to frozen process.
05-11 07:15:50.140   605   778 W IPCThreadState: Sending oneway calls to frozen process.
05-11 07:15:50.140   605   778 W IPCThreadState: Sending oneway calls to frozen process.
05-11 07:15:50.141   605   778 W IPCThreadState: Sending oneway calls to frozen process.
05-11 07:15:50.142   605   778 W IPCThreadState: Sending oneway calls to frozen process.
05-11 07:15:50.142   605   778 W IPCThreadState: Sending oneway calls to frozen process.
05-11 07:15:50.142   605   778 W IPCThreadState: Sending oneway calls to frozen process.
05-11 07:15:50.142   605   778 W IPCThreadState: Sending oneway calls to frozen process.
05-11 07:15:50.150   605   778 W IPCThreadState: Sending oneway calls to frozen process.
05-11 07:15:50.150   605   778 W IPCThreadState: Sending oneway calls to frozen process.
05-11 07:15:50.159   605   778 W IPCThreadState: Sending oneway calls to frozen process.
05-11 07:15:50.168   605   778 W IPCThreadState: Sending oneway calls to frozen process.
05-11 07:15:50.171   605   778 W IPCThreadState: Sending oneway calls to frozen process.
05-11 07:15:50.171   605   778 W IPCThreadState: Sending oneway calls to frozen process.
05-11 07:15:50.172   605   778 W IPCThreadState: Sending oneway calls to frozen process.
05-11 07:15:50.175   605   778 W IPCThreadState: Sending oneway calls to frozen process.
05-11 07:15:50.175   605   778 W IPCThreadState: Sending oneway calls to frozen process.
05-11 07:15:50.182  4230  4287 I BugleRcsEngine: handleMessage processing message:[NOTIFY_UPTIME_IGNORE_STATE_CHANGED] with [non-null]:RcsEngineImpl reference [CONTEXT log_prefix="RcsEngineImpl[DUAL_REG]:[94601c0a-a8dd]>Handler" thread_id=63 ]
05-11 07:15:50.182  4230  4280 I BugleRcsEngine: Connected state: [1], networkType: [WIFI] [CONTEXT thread_id=58 ]
05-11 07:15:50.188  3388  3421 I NullBinder: NullBinder for android.net.action.RECOMMEND_NETWORKS triggering remote TransactionTooLargeException due to Service without Chimera impl, calling uid: 1000, calling pid: 0
05-11 07:15:50.188  3388  3421 W .gms.persistent: Large reply transaction of 1056768 bytes, interface descriptor , code 1
05-11 07:15:50.235  4230  4287 I BugleRcsEngine: No RCS Configuration was found in Bugle for simID: redacted-pii:sim_id[chars:20,last3:897] [CONTEXT log_prefix="ProvisioningEngineDataRetriever" thread_id=63 ]
05-11 07:16:00.024  3522  3595 I AiAiEcho: Predicting[0]:  [CONTEXT sampling_count=5 ]
05-11 07:16:00.025  3522  3595 I AiAiEcho: EchoTargets: 
05-11 07:16:00.025  3522  3595 I AiAiEcho: Filtered by AiAi flag check: 
05-11 07:16:00.025  3522  3595 I AiAiEcho: [CONTEXT ratelimit_period="10 SECONDS" ]
05-11 07:16:00.025  3522  3595 I AiAiEcho: Ranked targets strategy: SORT, count: 0, ranking metadata:  [CONTEXT ratelimit_period="10 SECONDS" ]
05-11 07:16:00.027  3522  3595 I AiAiEcho: #remoteViewsTwiddler: feature disabled.
05-11 07:16:00.027  3522  3595 I AiAiEcho: Predicting[0]:  [CONTEXT sampling_count=5 ]
05-11 07:16:00.028  3522  3595 I AiAiEcho: EchoTargets: 
05-11 07:16:00.028  3522  3595 I AiAiEcho: Filtered by AiAi flag check: 
05-11 07:16:00.028  3522  3595 I AiAiEcho: [CONTEXT ratelimit_period="10 SECONDS" ]
05-11 07:16:00.028  3522  3595 I AiAiEcho: Ranked targets strategy: SORT, count: 0, ranking metadata:  [CONTEXT ratelimit_period="10 SECONDS" ]
05-11 07:16:00.028  3522  3595 I AiAiEcho: #remoteViewsTwiddler: feature disabled.
05-11 07:16:00.030  3522  3595 I AiAiEcho: #postPredictionTargets: Sending updates to UISurface lockscreen with targets# 0 (types=[])
05-11 07:16:00.031  3522  3595 I AiAiEcho: #postPredictionTargets: Sending updates to UISurface home with targets# 0 (types=[])
05-11 07:16:00.042  1322  1322 D SsBaseTemplateCard: No text view can be set up
05-11 07:16:00.045  1322  1322 D SsBaseTemplateCard: Passed-in item info is null
05-11 07:16:00.045  1322  1322 D SsBaseTemplateCard: Passed-in item info is null
05-11 07:16:00.045  1322  1322 D SsBaseTemplateCard: Passed-in item info is null
05-11 07:16:00.045  1322  1322 I SsBaseTemplateCard: Secondary card pane is null
05-11 07:16:00.049   894   894 W PageIndicator: Total number of pages invalid: 0. Assuming 1 page.
05-11 07:16:00.109   894  1088 D EGL_emulation: app_time_stats: avg=46245.51ms min=46245.51ms max=46245.51ms count=1
05-11 07:16:00.134  1322  1886 D EGL_emulation: app_time_stats: avg=3560.41ms min=14.30ms max=56230.13ms count=16
05-11 07:16:00.173   445   445 E SurfaceFlinger: Out of order buffers detected for RequestedLayerState{com.google.android.apps.nexuslauncher/com.google.android.apps.nexuslauncher.NexusLauncherActivity#191 parentId=189} producedId=13 frameNumber=53 -> producedId=13 frameNumber=17
05-11 07:16:10.172   605   850 D androidtc: Initializing SystemTextClassifier, type = System
05-11 07:16:10.177  3522  3522 I AiAiTextClassifier: onCreateTextClassificationSession = TextClassificationSessionId {16077048-3df0-469f-a9fa-58ce125547cd}
05-11 07:16:10.193   894   894 I ClipboardListener: Clipboard overlay suppressed.
05-11 07:16:10.194  3522  3606 I AiAiTranslate: C2T - not in a conversation
05-11 07:16:10.225  3522  3613 I AiAiTextClassifier: GenerateLinks did not find valid links, returning empty result
05-11 07:16:10.229   894   894 I ClipboardListener: Clipboard overlay suppressed.
05-11 07:16:10.241  3522  3613 I AiAiTextClassifier: GenerateLinks did not find valid links, returning empty result
05-11 07:16:15.880  3388  3421 W AbstractServiceBroker: calling package is not null : com.google.android.googlequicksearchbox for service ids : [40] [CONTEXT service_id=259 ]
05-11 07:16:16.217  2838  2939 I BistoHotwordHelper: (REDACTED) getHotwordActive::active query: %s, watch: %s, devices connected: %s
05-11 07:16:21.280   605   850 D androidtc: Initializing SystemTextClassifier, type = System
05-11 07:16:21.308  3522  3522 I AiAiTextClassifier: onCreateTextClassificationSession = TextClassificationSessionId {ad391446-a685-4218-98b9-ef266eb1bf7b}
05-11 07:16:21.339  3522  3606 I AiAiTranslate: C2T - not in a conversation
05-11 07:16:21.344   894   894 I ClipboardListener: Clipboard overlay suppressed.
05-11 07:16:21.404  3522  3613 I AiAiTextClassifier: GenerateLinks did not find valid links, returning empty result
05-11 07:16:21.439   894   894 I ClipboardListener: Clipboard overlay suppressed.
05-11 07:16:21.455  3522  3613 I AiAiTextClassifier: GenerateLinks did not find valid links, returning empty result
05-11 07:16:23.235   605   778 W IPCThreadState: Sending oneway calls to frozen process.
05-11 07:16:23.238   605   778 W IPCThreadState: Sending oneway calls to frozen process.
05-11 07:16:23.239   605   778 W IPCThreadState: Sending oneway calls to frozen process.
05-11 07:16:23.242   605   778 W IPCThreadState: Sending oneway calls to frozen process.
05-11 07:16:23.243   605   778 W IPCThreadState: Sending oneway calls to frozen process.
05-11 07:16:23.243   605   778 W IPCThreadState: Sending oneway calls to frozen process.
05-11 07:16:23.244   605   778 W IPCThreadState: Sending oneway calls to frozen process.
05-11 07:16:23.244   605   778 W IPCThreadState: Sending oneway calls to frozen process.
05-11 07:16:23.252   605   778 W IPCThreadState: Sending oneway calls to frozen process.
05-11 07:16:23.252   605   778 W IPCThreadState: Sending oneway calls to frozen process.
05-11 07:16:23.263   605   778 W IPCThreadState: Sending oneway calls to frozen process.
05-11 07:16:23.267   605   778 W IPCThreadState: Sending oneway calls to frozen process.
05-11 07:16:23.267   605   778 W IPCThreadState: Sending oneway calls to frozen process.
05-11 07:16:23.267   605   778 W IPCThreadState: Sending oneway calls to frozen process.
05-11 07:16:23.267   605   778 W IPCThreadState: Sending oneway calls to frozen process.
05-11 07:16:23.268   605   778 W IPCThreadState: Sending oneway calls to frozen process.
05-11 07:16:23.268   605   778 W IPCThreadState: Sending oneway calls to frozen process.
05-11 07:16:23.281  3388  3473 I NullBinder: NullBinder for android.net.action.RECOMMEND_NETWORKS triggering remote TransactionTooLargeException due to Service without Chimera impl, calling uid: 1000, calling pid: 0
05-11 07:16:23.282  3388  3473 W .gms.persistent: Large reply transaction of 1056768 bytes, interface descriptor , code 1
05-11 07:16:23.286  4230  4287 I BugleRcsEngine: handleMessage processing message:[NOTIFY_UPTIME_IGNORE_STATE_CHANGED] with [non-null]:RcsEngineImpl reference [CONTEXT log_prefix="RcsEngineImpl[DUAL_REG]:[94601c0a-a8dd]>Handler" thread_id=63 ]
05-11 07:16:23.287  4230  4280 I BugleRcsEngine: Connected state: [1], networkType: [WIFI] [CONTEXT thread_id=58 ]
05-11 07:16:23.340  4230  4287 I BugleRcsEngine: No RCS Configuration was found in Bugle for simID: redacted-pii:sim_id[chars:20,last3:897] [CONTEXT log_prefix="ProvisioningEngineDataRetriever" thread_id=63 ]
05-11 07:16:23.443  3231  3237 I m.android.phone: Background concurrent mark compact GC freed 3268KB AllocSpace bytes, 0(0B) LOS objects, 49% free, 3337KB/6675KB, paused 732us,4.245ms total 189.308ms
05-11 07:16:23.443  3231  3237 W m.android.phone: Reducing the number of considered missed Gc histogram windows from 130 to 100
05-11 07:16:30.164  3388  6319 W SystemServiceRegistry: No service published for: wifirtt
05-11 07:16:30.962   605  1723 D WifiNl80211Manager: Scan result ready event
05-11 07:16:30.962   605  1723 D WifiNative: Scan result ready event
05-11 07:16:30.971   605   771 I HalDevMgr: bestIfaceCreationProposal is null, requestIface=STA, existingIface=[name=wlan0 type=STA]
05-11 07:16:30.982  3388  6319 I FrewleTileCacheManagerV: (REDACTED) Fetched %d AP models from cache
05-11 07:16:31.006  3388  3561 I FusedLocation: (REDACTED) location delivery to %s blocked - too close
05-11 07:16:31.007  3388  3561 I FusedLocation: (REDACTED) location delivery to %s blocked - too close
05-11 07:16:31.012  3388  3545 I ActivityScheduler: nextTriggerTime: 4685247, in 86452ms, detectorType: 39, FULL_TYPE alarmWindowMillis: 80000
05-11 07:16:32.241   605   778 W IPCThreadState: Sending oneway calls to frozen process.
05-11 07:16:32.242   605   778 W IPCThreadState: Sending oneway calls to frozen process.
05-11 07:16:32.242   605   778 W IPCThreadState: Sending oneway calls to frozen process.
05-11 07:16:32.242   605   778 W IPCThreadState: Sending oneway calls to frozen process.
05-11 07:16:32.242   605   778 W IPCThreadState: Sending oneway calls to frozen process.
05-11 07:16:32.242   605   778 W IPCThreadState: Sending oneway calls to frozen process.
05-11 07:16:32.242   605   778 W IPCThreadState: Sending oneway calls to frozen process.
05-11 07:16:32.242   605   778 W IPCThreadState: Sending oneway calls to frozen process.
05-11 07:16:32.243   605   778 W IPCThreadState: Sending oneway calls to frozen process.
05-11 07:16:32.243   605   778 W IPCThreadState: Sending oneway calls to frozen process.
05-11 07:16:32.245  3388  3879 I NullBinder: NullBinder for android.net.action.RECOMMEND_NETWORKS triggering remote TransactionTooLargeException due to Service without Chimera impl, calling uid: 1000, calling pid: 0
05-11 07:16:32.247  3388  3879 W .gms.persistent: Large reply transaction of 1056768 bytes, interface descriptor , code 1
05-11 07:16:32.247  4230  4280 I BugleRcsEngine: Connected state: [1], networkType: [WIFI] [CONTEXT thread_id=58 ]
05-11 07:16:32.247  4230  4287 I BugleRcsEngine: handleMessage processing message:[NOTIFY_UPTIME_IGNORE_STATE_CHANGED] with [non-null]:RcsEngineImpl reference [CONTEXT log_prefix="RcsEngineImpl[DUAL_REG]:[94601c0a-a8dd]>Handler" thread_id=63 ]
05-11 07:16:32.248   605   778 W IPCThreadState: Sending oneway calls to frozen process.
05-11 07:16:32.248   605   778 W IPCThreadState: Sending oneway calls to frozen process.
05-11 07:16:32.249   605   778 W IPCThreadState: Sending oneway calls to frozen process.
05-11 07:16:32.249   605   778 W IPCThreadState: Sending oneway calls to frozen process.
05-11 07:16:32.249   605   778 W IPCThreadState: Sending oneway calls to frozen process.
05-11 07:16:32.249   605   778 W IPCThreadState: Sending oneway calls to frozen process.
05-11 07:16:32.249   605   778 W IPCThreadState: Sending oneway calls to frozen process.
05-11 07:16:32.255  4230  4287 I BugleRcsEngine: No RCS Configuration was found in Bugle for simID: redacted-pii:sim_id[chars:20,last3:897] [CONTEXT log_prefix="ProvisioningEngineDataRetriever" thread_id=63 ]
05-11 07:16:35.605   605   625 D TelephonyManager: requestModemActivityInfo: Sending result to app: ModemActivityInfo{ mTimestamp=4603388 mSleepTimeMs=0 mIdleTimeMs=4239434 mActivityStatsTechSpecificInfo=[{mRat=UNKNOWN,mFrequencyRange=UNKNOWN,mTxTimeMs[]=[0, 0, 0, 0, 0],mRxTimeMs=0}]}
05-11 07:16:49.044  5234  5267 I bluetooth: system/gd/hci/le_address_manager.cc:659 OnCommandComplete: Received command complete with op_code LE_SET_RANDOM_ADDRESS(0x2005)
05-11 07:16:49.044  5234  5267 I bluetooth: system/gd/hci/le_address_manager.cc:680 OnCommandComplete: update random address : xx:xx:xx:xx:d6:c9
05-11 07:16:49.044  5234  5267 I bluetooth: system/gd/hci/le_address_manager.cc:347 resume_registered_clients: Resuming registered clients
05-11 07:16:53.759   894  1088 D EGL_emulation: app_time_stats: avg=53649.20ms min=53649.20ms max=53649.20ms count=1
05-11 07:17:00.055  3522  3595 I AiAiEcho: Predicting[0]:  [CONTEXT sampling_count=5 ]
05-11 07:17:00.056  3522  3595 I AiAiEcho: EchoTargets: 
05-11 07:17:00.056  3522  3595 I AiAiEcho: Filtered by AiAi flag check: 
05-11 07:17:00.056  3522  3595 I AiAiEcho: [CONTEXT ratelimit_period="10 SECONDS" ]
05-11 07:17:00.057  3522  3595 I AiAiEcho: Ranked targets strategy: SORT, count: 0, ranking metadata:  [CONTEXT ratelimit_period="10 SECONDS" ]
05-11 07:17:00.058  3522  3595 I AiAiEcho: #remoteViewsTwiddler: feature disabled.
05-11 07:17:00.059  3522  3595 I AiAiEcho: Predicting[0]:  [CONTEXT sampling_count=5 ]
05-11 07:17:00.060  3522  3595 I AiAiEcho: EchoTargets: 
05-11 07:17:00.060  3522  3595 I AiAiEcho: Filtered by AiAi flag check: 
05-11 07:17:00.060  3522  3595 I AiAiEcho: [CONTEXT ratelimit_period="10 SECONDS" ]
05-11 07:17:00.060  3522  3595 I AiAiEcho: Ranked targets strategy: SORT, count: 0, ranking metadata:  [CONTEXT ratelimit_period="10 SECONDS" ]
05-11 07:17:00.060  3522  3595 I AiAiEcho: #remoteViewsTwiddler: feature disabled.
05-11 07:17:00.063  3522  3595 I AiAiEcho: #postPredictionTargets: Sending updates to UISurface lockscreen with targets# 0 (types=[])
05-11 07:17:00.064  3522  3595 I AiAiEcho: #postPredictionTargets: Sending updates to UISurface home with targets# 0 (types=[])
05-11 07:17:00.080  1322  1322 D SsBaseTemplateCard: No text view can be set up
05-11 07:17:00.083   894   894 W PageIndicator: Total number of pages invalid: 0. Assuming 1 page.
05-11 07:17:00.083  1322  1322 D SsBaseTemplateCard: Passed-in item info is null
05-11 07:17:00.083  1322  1322 D SsBaseTemplateCard: Passed-in item info is null
05-11 07:17:00.084  1322  1322 D SsBaseTemplateCard: Passed-in item info is null
05-11 07:17:00.084  1322  1322 I SsBaseTemplateCard: Secondary card pane is null
05-11 07:17:00.114   894  1088 D EGL_emulation: app_time_stats: avg=6354.86ms min=6354.86ms max=6354.86ms count=1
05-11 07:17:00.191  1322  1886 D EGL_emulation: app_time_stats: avg=60056.08ms min=60056.08ms max=60056.08ms count=1
05-11 07:17:00.202   445   445 E SurfaceFlinger: Out of order buffers detected for RequestedLayerState{com.google.android.apps.nexuslauncher/com.google.android.apps.nexuslauncher.NexusLauncherActivity#191 parentId=189} producedId=13 frameNumber=53 -> producedId=13 frameNumber=18
05-11 07:17:16.220  2838  2939 I BistoHotwordHelper: (REDACTED) getHotwordActive::active query: %s, watch: %s, devices connected: %s
05-11 07:17:23.721  3388  6319 I .gms.persistent: Explicit concurrent mark compact GC freed 3745KB AllocSpace bytes, 4(148KB) LOS objects, 49% free, 13MB/26MB, paused 1.681ms,33.607ms total 697.217ms
05-11 07:17:25.954   605  1723 D WifiNl80211Manager: Scan result ready event
05-11 07:17:25.954   605  1723 D WifiNative: Scan result ready event
05-11 07:17:25.966   605   771 I HalDevMgr: bestIfaceCreationProposal is null, requestIface=STA, existingIface=[name=wlan0 type=STA]
05-11 07:17:27.481   894   894 I ClipboardListener: Clipboard overlay suppressed.
05-11 07:17:27.482  3522  3606 I AiAiTranslate: C2T - not in a conversation
05-11 07:17:27.483   894   894 I ClipboardListener: Clipboard overlay suppressed.
05-11 07:17:31.127  3388  3449 W AbstractServiceBroker: calling package is not null : com.google.android.gms for service ids : [40] [CONTEXT service_id=259 ]
05-11 07:17:33.791   894  1088 D EGL_emulation: app_time_stats: avg=33676.82ms min=33676.82ms max=33676.82ms count=1
05-11 07:17:43.095   605   638 I GnssLocationProvider: WakeLock acquired by handleDownloadPsdsData()
05-11 07:17:43.101   605  6330 E GnssPsdsDownloader: No Long-Term PSDS servers were specified in the GnssConfiguration
05-11 07:17:59.606   605   778 W IPCThreadState: Sending oneway calls to frozen process.
05-11 07:17:59.606   605   778 W IPCThreadState: Sending oneway calls to frozen process.
05-11 07:17:59.607   605   778 W IPCThreadState: Sending oneway calls to frozen process.
05-11 07:17:59.608   605   778 W IPCThreadState: Sending oneway calls to frozen process.
05-11 07:17:59.608   605   778 W IPCThreadState: Sending oneway calls to frozen process.
05-11 07:17:59.608   605   778 W IPCThreadState: Sending oneway calls to frozen process.
05-11 07:17:59.608   605   778 W IPCThreadState: Sending oneway calls to frozen process.
05-11 07:17:59.609   605   778 W IPCThreadState: Sending oneway calls to frozen process.
05-11 07:17:59.613   605   778 W IPCThreadState: Sending oneway calls to frozen process.
05-11 07:17:59.614   605   778 W IPCThreadState: Sending oneway calls to frozen process.
05-11 07:17:59.630   605   778 W IPCThreadState: Sending oneway calls to frozen process.
05-11 07:17:59.631   605   778 W IPCThreadState: Sending oneway calls to frozen process.
05-11 07:17:59.632   605   778 W IPCThreadState: Sending oneway calls to frozen process.
05-11 07:17:59.632   605   778 W IPCThreadState: Sending oneway calls to frozen process.
05-11 07:17:59.632   605   778 W IPCThreadState: Sending oneway calls to frozen process.
05-11 07:17:59.633   605   778 W IPCThreadState: Sending oneway calls to frozen process.
05-11 07:17:59.634   605   778 W IPCThreadState: Sending oneway calls to frozen process.
05-11 07:17:59.646  3388  3473 I NullBinder: NullBinder for android.net.action.RECOMMEND_NETWORKS triggering remote TransactionTooLargeException due to Service without Chimera impl, calling uid: 1000, calling pid: 0
05-11 07:17:59.647  3388  3473 W .gms.persistent: Large reply transaction of 1056768 bytes, interface descriptor , code 1
05-11 07:17:59.653  4230  4280 I BugleRcsEngine: Connected state: [1], networkType: [WIFI] [CONTEXT thread_id=58 ]
05-11 07:17:59.654  4230  4287 I BugleRcsEngine: handleMessage processing message:[NOTIFY_UPTIME_IGNORE_STATE_CHANGED] with [non-null]:RcsEngineImpl reference [CONTEXT log_prefix="RcsEngineImpl[DUAL_REG]:[94601c0a-a8dd]>Handler" thread_id=63 ]
05-11 07:17:59.687  4230  4287 I BugleRcsEngine: No RCS Configuration was found in Bugle for simID: redacted-pii:sim_id[chars:20,last3:897] [CONTEXT log_prefix="ProvisioningEngineDataRetriever" thread_id=63 ]
05-11 07:18:00.024  3522  3595 I AiAiEcho: Predicting[0]:  [CONTEXT sampling_count=5 ]
05-11 07:18:00.024  3522  3595 I AiAiEcho: EchoTargets: 
05-11 07:18:00.024  3522  3595 I AiAiEcho: Filtered by AiAi flag check: 
05-11 07:18:00.024  3522  3595 I AiAiEcho: [CONTEXT ratelimit_period="10 SECONDS" ]
05-11 07:18:00.025  3522  3595 I AiAiEcho: Ranked targets strategy: SORT, count: 0, ranking metadata:  [CONTEXT ratelimit_period="10 SECONDS" ]
05-11 07:18:00.027  3522  3595 I AiAiEcho: #remoteViewsTwiddler: feature disabled.
05-11 07:18:00.027  3522  3595 I AiAiEcho: Predicting[0]:  [CONTEXT sampling_count=5 ]
05-11 07:18:00.028  3522  3595 I AiAiEcho: EchoTargets: 
05-11 07:18:00.028  3522  3595 I AiAiEcho: Filtered by AiAi flag check: 
05-11 07:18:00.028  3522  3595 I AiAiEcho: [CONTEXT ratelimit_period="10 SECONDS" ]
05-11 07:18:00.028  3522  3595 I AiAiEcho: Ranked targets strategy: SORT, count: 0, ranking metadata:  [CONTEXT ratelimit_period="10 SECONDS" ]
05-11 07:18:00.029  3522  3595 I AiAiEcho: #remoteViewsTwiddler: feature disabled.
05-11 07:18:00.031  3522  3595 I AiAiEcho: #postPredictionTargets: Sending updates to UISurface lockscreen with targets# 0 (types=[])
05-11 07:18:00.033  3522  3595 I AiAiEcho: #postPredictionTargets: Sending updates to UISurface home with targets# 0 (types=[])
05-11 07:18:00.037   894   894 W PageIndicator: Total number of pages invalid: 0. Assuming 1 page.
05-11 07:18:00.040  1322  1322 D SsBaseTemplateCard: No text view can be set up
05-11 07:18:00.043  1322  1322 D SsBaseTemplateCard: Passed-in item info is null
05-11 07:18:00.043  1322  1322 D SsBaseTemplateCard: Passed-in item info is null
05-11 07:18:00.043  1322  1322 D SsBaseTemplateCard: Passed-in item info is null
05-11 07:18:00.043  1322  1322 I SsBaseTemplateCard: Secondary card pane is null
05-11 07:18:00.074   894  1088 D EGL_emulation: app_time_stats: avg=26281.97ms min=26281.97ms max=26281.97ms count=1
05-11 07:18:00.158  1322  1886 D EGL_emulation: app_time_stats: avg=59966.62ms min=59966.62ms max=59966.62ms count=1
05-11 07:18:00.166   445   445 E SurfaceFlinger: Out of order buffers detected for RequestedLayerState{com.google.android.apps.nexuslauncher/com.google.android.apps.nexuslauncher.NexusLauncherActivity#191 parentId=189} producedId=13 frameNumber=53 -> producedId=13 frameNumber=19
05-11 07:18:00.737   605   621 I system_server: Background concurrent mark compact GC freed 23MB AllocSpace bytes, 20(524KB) LOS objects, 45% free, 28MB/52MB, paused 2.255ms,31.995ms total 1.165s
05-11 07:18:00.748  3522  3522 I AiAiTextClassifier: onDestroyTextClassificationSession = TextClassificationSessionId {16077048-3df0-469f-a9fa-58ce125547cd}
05-11 07:18:00.749  3522  3522 I AiAiTextClassifier: onDestroyTextClassificationSession = TextClassificationSessionId {1d77a301-24d5-4923-9aa6-dbbdcd18ee71}
05-11 07:18:00.751  3522  3522 I AiAiTextClassifier: onDestroyTextClassificationSession = TextClassificationSessionId {bd97ec70-f0ea-4f0e-8a1b-835e35bdeea1}
05-11 07:18:00.782  3522  3522 I AiAiTextClassifier: onDestroyTextClassificationSession = TextClassificationSessionId {9f8f81da-f223-4199-bfde-f7b8fbc95f20}
05-11 07:18:00.784  3522  3522 I AiAiTextClassifier: onDestroyTextClassificationSession = TextClassificationSessionId {ca8333b9-792b-4f07-beb2-bb6d3d7cfede}
05-11 07:18:00.784  3522  3522 I AiAiTextClassifier: onDestroyTextClassificationSession = TextClassificationSessionId {53f1b907-6f7c-43e5-bf49-36256bc4cd4a}
05-11 07:18:00.785  3522  3522 I AiAiTextClassifier: onDestroyTextClassificationSession = TextClassificationSessionId {0cabb1cc-d43f-4b0c-9028-a2c0cc5a3135}
05-11 07:18:00.792  3522  3522 I AiAiTextClassifier: onDestroyTextClassificationSession = TextClassificationSessionId {256a0351-c862-42d6-ba5e-67831eeed6e7}
