05-11 07:18:00.793  3522  3522 I AiAiTextClassifier: onDestroyTextClassificationSession = TextClassificationSessionId {a92f0b79-53f1-4baa-847d-05b390a33152}
05-11 07:18:00.797  3522  3522 I AiAiTextClassifier: onDestroyTextClassificationSession = TextClassificationSessionId {27da5f9c-4267-45d9-816c-5d7afec77c52}
05-11 07:18:00.798  3522  3522 I AiAiTextClassifier: onDestroyTextClassificationSession = TextClassificationSessionId {75c420b9-1e16-4b51-a6b9-32823f1a7f1f}
05-11 07:18:00.805  3522  3522 I AiAiTextClassifier: onDestroyTextClassificationSession = TextClassificationSessionId {6860bdde-d45a-4d1b-91f2-35c330dbc474}
05-11 07:18:00.809  3522  3522 I AiAiTextClassifier: onDestroyTextClassificationSession = TextClassificationSessionId {73350ca5-1915-4a52-8147-3368c535808d}
05-11 07:18:00.811  3522  3522 I AiAiTextClassifier: onDestroyTextClassificationSession = TextClassificationSessionId {f3628113-335f-448a-a563-8496845d715b}
05-11 07:18:00.818  3522  3522 I AiAiTextClassifier: onDestroyTextClassificationSession = TextClassificationSessionId {437b88ed-f667-448c-bd2d-23521507a9e8}
05-11 07:18:00.833   605   623 W System  : A resource failed to call HardwareBuffer.close. 
05-11 07:18:00.836   605   623 W system_server: ApkAssets: Deleting an ApkAssets object '<empty> and /data/app/~~7rsLK7HIZ624IXK1wZgbCg==/com.google.android.gms-6tK5wSQtZECpP2aNwnBgkw==/base.apk' with 1 weak references
05-11 07:18:00.839   605   623 W system_server: ApkAssets: Deleting an ApkAssets object '<empty> and /data/app/~~7rsLK7HIZ624IXK1wZgbCg==/com.google.android.gms-6tK5wSQtZECpP2aNwnBgkw==/split_AdsDynamite_installtime.apk' with 1 weak references
05-11 07:18:00.840   605   623 W system_server: ApkAssets: Deleting an ApkAssets object '<empty> and /data/app/~~7rsLK7HIZ624IXK1wZgbCg==/com.google.android.gms-6tK5wSQtZECpP2aNwnBgkw==/split_CronetDynamite_installtime.apk' with 1 weak references
05-11 07:18:00.841   605   623 W system_server: ApkAssets: Deleting an ApkAssets object '<empty> and /data/app/~~7rsLK7HIZ624IXK1wZgbCg==/com.google.android.gms-6tK5wSQtZECpP2aNwnBgkw==/split_DynamiteLoader_installtime.apk' with 1 weak references
05-11 07:18:00.841   605   623 W system_server: ApkAssets: Deleting an ApkAssets object '<empty> and /data/app/~~7rsLK7HIZ624IXK1wZgbCg==/com.google.android.gms-6tK5wSQtZECpP2aNwnBgkw==/split_DynamiteModulesA_installtime.apk' with 1 weak references
05-11 07:18:00.842   605   623 W system_server: ApkAssets: Deleting an ApkAssets object '<empty> and /data/app/~~7rsLK7HIZ624IXK1wZgbCg==/com.google.android.gms-6tK5wSQtZECpP2aNwnBgkw==/split_DynamiteModulesC_installtime.apk' with 1 weak references
05-11 07:18:00.844   605   623 W system_server: ApkAssets: Deleting an ApkAssets object '<empty> and /data/app/~~7rsLK7HIZ624IXK1wZgbCg==/com.google.android.gms-6tK5wSQtZECpP2aNwnBgkw==/split_GoogleCertificates_installtime.apk' with 1 weak references
05-11 07:18:00.844   605   623 W system_server: ApkAssets: Deleting an ApkAssets object '<empty> and /data/app/~~7rsLK7HIZ624IXK1wZgbCg==/com.google.android.gms-6tK5wSQtZECpP2aNwnBgkw==/split_MapsDynamite_installtime.apk' with 1 weak references
05-11 07:18:00.845   605   623 W system_server: ApkAssets: Deleting an ApkAssets object '<empty> and /data/app/~~7rsLK7HIZ624IXK1wZgbCg==/com.google.android.gms-6tK5wSQtZECpP2aNwnBgkw==/split_MeasurementDynamite_installtime.apk' with 1 weak references
05-11 07:18:00.864   605   623 W system_server: ApkAssets: Deleting an ApkAssets object '<empty> and /data/app/~~7rsLK7HIZ624IXK1wZgbCg==/com.google.android.gms-6tK5wSQtZECpP2aNwnBgkw==/split_all_locale_splits.apk' with 1 weak references
05-11 07:18:00.865   605   623 W system_server: ApkAssets: Deleting an ApkAssets object '<empty> and /data/app/~~7rsLK7HIZ624IXK1wZgbCg==/com.google.android.gms-6tK5wSQtZECpP2aNwnBgkw==/split_config.en.apk' with 1 weak references
05-11 07:18:00.865   605   623 W system_server: ApkAssets: Deleting an ApkAssets object '<empty> and /data/app/~~7rsLK7HIZ624IXK1wZgbCg==/com.google.android.gms-6tK5wSQtZECpP2aNwnBgkw==/split_config.xxhdpi.apk' with 1 weak references
05-11 07:18:00.869   605   623 W System  : A resource failed to call release. 
05-11 07:18:00.869   605   623 W System  : A resource failed to call HardwareBuffer.close. 
05-11 07:18:00.873   605   623 W system_server: ApkAssets: Deleting an ApkAssets object '<empty> and /product/app/LatinIMEGooglePrebuilt/LatinIMEGooglePrebuilt.apk' with 1 weak references
05-11 07:18:00.882   605   623 W system_server: ApkAssets: Deleting an ApkAssets object '<empty> and /product/app/GoogleTTS/GoogleTTS.apk' with 1 weak references
05-11 07:18:00.886   605   623 W System  : A resource failed to call release. 
05-11 07:18:00.886   605   623 W System  : A resource failed to call HardwareBuffer.close. 
05-11 07:18:13.774   894  1088 D EGL_emulation: app_time_stats: avg=13699.77ms min=13699.77ms max=13699.77ms count=1
05-11 07:18:16.219  2838  2939 I BistoHotwordHelper: (REDACTED) getHotwordActive::active query: %s, watch: %s, devices connected: %s
05-11 07:18:29.705   605   778 W IPCThreadState: Sending oneway calls to frozen process.
05-11 07:18:29.705   605   778 W IPCThreadState: Sending oneway calls to frozen process.
05-11 07:18:29.706   605   778 W IPCThreadState: Sending oneway calls to frozen process.
05-11 07:18:29.706   605   778 W IPCThreadState: Sending oneway calls to frozen process.
05-11 07:18:29.706   605   778 W IPCThreadState: Sending oneway calls to frozen process.
05-11 07:18:29.707   605   778 W IPCThreadState: Sending oneway calls to frozen process.
05-11 07:18:29.707   605   778 W IPCThreadState: Sending oneway calls to frozen process.
05-11 07:18:29.707   605   778 W IPCThreadState: Sending oneway calls to frozen process.
05-11 07:18:29.712   605   778 W IPCThreadState: Sending oneway calls to frozen process.
05-11 07:18:29.712   605   778 W IPCThreadState: Sending oneway calls to frozen process.
05-11 07:18:29.720  3388  3421 I NullBinder: NullBinder for android.net.action.RECOMMEND_NETWORKS triggering remote TransactionTooLargeException due to Service without Chimera impl, calling uid: 1000, calling pid: 0
05-11 07:18:29.720  3388  3421 W .gms.persistent: Large reply transaction of 1056768 bytes, interface descriptor , code 1
05-11 07:18:29.725   605   778 W IPCThreadState: Sending oneway calls to frozen process.
05-11 07:18:29.726   605   778 W IPCThreadState: Sending oneway calls to frozen process.
05-11 07:18:29.726   605   778 W IPCThreadState: Sending oneway calls to frozen process.
05-11 07:18:29.727   605   778 W IPCThreadState: Sending oneway calls to frozen process.
05-11 07:18:29.727   605   778 W IPCThreadState: Sending oneway calls to frozen process.
05-11 07:18:29.727   605   778 W IPCThreadState: Sending oneway calls to frozen process.
05-11 07:18:29.727   605   778 W IPCThreadState: Sending oneway calls to frozen process.
05-11 07:18:29.740  4230  4280 I BugleRcsEngine: Connected state: [1], networkType: [WIFI] [CONTEXT thread_id=58 ]
05-11 07:18:29.740  4230  4287 I BugleRcsEngine: handleMessage processing message:[NOTIFY_UPTIME_IGNORE_STATE_CHANGED] with [non-null]:RcsEngineImpl reference [CONTEXT log_prefix="RcsEngineImpl[DUAL_REG]:[94601c0a-a8dd]>Handler" thread_id=63 ]
05-11 07:18:29.766  4230  4287 I BugleRcsEngine: No RCS Configuration was found in Bugle for simID: redacted-pii:sim_id[chars:20,last3:897] [CONTEXT log_prefix="ProvisioningEngineDataRetriever" thread_id=63 ]
05-11 07:18:39.592  1002  1010 I rkstack.process: Background concurrent mark compact GC freed 2604KB AllocSpace bytes, 0(0B) LOS objects, 49% free, 2728KB/5456KB, paused 571us,3.820ms total 114.844ms
05-11 07:18:54.492   605   714 D ActivityManager: sync unfroze 2136 com.google.android.googlequicksearchbox:search for 6
05-11 07:18:54.557   605   625 W ProcessStats: Tracking association SourceState{8db3ef3 system/1000 ImpBg #3847} whose proc state 6 is better than process ProcessState{2c972af com.google.android.googlequicksearchbox:search/10145 pkg=com.google.android.googlequicksearchbox} proc state 14 (0 skipped)
05-11 07:18:54.606  2136  2136 I BgTaskExecutorImpl: (REDACTED) Starting %s background task %s.
05-11 07:18:54.646  3388  6333 I NetworkScheduler.Stats: (REDACTED) Task %s/%s started execution. cause:%s exec_start_elapsed_seconds: %s
05-11 07:18:54.657  3388  6229 W TapAndPay: NfcAdapter is null while obtaining CardEmulation instance. [CONTEXT service_id=79 ]
05-11 07:18:54.657  3388  6229 W TapAndPay: java.lang.NullPointerException: NfcAdapter is null
05-11 07:18:54.657  3388  6229 W TapAndPay: 	at android.nfc.cardemulation.CardEmulation.getInstance(CardEmulation.java:170)
05-11 07:18:54.657  3388  6229 W TapAndPay: 	at ehmd.<init>(:com.google.android.gms@251833038@25.18.33 (260800-756823100):15)
05-11 07:18:54.657  3388  6229 W TapAndPay: 	at com.google.android.gms.tapandpay.hce.task.TapAndPayAidRegistrationTaskOperation.a(:com.google.android.gms@251833038@25.18.33 (260800-756823100):81)
05-11 07:18:54.657  3388  6229 W TapAndPay: 	at com.google.android.gms.tapandpay.gcmtask.TapAndPayGcmTaskChimeraService.a(:com.google.android.gms@251833038@25.18.33 (260800-756823100):32)
05-11 07:18:54.657  3388  6229 W TapAndPay: 	at cfzd.call(:com.google.android.gms@251833038@25.18.33 (260800-756823100):30)
05-11 07:18:54.657  3388  6229 W TapAndPay: 	at java.util.concurrent.FutureTask.run(FutureTask.java:264)
05-11 07:18:54.657  3388  6229 W TapAndPay: 	at ayba.c(:com.google.android.gms@251833038@25.18.33 (260800-756823100):50)
05-11 07:18:54.657  3388  6229 W TapAndPay: 	at ayba.run(:com.google.android.gms@251833038@25.18.33 (260800-756823100):70)
05-11 07:18:54.657  3388  6229 W TapAndPay: 	at java.util.concurrent.ThreadPoolExecutor.runWorker(ThreadPoolExecutor.java:1145)
05-11 07:18:54.657  3388  6229 W TapAndPay: 	at java.util.concurrent.ThreadPoolExecutor$Worker.run(ThreadPoolExecutor.java:644)
05-11 07:18:54.657  3388  6229 W TapAndPay: 	at aygo.run(:com.google.android.gms@251833038@25.18.33 (260800-756823100):8)
05-11 07:18:54.657  3388  6229 W TapAndPay: 	at java.lang.Thread.run(Thread.java:1012)
05-11 07:18:54.676  2136  6334 I NetworkRecognitionRnr: Using pair HTTP connection
05-11 07:18:54.686  3388  6229 I NetworkScheduler.Stats: (REDACTED) Task %s/%s finished executing. cause:%s result: %s elapsed_millis: %s uptime_millis: %s exec_start_elapsed_seconds: %s
05-11 07:18:54.691  2136  6337 I A       : [Upload] Connected
05-11 07:18:54.737  2136  2286 W CronetNetworkRqstWrppr: Upload request without a content type.
05-11 07:18:54.740  2136  6337 I NetworkRecognitionRnr: Using pair HTTP connection
05-11 07:18:54.748  2136  6338 I A       : [Upload] Connected
05-11 07:18:54.753  2136  2136 E A       : onError
05-11 07:18:54.753  2136  2136 E A       : com.google.android.apps.gsa.shared.speech.b.l: errorCode: 65561, engine: 2
05-11 07:18:54.753  2136  2136 E A       : 	at com.google.android.apps.gsa.staticplugins.bp.a.f.a(PG:23)
05-11 07:18:54.753  2136  2136 E A       : 	at com.google.android.apps.gsa.s3.o.hi(PG:13)
05-11 07:18:54.753  2136  2136 E A       : 	at com.google.ci.g.a.f.e(PG:9)
05-11 07:18:54.753  2136  2136 E A       : 	at com.google.android.apps.gsa.speech.k.a.g.d(PG:162)
05-11 07:18:54.753  2136  2136 E A       : 	at com.google.android.apps.gsa.speech.k.a.g.iO(PG:26)
05-11 07:18:54.753  2136  2136 E A       : 	at com.google.android.apps.gsa.s3.p.c(PG:102)
05-11 07:18:54.753  2136  2136 E A       : 	at com.google.android.apps.gsa.s3.q.run(PG:1)
05-11 07:18:54.753  2136  2136 E A       : 	at java.util.concurrent.Executors$RunnableAdapter.call(Executors.java:487)
05-11 07:18:54.753  2136  2136 E A       : 	at java.util.concurrent.FutureTask.run(FutureTask.java:264)
05-11 07:18:54.753  2136  2136 E A       : 	at com.google.android.apps.gsa.shared.util.c.a.e.run(PG:12)
05-11 07:18:54.753  2136  2136 E A       : 	at com.google.android.apps.gsa.shared.util.c.a.bg.run(PG:3)
05-11 07:18:54.753  2136  2136 E A       : 	at com.google.android.apps.gsa.shared.util.c.a.bg.run(PG:3)
05-11 07:18:54.753  2136  2136 E A       : 	at java.util.concurrent.ThreadPoolExecutor.runWorker(ThreadPoolExecutor.java:1145)
05-11 07:18:54.753  2136  2136 E A       : 	at java.util.concurrent.ThreadPoolExecutor$Worker.run(ThreadPoolExecutor.java:644)
05-11 07:18:54.753  2136  2136 E A       : 	at java.lang.Thread.run(Thread.java:1012)
05-11 07:18:54.753  2136  2136 E A       : 	at com.google.android.apps.gsa.shared.util.c.a.l.run(PG:42)
05-11 07:18:54.753  2136  2136 E A       : Caused by: com.google.android.apps.gsa.shared.speech.b.n: errorCode: 65586, engine: 2
05-11 07:18:54.753  2136  2136 E A       : 	at com.google.android.apps.gsa.s3.o.hi(PG:6)
05-11 07:18:54.753  2136  2136 E A       : 	... 14 more
05-11 07:18:54.753  2136  2136 E A       : Caused by: com.google.android.apps.gsa.shared.speech.b.j: errorCode: 401, engine: 2
05-11 07:18:54.753  2136  2136 E A       : 	at com.google.android.apps.gsa.assistant.shared.n.i.b(PG:30)
05-11 07:18:54.753  2136  2136 E A       : 	at com.google.android.apps.gsa.s3.producers.j.hs(PG:11)
05-11 07:18:54.753  2136  2136 E A       : 	at com.google.android.apps.gsa.speech.k.a.g.d(PG:135)
05-11 07:18:54.753  2136  2136 E A       : 	... 12 more
05-11 07:18:54.758  2136  2136 W A       : Failed to sync device settings.
05-11 07:18:54.799  3388  3696 W AbstractServiceBroker: calling package is not null : com.google.android.googlequicksearchbox for service ids : [40] [CONTEXT service_id=259 ]
05-11 07:18:54.803   605   984 W JobScheduler: Job didn't exist in JobStore: 929194c #u0a145/-353 com.google.android.googlequicksearchbox/com.google.android.apps.gsa.tasks.BackgroundTasksJobService
05-11 07:18:54.971  2136  6334 E BgTaskExecutorImpl: (REDACTED) %s
05-11 07:18:54.971  2136  6334 E BgTaskExecutorImpl: com.google.android.apps.gsa.shared.speech.b.n: errorCode: 65586, engine: 2
05-11 07:18:54.971  2136  6334 E BgTaskExecutorImpl: 	at com.google.android.apps.gsa.s3.o.hi(PG:6)
05-11 07:18:54.971  2136  6334 E BgTaskExecutorImpl: 	at com.google.ci.g.a.f.e(PG:9)
05-11 07:18:54.971  2136  6334 E BgTaskExecutorImpl: 	at com.google.android.apps.gsa.speech.k.a.g.d(PG:162)
05-11 07:18:54.971  2136  6334 E BgTaskExecutorImpl: 	at com.google.android.apps.gsa.speech.k.a.g.iO(PG:26)
05-11 07:18:54.971  2136  6334 E BgTaskExecutorImpl: 	at com.google.android.apps.gsa.s3.p.c(PG:102)
05-11 07:18:54.971  2136  6334 E BgTaskExecutorImpl: 	at com.google.android.apps.gsa.s3.q.run(PG:1)
05-11 07:18:54.971  2136  6334 E BgTaskExecutorImpl: 	at java.util.concurrent.Executors$RunnableAdapter.call(Executors.java:487)
05-11 07:18:54.971  2136  6334 E BgTaskExecutorImpl: 	at java.util.concurrent.FutureTask.run(FutureTask.java:264)
05-11 07:18:54.971  2136  6334 E BgTaskExecutorImpl: 	at com.google.android.apps.gsa.shared.util.c.a.e.run(PG:12)
05-11 07:18:54.971  2136  6334 E BgTaskExecutorImpl: 	at com.google.android.apps.gsa.shared.util.c.a.bg.run(PG:3)
05-11 07:18:54.971  2136  6334 E BgTaskExecutorImpl: 	at com.google.android.apps.gsa.shared.util.c.a.bg.run(PG:3)
05-11 07:18:54.971  2136  6334 E BgTaskExecutorImpl: 	at java.util.concurrent.ThreadPoolExecutor.runWorker(ThreadPoolExecutor.java:1145)
05-11 07:18:54.971  2136  6334 E BgTaskExecutorImpl: 	at java.util.concurrent.ThreadPoolExecutor$Worker.run(ThreadPoolExecutor.java:644)
05-11 07:18:54.971  2136  6334 E BgTaskExecutorImpl: 	at java.lang.Thread.run(Thread.java:1012)
05-11 07:18:54.971  2136  6334 E BgTaskExecutorImpl: 	at com.google.android.apps.gsa.shared.util.c.a.l.run(PG:42)
05-11 07:18:54.971  2136  6334 E BgTaskExecutorImpl: Caused by: com.google.android.apps.gsa.shared.speech.b.j: errorCode: 401, engine: 2
05-11 07:18:54.971  2136  6334 E BgTaskExecutorImpl: 	at com.google.android.apps.gsa.assistant.shared.n.i.b(PG:30)
05-11 07:18:54.971  2136  6334 E BgTaskExecutorImpl: 	at com.google.android.apps.gsa.s3.producers.j.hs(PG:11)
05-11 07:18:54.971  2136  6334 E BgTaskExecutorImpl: 	at com.google.android.apps.gsa.speech.k.a.g.d(PG:135)
05-11 07:18:54.971  2136  6334 E BgTaskExecutorImpl: 	... 12 more
05-11 07:18:56.780   605   984 D ConnectivityService: requestNetwork for uid/pid:10145/2136 activeRequest: null callbackRequest: 178 [NetworkRequest [ REQUEST id=178, [ Transports: CELLULAR Capabilities: INTERNET&NOT_RESTRICTED&TRUSTED&NOT_VPN&NOT_VCN_MANAGED&NOT_BANDWIDTH_CONSTRAINED Forbidden: LOCAL_NETWORK Uid: 10145 RequestorUid: 10145 RequestorPkg: com.google.android.googlequicksearchbox UnderlyingNetworks: Null] ]] callback flags: 0 order: 2147483647 isUidTracked: false
05-11 07:18:56.798   605   778 W IPCThreadState: Sending oneway calls to frozen process.
05-11 07:18:56.801   605   778 W IPCThreadState: Sending oneway calls to frozen process.
05-11 07:18:56.801   605   778 W IPCThreadState: Sending oneway calls to frozen process.
05-11 07:18:56.801   605   778 W IPCThreadState: Sending oneway calls to frozen process.
05-11 07:18:56.805   605   778 D ConnectivityService: NetReassign [178 : null  102] [c 1] [a 20] [i 3]
05-11 07:18:56.806   605   778 D ConnectivityService: reportNetworkConnectivity(101, false) by 10145
05-11 07:18:56.807  1002  3728 D NetworkMonitor/101: Forcing reevaluation for UID 10145. Dns signal count: 0
05-11 07:18:56.811  1002  6340 D TrafficStats: tagSocket(128) with statsTag=0xffffff81, statsUid=-1
05-11 07:18:56.812  1002  6341 D TrafficStats: tagSocket(129) with statsTag=0xffffff81, statsUid=-1
05-11 07:18:56.814  1002  6340 D TrafficStats: tagSocket(128) with statsTag=0xffffff81, statsUid=-1
05-11 07:18:56.814  1002  6341 D TrafficStats: tagSocket(129) with statsTag=0xffffff81, statsUid=-1
05-11 07:18:56.824  1002  1002 D TrafficStats: tagSocket(129) with statsTag=0xffffffff, statsUid=-1
05-11 07:18:56.826  1002  1002 D TrafficStats: tagSocket(129) with statsTag=0xffffffff, statsUid=-1
05-11 07:18:56.828  1002  1002 D TrafficStats: tagSocket(129) with statsTag=0xffffffff, statsUid=-1
05-11 07:18:56.829  1002  1002 D TrafficStats: tagSocket(129) with statsTag=0xffffffff, statsUid=-1
05-11 07:18:56.830  1002  1002 D TrafficStats: tagSocket(129) with statsTag=0xffffffff, statsUid=-1
05-11 07:18:56.831  1002  1002 D TrafficStats: tagSocket(129) with statsTag=0xffffffff, statsUid=-1
05-11 07:18:56.833  1002  1002 D TrafficStats: tagSocket(129) with statsTag=0xffffffff, statsUid=-1
05-11 07:18:56.834  1002  1002 D TrafficStats: tagSocket(129) with statsTag=0xffffffff, statsUid=-1
05-11 07:18:56.836  1002  1002 D TrafficStats: tagSocket(129) with statsTag=0xffffffff, statsUid=-1
05-11 07:18:56.837  1002  1002 D TrafficStats: tagSocket(129) with statsTag=0xffffffff, statsUid=-1
05-11 07:18:56.838  1002  6340 D NetworkMonitor/101: PROBE_DNS www.google.com 27ms OK 74.125.23.147,74.125.23.99,74.125.23.105,74.125.23.103,74.125.23.106,74.125.23.104,2404:6800:4008:c19::6a,2404:6800:4008:c19::93,2404:6800:4008:c19::63,2404:6800:4008:c19::68
05-11 07:18:56.838  1002  1002 D TrafficStats: tagSocket(128) with statsTag=0xffffffff, statsUid=-1
05-11 07:18:56.839  1002  1002 D TrafficStats: tagSocket(128) with statsTag=0xffffffff, statsUid=-1
05-11 07:18:56.841  1002  6341 D NetworkMonitor/101: PROBE_DNS connectivitycheck.gstatic.com 29ms OK 74.125.203.94,2404:6800:4008:c03::5e
05-11 07:18:56.847  1002  6340 D TrafficStats: tagSocket(128) with statsTag=0xffffff81, statsUid=-1
05-11 07:18:56.847  1002  6341 D TrafficStats: tagSocket(129) with statsTag=0xffffff81, statsUid=-1
05-11 07:18:56.854  1002  6341 D NetworkMonitor/101: PROBE_HTTP http://connectivitycheck.gstatic.com/generate_204 time=12ms ret=204 request={Connection=[close], User-Agent=[Mozilla/5.0 (X11; Linux x86_64) AppleWebKit/537.36 (KHTML, like Gecko) Chrome/60.0.3112.32 Safari/537.36]} headers={null=[HTTP/1.1 204 No Content], Connection=[close], Content-Length=[0], Cross-Origin-Resource-Policy=[cross-origin], Date=[Sun, 11 May 2025 07:18:59 GMT], X-Android-Received-Millis=[1746947936854], X-Android-Response-Source=[NETWORK 204], X-Android-Selected-Protocol=[http/1.1], X-Android-Sent-Millis=[1746947936851]}
05-11 07:18:56.867  1002  6340 D NetworkMonitor/101: PROBE_HTTPS https://www.google.com/generate_204 time=26ms ret=204 request={Connection=[close], User-Agent=[Mozilla/5.0 (X11; Linux x86_64) AppleWebKit/537.36 (KHTML, like Gecko) Chrome/60.0.3112.32 Safari/537.36]} headers={null=[HTTP/1.1 204 No Content], Connection=[close], Content-Length=[0], Cross-Origin-Resource-Policy=[cross-origin], Date=[Sun, 11 May 2025 07:18:59 GMT], X-Android-Received-Millis=[1746947936866], X-Android-Response-Source=[NETWORK 204], X-Android-Selected-Protocol=[http/1.1], X-Android-Sent-Millis=[1746947936865]}
05-11 07:18:56.868  1002  6339 D NetworkMonitor/101: isCaptivePortal: isSuccessful()=true isPortal()=false RedirectUrl=null isPartialConnectivity()=false Time=58ms
05-11 07:18:56.869   605   778 D ConnectivityService: [101 WIFI] validation passed
05-11 07:18:58.351  2136  6336 W A       : (REDACTED) [%s] response code: %d
05-11 07:19:00.021  3522  3595 I AiAiEcho: Predicting[0]:  [CONTEXT sampling_count=5 ]
05-11 07:19:00.022  3522  3595 I AiAiEcho: EchoTargets: 
05-11 07:19:00.022  3522  3595 I AiAiEcho: Filtered by AiAi flag check: 
05-11 07:19:00.022  3522  3595 I AiAiEcho: [CONTEXT ratelimit_period="10 SECONDS" ]
05-11 07:19:00.022  3522  3595 I AiAiEcho: Ranked targets strategy: SORT, count: 0, ranking metadata:  [CONTEXT ratelimit_period="10 SECONDS" ]
05-11 07:19:00.024  3522  3595 I AiAiEcho: #remoteViewsTwiddler: feature disabled.
05-11 07:19:00.024  3522  3595 I AiAiEcho: Predicting[0]:  [CONTEXT sampling_count=5 ]
05-11 07:19:00.024  3522  3595 I AiAiEcho: EchoTargets: 
05-11 07:19:00.024  3522  3595 I AiAiEcho: Filtered by AiAi flag check: 
05-11 07:19:00.024  3522  3595 I AiAiEcho: [CONTEXT ratelimit_period="10 SECONDS" ]
05-11 07:19:00.025  3522  3595 I AiAiEcho: Ranked targets strategy: SORT, count: 0, ranking metadata:  [CONTEXT ratelimit_period="10 SECONDS" ]
05-11 07:19:00.025  3522  3595 I AiAiEcho: #remoteViewsTwiddler: feature disabled.
05-11 07:19:00.028  3522  3595 I AiAiEcho: #postPredictionTargets: Sending updates to UISurface lockscreen with targets# 0 (types=[])
05-11 07:19:00.029  3522  3595 I AiAiEcho: #postPredictionTargets: Sending updates to UISurface home with targets# 0 (types=[])
05-11 07:19:00.057  1322  1322 D SsBaseTemplateCard: No text view can be set up
05-11 07:19:00.060  1322  1322 D SsBaseTemplateCard: Passed-in item info is null
05-11 07:19:00.060  1322  1322 D SsBaseTemplateCard: Passed-in item info is null
05-11 07:19:00.060  1322  1322 D SsBaseTemplateCard: Passed-in item info is null
05-11 07:19:00.060  1322  1322 I SsBaseTemplateCard: Secondary card pane is null
05-11 07:19:00.064   894   894 W PageIndicator: Total number of pages invalid: 0. Assuming 1 page.
05-11 07:19:00.110   894  1088 D EGL_emulation: app_time_stats: avg=46335.68ms min=46335.68ms max=46335.68ms count=1
05-11 07:19:00.146  1322  1886 D EGL_emulation: app_time_stats: avg=59987.38ms min=59987.38ms max=59987.38ms count=1
05-11 07:19:00.167   445   445 E SurfaceFlinger: Out of order buffers detected for RequestedLayerState{com.google.android.apps.nexuslauncher/com.google.android.apps.nexuslauncher.NexusLauncherActivity#191 parentId=189} producedId=13 frameNumber=53 -> producedId=13 frameNumber=20
05-11 07:19:04.853   605   725 D ActivityManager: freezing 2136 com.google.android.googlequicksearchbox:search
05-11 07:19:05.826   605   778 W IPCThreadState: Sending oneway calls to frozen process.
05-11 07:19:05.826   605   778 W IPCThreadState: Sending oneway calls to frozen process.
05-11 07:19:05.826   605   778 W IPCThreadState: Sending oneway calls to frozen process.
05-11 07:19:05.826   605   778 W IPCThreadState: Sending oneway calls to frozen process.
05-11 07:19:05.826   605   778 W IPCThreadState: Sending oneway calls to frozen process.
05-11 07:19:05.826   605   778 W IPCThreadState: Sending oneway calls to frozen process.
05-11 07:19:05.826   605   778 W IPCThreadState: Sending oneway calls to frozen process.
05-11 07:19:05.826   605   778 W IPCThreadState: Sending oneway calls to frozen process.
05-11 07:19:05.829   605   778 W IPCThreadState: Sending oneway calls to frozen process.
05-11 07:19:05.829   605   778 W IPCThreadState: Sending oneway calls to frozen process.
05-11 07:19:05.831  3388  3880 I NullBinder: NullBinder for android.net.action.RECOMMEND_NETWORKS triggering remote TransactionTooLargeException due to Service without Chimera impl, calling uid: 1000, calling pid: 0
05-11 07:19:05.831  3388  3880 W .gms.persistent: Large reply transaction of 1056768 bytes, interface descriptor , code 1
05-11 07:19:05.843   605   778 W IPCThreadState: Sending oneway calls to frozen process.
05-11 07:19:05.844   605   778 W IPCThreadState: Sending oneway calls to frozen process.
05-11 07:19:05.844   605   778 W IPCThreadState: Sending oneway calls to frozen process.
05-11 07:19:05.844   605   778 W IPCThreadState: Sending oneway calls to frozen process.
05-11 07:19:05.844   605   778 W IPCThreadState: Sending oneway calls to frozen process.
05-11 07:19:05.844   605   778 W IPCThreadState: Sending oneway calls to frozen process.
05-11 07:19:05.844   605   778 W IPCThreadState: Sending oneway calls to frozen process.
05-11 07:19:05.859  4230  4280 I BugleRcsEngine: Connected state: [1], networkType: [WIFI] [CONTEXT thread_id=58 ]
05-11 07:19:05.859  4230  4287 I BugleRcsEngine: handleMessage processing message:[NOTIFY_UPTIME_IGNORE_STATE_CHANGED] with [non-null]:RcsEngineImpl reference [CONTEXT log_prefix="RcsEngineImpl[DUAL_REG]:[94601c0a-a8dd]>Handler" thread_id=63 ]
05-11 07:19:05.888  4230  4287 I BugleRcsEngine: No RCS Configuration was found in Bugle for simID: redacted-pii:sim_id[chars:20,last3:897] [CONTEXT log_prefix="ProvisioningEngineDataRetriever" thread_id=63 ]
05-11 07:19:16.220  2838  2939 I BistoHotwordHelper: (REDACTED) getHotwordActive::active query: %s, watch: %s, devices connected: %s
05-11 07:19:18.036   605   625 W AppOps  : Noting op not finished: uid 10144 pkg com.google.android.gms code 113 startTime of in progress event=1746944520418
05-11 07:19:18.047   605  1723 W AppOps  : Noting op not finished: uid 10144 pkg com.google.android.gms code 113 startTime of in progress event=1746944520418
05-11 07:19:18.056   605   984 W AppOps  : Noting op not finished: uid 10144 pkg com.google.android.gms code 113 startTime of in progress event=1746944520418
05-11 07:19:18.059   605   984 W AppOps  : Noting op not finished: uid 10144 pkg com.google.android.gms code 79 startTime of in progress event=1746944520418
05-11 07:19:18.065  3388  3545 I ActivityScheduler: nextTriggerTime: 5003948, in 238100ms, detectorType: 39, FULL_TYPE alarmWindowMillis: 80000
05-11 07:19:18.067  3388  3449 W AbstractServiceBroker: calling package is not null : com.google.android.gms for service ids : [41] [CONTEXT service_id=259 ]
05-11 07:19:35.944   605   778 W IPCThreadState: Sending oneway calls to frozen process.
05-11 07:19:35.944   605   778 W IPCThreadState: Sending oneway calls to frozen process.
05-11 07:19:35.944   605   778 W IPCThreadState: Sending oneway calls to frozen process.
05-11 07:19:35.945   605   778 W IPCThreadState: Sending oneway calls to frozen process.
05-11 07:19:35.945   605   778 W IPCThreadState: Sending oneway calls to frozen process.
05-11 07:19:35.946   605   778 W IPCThreadState: Sending oneway calls to frozen process.
05-11 07:19:35.946   605   778 W IPCThreadState: Sending oneway calls to frozen process.
05-11 07:19:35.946   605   778 W IPCThreadState: Sending oneway calls to frozen process.
05-11 07:19:35.950   605   778 W IPCThreadState: Sending oneway calls to frozen process.
05-11 07:19:35.951   605   778 W IPCThreadState: Sending oneway calls to frozen process.
05-11 07:19:35.957  3388  4569 I NullBinder: NullBinder for android.net.action.RECOMMEND_NETWORKS triggering remote TransactionTooLargeException due to Service without Chimera impl, calling uid: 1000, calling pid: 0
05-11 07:19:35.957  3388  4569 W .gms.persistent: Large reply transaction of 1056768 bytes, interface descriptor , code 1
05-11 07:19:35.960   605   778 W IPCThreadState: Sending oneway calls to frozen process.
05-11 07:19:35.964   605   778 W IPCThreadState: Sending oneway calls to frozen process.
05-11 07:19:35.964   605   778 W IPCThreadState: Sending oneway calls to frozen process.
05-11 07:19:35.965   605   778 W IPCThreadState: Sending oneway calls to frozen process.
05-11 07:19:35.966   605   778 W IPCThreadState: Sending oneway calls to frozen process.
05-11 07:19:35.966   605   778 W IPCThreadState: Sending oneway calls to frozen process.
05-11 07:19:35.967   605   778 W IPCThreadState: Sending oneway calls to frozen process.
05-11 07:19:35.995  4230  4280 I BugleRcsEngine: Connected state: [1], networkType: [WIFI] [CONTEXT thread_id=58 ]
05-11 07:19:35.995  4230  4287 I BugleRcsEngine: handleMessage processing message:[NOTIFY_UPTIME_IGNORE_STATE_CHANGED] with [non-null]:RcsEngineImpl reference [CONTEXT log_prefix="RcsEngineImpl[DUAL_REG]:[94601c0a-a8dd]>Handler" thread_id=63 ]
05-11 07:19:36.014  4230  4287 I BugleRcsEngine: No RCS Configuration was found in Bugle for simID: redacted-pii:sim_id[chars:20,last3:897] [CONTEXT log_prefix="ProvisioningEngineDataRetriever" thread_id=63 ]
05-11 07:19:53.773   894  1088 D EGL_emulation: app_time_stats: avg=53662.75ms min=53662.75ms max=53662.75ms count=1
05-11 07:20:00.039  3522  3595 I AiAiEcho: Predicting[0]:  [CONTEXT sampling_count=5 ]
05-11 07:20:00.039  3522  3595 I AiAiEcho: EchoTargets: 
05-11 07:20:00.039  3522  3595 I AiAiEcho: Filtered by AiAi flag check: 
05-11 07:20:00.039  3522  3595 I AiAiEcho: [CONTEXT ratelimit_period="10 SECONDS" ]
05-11 07:20:00.040  3522  3595 I AiAiEcho: Ranked targets strategy: SORT, count: 0, ranking metadata:  [CONTEXT ratelimit_period="10 SECONDS" ]
05-11 07:20:00.042  3522  3595 I AiAiEcho: #remoteViewsTwiddler: feature disabled.
05-11 07:20:00.042  3522  3595 I AiAiEcho: Predicting[0]:  [CONTEXT sampling_count=5 ]
05-11 07:20:00.042  3522  3595 I AiAiEcho: EchoTargets: 
05-11 07:20:00.042  3522  3595 I AiAiEcho: Filtered by AiAi flag check: 
05-11 07:20:00.042  3522  3595 I AiAiEcho: [CONTEXT ratelimit_period="10 SECONDS" ]
05-11 07:20:00.043  3522  3595 I AiAiEcho: Ranked targets strategy: SORT, count: 0, ranking metadata:  [CONTEXT ratelimit_period="10 SECONDS" ]
05-11 07:20:00.043  3522  3595 I AiAiEcho: #remoteViewsTwiddler: feature disabled.
05-11 07:20:00.050  3522  3595 I AiAiEcho: #postPredictionTargets: Sending updates to UISurface lockscreen with targets# 0 (types=[])
05-11 07:20:00.051  3522  3595 I AiAiEcho: #postPredictionTargets: Sending updates to UISurface home with targets# 0 (types=[])
05-11 07:20:00.056   894   894 W PageIndicator: Total number of pages invalid: 0. Assuming 1 page.
05-11 07:20:00.056  1322  1322 D SsBaseTemplateCard: No text view can be set up
05-11 07:20:00.059  1322  1322 D SsBaseTemplateCard: Passed-in item info is null
05-11 07:20:00.059  1322  1322 D SsBaseTemplateCard: Passed-in item info is null
05-11 07:20:00.059  1322  1322 D SsBaseTemplateCard: Passed-in item info is null
05-11 07:20:00.059  1322  1322 I SsBaseTemplateCard: Secondary card pane is null
05-11 07:20:00.085   894  1088 D EGL_emulation: app_time_stats: avg=6311.78ms min=6311.78ms max=6311.78ms count=1
05-11 07:20:00.165  1322  1886 D EGL_emulation: app_time_stats: avg=60019.11ms min=60019.11ms max=60019.11ms count=1
05-11 07:20:00.166   445   445 E SurfaceFlinger: Out of order buffers detected for RequestedLayerState{com.google.android.apps.nexuslauncher/com.google.android.apps.nexuslauncher.NexusLauncherActivity#191 parentId=189} producedId=13 frameNumber=53 -> producedId=13 frameNumber=21
05-11 07:20:00.512  3522  3534 I ogle.android.as: Background concurrent mark compact GC freed 6572KB AllocSpace bytes, 0(0B) LOS objects, 49% free, 6973KB/13MB, paused 1.288ms,17.700ms total 473.622ms
05-11 07:20:05.962   605   984 D WifiNl80211Manager: Scan result ready event
05-11 07:20:05.962   605   984 D WifiNative: Scan result ready event
05-11 07:20:05.972   605   771 I HalDevMgr: bestIfaceCreationProposal is null, requestIface=STA, existingIface=[name=wlan0 type=STA]
05-11 07:20:06.021   605   778 W IPCThreadState: Sending oneway calls to frozen process.
05-11 07:20:06.021   605   778 W IPCThreadState: Sending oneway calls to frozen process.
05-11 07:20:06.021   605   778 W IPCThreadState: Sending oneway calls to frozen process.
05-11 07:20:06.021   605   778 W IPCThreadState: Sending oneway calls to frozen process.
05-11 07:20:06.021   605   778 W IPCThreadState: Sending oneway calls to frozen process.
05-11 07:20:06.022   605   778 W IPCThreadState: Sending oneway calls to frozen process.
05-11 07:20:06.022   605   778 W IPCThreadState: Sending oneway calls to frozen process.
05-11 07:20:06.022   605   778 W IPCThreadState: Sending oneway calls to frozen process.
05-11 07:20:06.024   605   778 W IPCThreadState: Sending oneway calls to frozen process.
05-11 07:20:06.025   605   778 W IPCThreadState: Sending oneway calls to frozen process.
05-11 07:20:06.032   605   778 W IPCThreadState: Sending oneway calls to frozen process.
05-11 07:20:06.034   605   778 W IPCThreadState: Sending oneway calls to frozen process.
05-11 07:20:06.035   605   778 W IPCThreadState: Sending oneway calls to frozen process.
05-11 07:20:06.035   605   778 W IPCThreadState: Sending oneway calls to frozen process.
05-11 07:20:06.036   605   778 W IPCThreadState: Sending oneway calls to frozen process.
05-11 07:20:06.036   605   778 W IPCThreadState: Sending oneway calls to frozen process.
05-11 07:20:06.036   605   778 W IPCThreadState: Sending oneway calls to frozen process.
05-11 07:20:06.042  3388  4569 I NullBinder: NullBinder for android.net.action.RECOMMEND_NETWORKS triggering remote TransactionTooLargeException due to Service without Chimera impl, calling uid: 1000, calling pid: 0
05-11 07:20:06.042  3388  4569 W .gms.persistent: Large reply transaction of 1056768 bytes, interface descriptor , code 1
05-11 07:20:06.048  4230  4280 I BugleRcsEngine: Connected state: [1], networkType: [WIFI] [CONTEXT thread_id=58 ]
05-11 07:20:06.048  4230  4287 I BugleRcsEngine: handleMessage processing message:[NOTIFY_UPTIME_IGNORE_STATE_CHANGED] with [non-null]:RcsEngineImpl reference [CONTEXT log_prefix="RcsEngineImpl[DUAL_REG]:[94601c0a-a8dd]>Handler" thread_id=63 ]
05-11 07:20:06.095  4230  4287 I BugleRcsEngine: No RCS Configuration was found in Bugle for simID: redacted-pii:sim_id[chars:20,last3:897] [CONTEXT log_prefix="ProvisioningEngineDataRetriever" thread_id=63 ]
05-11 07:20:16.219  2838  2939 I BistoHotwordHelper: (REDACTED) getHotwordActive::active query: %s, watch: %s, devices connected: %s
05-11 07:20:20.417   605   713 I UsageStatsService: User[0] Flushing usage stats to disk
05-11 07:20:33.753   894  1088 D EGL_emulation: app_time_stats: avg=33667.73ms min=33667.73ms max=33667.73ms count=1
05-11 07:21:00.036  3522  3595 I AiAiEcho: Predicting[0]:  [CONTEXT sampling_count=5 ]
05-11 07:21:00.037  3522  3595 I AiAiEcho: EchoTargets: 
05-11 07:21:00.037  3522  3595 I AiAiEcho: Filtered by AiAi flag check: 
05-11 07:21:00.037  3522  3595 I AiAiEcho: [CONTEXT ratelimit_period="10 SECONDS" ]
05-11 07:21:00.037  3522  3595 I AiAiEcho: Ranked targets strategy: SORT, count: 0, ranking metadata:  [CONTEXT ratelimit_period="10 SECONDS" ]
05-11 07:21:00.039  3522  3595 I AiAiEcho: #remoteViewsTwiddler: feature disabled.
05-11 07:21:00.040  3522  3595 I AiAiEcho: Predicting[0]:  [CONTEXT sampling_count=5 ]
05-11 07:21:00.040  3522  3595 I AiAiEcho: EchoTargets: 
05-11 07:21:00.040  3522  3595 I AiAiEcho: Filtered by AiAi flag check: 
05-11 07:21:00.040  3522  3595 I AiAiEcho: [CONTEXT ratelimit_period="10 SECONDS" ]
05-11 07:21:00.040  3522  3595 I AiAiEcho: Ranked targets strategy: SORT, count: 0, ranking metadata:  [CONTEXT ratelimit_period="10 SECONDS" ]
05-11 07:21:00.040  3522  3595 I AiAiEcho: #remoteViewsTwiddler: feature disabled.
05-11 07:21:00.043  3522  3595 I AiAiEcho: #postPredictionTargets: Sending updates to UISurface lockscreen with targets# 0 (types=[])
05-11 07:21:00.045  3522  3595 I AiAiEcho: #postPredictionTargets: Sending updates to UISurface home with targets# 0 (types=[])
05-11 07:21:00.055  1322  1322 D SsBaseTemplateCard: No text view can be set up
05-11 07:21:00.058  1322  1322 D SsBaseTemplateCard: Passed-in item info is null
05-11 07:21:00.058  1322  1322 D SsBaseTemplateCard: Passed-in item info is null
05-11 07:21:00.058  1322  1322 D SsBaseTemplateCard: Passed-in item info is null
05-11 07:21:00.058  1322  1322 I SsBaseTemplateCard: Secondary card pane is null
05-11 07:21:00.071   894   894 W PageIndicator: Total number of pages invalid: 0. Assuming 1 page.
05-11 07:21:00.124   894  1088 D EGL_emulation: app_time_stats: avg=26370.42ms min=26370.42ms max=26370.42ms count=1
05-11 07:21:00.137  1322  1886 D EGL_emulation: app_time_stats: avg=59972.00ms min=59972.00ms max=59972.00ms count=1
05-11 07:21:00.172   445   445 E SurfaceFlinger: Out of order buffers detected for RequestedLayerState{com.google.android.apps.nexuslauncher/com.google.android.apps.nexuslauncher.NexusLauncherActivity#191 parentId=189} producedId=13 frameNumber=53 -> producedId=13 frameNumber=22
05-11 07:21:09.973  1002  3771 D ApfFilter: (wlan0): Adding RA fe80::2 -> ff02::1 1800s fec0::/64 86400s/14400s 
05-11 07:21:13.727   894  1088 D EGL_emulation: app_time_stats: avg=13602.63ms min=13602.63ms max=13602.63ms count=1
05-11 07:21:16.220  2838  2939 I BistoHotwordHelper: (REDACTED) getHotwordActive::active query: %s, watch: %s, devices connected: %s
05-11 07:21:19.639   605  1723 W IPCThreadState: Sending oneway calls to frozen process.
05-11 07:21:19.639   605  1723 W IPCThreadState: Sending oneway calls to frozen process.
05-11 07:21:25.170  4034  6358 D MddListenableWorkerFactory: createWorker for class: com.google.apps.tiktok.contrib.work.TikTokListenableWorker
05-11 07:21:25.442  4034  4034 I SyncManagerImpl: #sync(). Running Synclets and scheduling next sync.
05-11 07:21:25.578  4034  4181 I SyncManagerImpl: Starting synclet: TemplateFetcherSynclet
05-11 07:21:25.601  4034  4182 I TemplatesStore: cache hit! returning templates at version 
05-11 07:21:25.690  4034  4181 I BugleMDD: Retrieved File Group is null
05-11 07:21:25.698  4034  4182 W BugleSpam: failed fetching spam templates 20250510074257US
05-11 07:21:25.698  4034  4182 W BugleSpam: java.io.IOException: Could not get URI for file:, mdd_file {    id: 20250510074257US
05-11 07:21:25.698  4034  4182 W BugleSpam:     group: spam_fm_templates
05-11 07:21:25.698  4034  4182 W BugleSpam: }
05-11 07:21:25.698  4034  4182 W BugleSpam: 	at bimr.g(PG:93)
05-11 07:21:25.698  4034  4182 W BugleSpam: 	at bimk.a(PG:7)
05-11 07:21:25.698  4034  4182 W BugleSpam: 	at dqpg.a(PG:8)
05-11 07:21:25.698  4034  4182 W BugleSpam: 	at dqpa.a(PG:7)
05-11 07:21:25.698  4034  4182 W BugleSpam: 	at dqoh.d(PG:3)
05-11 07:21:25.698  4034  4182 W BugleSpam: 	at dqoj.run(PG:42)
05-11 07:21:25.698  4034  4182 W BugleSpam: 	at crzm.run(PG:3)
05-11 07:21:25.698  4034  4182 W BugleSpam: 	at dnmw.run(PG:50)
05-11 07:21:25.698  4034  4182 W BugleSpam: 	at cscj.run(PG:18)
05-11 07:21:25.698  4034  4182 W BugleSpam: 	at cryt.run(PG:8)
05-11 07:21:25.698  4034  4182 W BugleSpam: 	at java.lang.Thread.run(Thread.java:1012)
05-11 07:21:25.698  4034  4182 W BugleSpam: 	at csaw.run(PG:64)
05-11 07:21:25.699  4034  4182 W BugleSpam: couldn't get templates for 20250510074257US
05-11 07:21:25.706  4034  4104 I SyncManagerImpl: #sync() complete
05-11 07:21:25.707  4034  4105 I SyncManagerImpl: Completed sync. Scheduling next wakeup
05-11 07:21:25.709  4034  4105 I SyncWorkManagerOneTimeS: Scheduling next onetime WorkManager workers
05-11 07:21:25.740  4034  6358 I WM-WorkerWrapper: Worker result SUCCESS for Work [ id=3d9c7b96-eaee-4a88-8b75-c9cab1fb3354, tags={ com.google.apps.tiktok.contrib.work.TikTokListenableWorker,com.google.apps.tiktok.sync.impl.workmanager.SyncWorker,TikTokWorker#com.google.apps.tiktok.sync.impl.workmanager.SyncWorker } ]
05-11 07:21:25.794  3388  4569 W AbstractServiceBroker: calling package is not null : com.google.android.apps.messaging for service ids : [40] [CONTEXT service_id=259 ]
05-11 07:21:25.960   605   605 D ActivityManager: sync unfroze 1375 com.google.android.permissioncontroller for 27
05-11 07:21:25.991   605   605 W Looper  : Slow dispatch took 120ms main h=android.app.ActivityThread$H c=null m=121
05-11 07:21:26.299  4034  6360 I SyncWorkManagerOneTimeS: Successfully scheduled next onetime workers
05-11 07:21:27.665   894   902 I ndroid.systemui: NativeAlloc concurrent mark compact GC freed 17MB AllocSpace bytes, 161(3220KB) LOS objects, 50% free, 20MB/40MB, paused 1.032ms,75.861ms total 1.473s
05-11 07:21:27.666   894   902 W ndroid.systemui: Reducing the number of considered missed Gc histogram windows from 160 to 100
05-11 07:21:27.812   894   904 W ndroid.systemui: ApkAssets: Deleting an ApkAssets object '<empty> and /data/app/~~9Rz7dIl-Bpw-zjtZihZ8LQ==/com.example.expensetracker-ouxyI5zOuRXphngGZCISrQ==/base.apk' with 2 weak references
05-11 07:21:27.823   894   904 W System  : A resource failed to call release. 
05-11 07:21:27.823   894   904 W System  : A resource failed to call release. 
05-11 07:21:27.823   894   904 W System  : A resource failed to call release. 
05-11 07:21:27.823   894   904 W System  : A resource failed to call release. 
05-11 07:21:27.823   894   904 W System  : A resource failed to call release. 
05-11 07:21:27.823   894   904 W System  : A resource failed to call release. 
05-11 07:21:27.824   894   904 W System  : A resource failed to call release. 
05-11 07:21:27.824   894   904 W System  : A resource failed to call release. 
05-11 07:21:27.824   894   904 W System  : A resource failed to call release. 
05-11 07:21:27.824   894   904 W System  : A resource failed to call release. 
05-11 07:21:27.824   894   904 W System  : A resource failed to call release. 
05-11 07:21:27.824   894   904 W System  : A resource failed to call release. 
05-11 07:21:27.826   894   904 W System  : A resource failed to call release. 
05-11 07:21:27.826   894   904 W System  : A resource failed to call release. 
05-11 07:21:27.826   894   904 W System  : A resource failed to call release. 
05-11 07:21:27.826   894   904 W System  : A resource failed to call release. 
05-11 07:21:27.826   894   904 W System  : A resource failed to call release. 
05-11 07:21:27.826   894   904 W System  : A resource failed to call release. 
05-11 07:21:27.828   894   904 W System  : A resource failed to call release. 
05-11 07:21:27.828   894   904 W System  : A resource failed to call release. 
05-11 07:21:27.828   894   904 W System  : A resource failed to call release. 
05-11 07:21:27.828   894   904 W System  : A resource failed to call release. 
05-11 07:21:27.828   894   904 W System  : A resource failed to call release. 
05-11 07:21:27.828   894   904 W System  : A resource failed to call release. 
05-11 07:21:27.829   894   904 W System  : A resource failed to call release. 
05-11 07:21:27.829   894   904 W System  : A resource failed to call release. 
05-11 07:21:27.829   894   904 W System  : A resource failed to call release. 
05-11 07:21:27.829   894   904 W System  : A resource failed to call release. 
05-11 07:21:27.829   894   904 W System  : A resource failed to call release. 
05-11 07:21:27.829   894   904 W System  : A resource failed to call release. 
05-11 07:21:27.831   894   904 W System  : A resource failed to call release. 
05-11 07:21:27.831   894   904 W System  : A resource failed to call release. 
05-11 07:21:27.831   894   904 W System  : A resource failed to call release. 
05-11 07:21:27.831   894   904 W System  : A resource failed to call release. 
05-11 07:21:27.831   894   904 W System  : A resource failed to call release. 
05-11 07:21:27.831   894   904 W System  : A resource failed to call release. 
05-11 07:21:28.076   894   894 I ClipboardListener: Clipboard overlay suppressed.
05-11 07:21:28.120  3522  3606 I AiAiTranslate: C2T - not in a conversation
05-11 07:21:59.665   605   725 D ActivityManager: freezing 1375 com.google.android.permissioncontroller
05-11 07:21:59.671   605   778 D InetDiagMessage: Destroyed 0 sockets, proto=IPPROTO_TCP, family=AF_INET, states=14
05-11 07:21:59.672   605   778 D InetDiagMessage: Destroyed 0 sockets, proto=IPPROTO_TCP, family=AF_INET6, states=14
05-11 07:21:59.672   605   778 D InetDiagMessage: Destroyed live tcp sockets for uids={10199} in 2ms
05-11 07:22:00.035  3522  3595 I AiAiEcho: Predicting[0]:  [CONTEXT sampling_count=5 ]
05-11 07:22:00.036  3522  3595 I AiAiEcho: EchoTargets: 
05-11 07:22:00.036  3522  3595 I AiAiEcho: Filtered by AiAi flag check: 
05-11 07:22:00.036  3522  3595 I AiAiEcho: [CONTEXT ratelimit_period="10 SECONDS" ]
05-11 07:22:00.036  3522  3595 I AiAiEcho: Ranked targets strategy: SORT, count: 0, ranking metadata:  [CONTEXT ratelimit_period="10 SECONDS" ]
05-11 07:22:00.038  3522  3595 I AiAiEcho: #remoteViewsTwiddler: feature disabled.
05-11 07:22:00.039  3522  3595 I AiAiEcho: Predicting[0]:  [CONTEXT sampling_count=5 ]
05-11 07:22:00.039  3522  3595 I AiAiEcho: EchoTargets: 
05-11 07:22:00.039  3522  3595 I AiAiEcho: Filtered by AiAi flag check: 
05-11 07:22:00.039  3522  3595 I AiAiEcho: [CONTEXT ratelimit_period="10 SECONDS" ]
05-11 07:22:00.039  3522  3595 I AiAiEcho: Ranked targets strategy: SORT, count: 0, ranking metadata:  [CONTEXT ratelimit_period="10 SECONDS" ]
05-11 07:22:00.039  3522  3595 I AiAiEcho: #remoteViewsTwiddler: feature disabled.
05-11 07:22:00.041  3522  3595 I AiAiEcho: #postPredictionTargets: Sending updates to UISurface lockscreen with targets# 0 (types=[])
05-11 07:22:00.042  3522  3595 I AiAiEcho: #postPredictionTargets: Sending updates to UISurface home with targets# 0 (types=[])
05-11 07:22:00.049  1322  1322 D SsBaseTemplateCard: No text view can be set up
05-11 07:22:00.052  1322  1322 D SsBaseTemplateCard: Passed-in item info is null
05-11 07:22:00.052  1322  1322 D SsBaseTemplateCard: Passed-in item info is null
05-11 07:22:00.052  1322  1322 D SsBaseTemplateCard: Passed-in item info is null
05-11 07:22:00.052  1322  1322 I SsBaseTemplateCard: Secondary card pane is null
05-11 07:22:00.088   894   894 W PageIndicator: Total number of pages invalid: 0. Assuming 1 page.
05-11 07:22:00.134   894  1088 D EGL_emulation: app_time_stats: avg=46404.35ms min=46404.35ms max=46404.35ms count=1
05-11 07:22:00.161  1322  1886 D EGL_emulation: app_time_stats: avg=60023.75ms min=60023.75ms max=60023.75ms count=1
05-11 07:22:00.193   445   445 E SurfaceFlinger: Out of order buffers detected for RequestedLayerState{com.google.android.apps.nexuslauncher/com.google.android.apps.nexuslauncher.NexusLauncherActivity#191 parentId=189} producedId=13 frameNumber=53 -> producedId=13 frameNumber=23
05-11 07:22:02.739  5234  5267 E bluetooth: system/gd/os/linux_generic/files.cc:223 FileCreatedTime: unable to read '/data/misc/bluetooth/logs/btsnooz_hci.log' file metadata, error: No such file or directory
05-11 07:22:16.223  2838  2939 I BistoHotwordHelper: (REDACTED) getHotwordActive::active query: %s, watch: %s, devices connected: %s
05-11 07:22:40.815   605   850 D androidtc: Initializing SystemTextClassifier, type = System
05-11 07:22:40.834   894   894 I ClipboardListener: Clipboard overlay suppressed.
05-11 07:22:40.834  3522  3522 I AiAiTextClassifier: onCreateTextClassificationSession = TextClassificationSessionId {143e2ee7-f995-490d-ac5c-91a987550d86}
05-11 07:22:40.854  3522  3606 I AiAiTranslate: C2T - not in a conversation
05-11 07:22:40.899  3522  3613 I AiAiTextClassifier: GenerateLinks did not find valid links, returning empty result
05-11 07:22:40.904   894   894 I ClipboardListener: Clipboard overlay suppressed.
05-11 07:22:40.913  3522  3613 I AiAiTextClassifier: GenerateLinks did not find valid links, returning empty result
05-11 07:22:43.625   605   850 D androidtc: Initializing SystemTextClassifier, type = System
05-11 07:22:43.628  3522  3522 I AiAiTextClassifier: onCreateTextClassificationSession = TextClassificationSessionId {6cee1320-237f-4061-bdc6-a31d515806e7}
05-11 07:22:43.630  3522  3606 I AiAiTranslate: C2T - not in a conversation
05-11 07:22:43.631   894   894 I ClipboardListener: Clipboard overlay suppressed.
05-11 07:22:43.642  3522  3613 I AiAiTextClassifier: GenerateLinks did not find valid links, returning empty result
05-11 07:22:43.645   894   894 I ClipboardListener: Clipboard overlay suppressed.
05-11 07:22:43.653  3522  3613 I AiAiTextClassifier: GenerateLinks did not find valid links, returning empty result
05-11 07:22:45.962   605  1401 D WifiNl80211Manager: Scan result ready event
05-11 07:22:45.962   605  1401 D WifiNative: Scan result ready event
05-11 07:22:45.971   605   771 I HalDevMgr: bestIfaceCreationProposal is null, requestIface=STA, existingIface=[name=wlan0 type=STA]
05-11 07:22:53.739   894  1088 D EGL_emulation: app_time_stats: avg=53604.84ms min=53604.84ms max=53604.84ms count=1
05-11 07:23:00.024  3522  3595 I AiAiEcho: Predicting[0]:  [CONTEXT sampling_count=5 ]
05-11 07:23:00.024  3522  3595 I AiAiEcho: EchoTargets: 
05-11 07:23:00.024  3522  3595 I AiAiEcho: Filtered by AiAi flag check: 
05-11 07:23:00.024  3522  3595 I AiAiEcho: [CONTEXT ratelimit_period="10 SECONDS" ]
05-11 07:23:00.025  3522  3595 I AiAiEcho: Ranked targets strategy: SORT, count: 0, ranking metadata:  [CONTEXT ratelimit_period="10 SECONDS" ]
05-11 07:23:00.026  3522  3595 I AiAiEcho: #remoteViewsTwiddler: feature disabled.
05-11 07:23:00.026  3522  3595 I AiAiEcho: Predicting[0]:  [CONTEXT sampling_count=5 ]
05-11 07:23:00.026  3522  3595 I AiAiEcho: EchoTargets: 
05-11 07:23:00.026  3522  3595 I AiAiEcho: Filtered by AiAi flag check: 
05-11 07:23:00.026  3522  3595 I AiAiEcho: [CONTEXT ratelimit_period="10 SECONDS" ]
